[2024-04-29T11:05:34.400-0500][gc,heap] Heap region size: 1M
[2024-04-29T11:05:34.410-0500][gc     ] Using G1
[2024-04-29T11:05:34.410-0500][gc,heap,coops] Heap address: 0x00000000c0000000, size: 1024 MB, Compressed Oops mode: 32-bit
[2024-04-29T11:05:34.410-0500][gc,cds       ] Mark closed archive regions in map: [0x00000000ffc00000, 0x00000000ffc6bff8]
[2024-04-29T11:05:34.410-0500][gc,cds       ] Mark open archive regions in map: [0x00000000ff800000, 0x00000000ff847ff8]
[2024-04-29T11:05:34.919-0500][gc,start     ] GC(0) Pause Young (Normal) (G1 Evacuation Pause)
[2024-04-29T11:05:34.921-0500][gc,task      ] GC(0) Using 15 workers of 15 for evacuation
[2024-04-29T11:05:34.925-0500][gc,phases    ] GC(0)   Pre Evacuate Collection Set: 0.0ms
[2024-04-29T11:05:34.925-0500][gc,phases    ] GC(0)   Evacuate Collection Set: 4.4ms
[2024-04-29T11:05:34.925-0500][gc,phases    ] GC(0)   Post Evacuate Collection Set: 0.4ms
[2024-04-29T11:05:34.925-0500][gc,phases    ] GC(0)   Other: 1.2ms
[2024-04-29T11:05:34.925-0500][gc,heap      ] GC(0) Eden regions: 51->0(44)
[2024-04-29T11:05:34.925-0500][gc,heap      ] GC(0) Survivor regions: 0->7(7)
[2024-04-29T11:05:34.925-0500][gc,heap      ] GC(0) Old regions: 2->3
[2024-04-29T11:05:34.925-0500][gc,heap      ] GC(0) Humongous regions: 0->0
[2024-04-29T11:05:34.925-0500][gc,metaspace ] GC(0) Metaspace: 13950K(14848K)->13950K(14848K) NonClass: 12234K(12800K)->12234K(12800K) Class: 1716K(2048K)->1716K(2048K)
[2024-04-29T11:05:34.925-0500][gc           ] GC(0) Pause Young (Normal) (G1 Evacuation Pause) 51M->7M(1024M) 5.950ms
[2024-04-29T11:05:34.925-0500][gc,cpu       ] GC(0) User=0.06s Sys=0.00s Real=0.01s
[2024-04-29T11:05:35.204-0500][gc,start     ] GC(1) Pause Young (Concurrent Start) (Metadata GC Threshold)
[2024-04-29T11:05:35.204-0500][gc,task      ] GC(1) Using 15 workers of 15 for evacuation
[2024-04-29T11:05:35.213-0500][gc,phases    ] GC(1)   Pre Evacuate Collection Set: 0.1ms
[2024-04-29T11:05:35.213-0500][gc,phases    ] GC(1)   Evacuate Collection Set: 8.3ms
[2024-04-29T11:05:35.213-0500][gc,phases    ] GC(1)   Post Evacuate Collection Set: 0.3ms
[2024-04-29T11:05:35.213-0500][gc,phases    ] GC(1)   Other: 0.2ms
[2024-04-29T11:05:35.213-0500][gc,heap      ] GC(1) Eden regions: 30->0(49)
[2024-04-29T11:05:35.213-0500][gc,heap      ] GC(1) Survivor regions: 7->2(7)
[2024-04-29T11:05:35.213-0500][gc,heap      ] GC(1) Old regions: 3->10
[2024-04-29T11:05:35.213-0500][gc,heap      ] GC(1) Humongous regions: 0->0
[2024-04-29T11:05:35.213-0500][gc,metaspace ] GC(1) Metaspace: 20474K(21296K)->20474K(21296K) NonClass: 18022K(18608K)->18022K(18608K) Class: 2451K(2688K)->2451K(2688K)
[2024-04-29T11:05:35.213-0500][gc           ] GC(1) Pause Young (Concurrent Start) (Metadata GC Threshold) 37M->9M(1024M) 8.858ms
[2024-04-29T11:05:35.213-0500][gc,cpu       ] GC(1) User=0.08s Sys=0.00s Real=0.01s
[2024-04-29T11:05:35.213-0500][gc           ] GC(2) Concurrent Cycle
[2024-04-29T11:05:35.213-0500][gc,marking   ] GC(2) Concurrent Clear Claimed Marks
[2024-04-29T11:05:35.213-0500][gc,marking   ] GC(2) Concurrent Clear Claimed Marks 0.010ms
[2024-04-29T11:05:35.213-0500][gc,marking   ] GC(2) Concurrent Scan Root Regions
[2024-04-29T11:05:35.214-0500][gc,marking   ] GC(2) Concurrent Scan Root Regions 0.616ms
[2024-04-29T11:05:35.214-0500][gc,marking   ] GC(2) Concurrent Mark (0.816s)
[2024-04-29T11:05:35.214-0500][gc,marking   ] GC(2) Concurrent Mark From Roots
[2024-04-29T11:05:35.214-0500][gc,task      ] GC(2) Using 4 workers of 4 for marking
[2024-04-29T11:05:35.216-0500][gc,marking   ] GC(2) Concurrent Mark From Roots 2.284ms
[2024-04-29T11:05:35.216-0500][gc,marking   ] GC(2) Concurrent Preclean
[2024-04-29T11:05:35.216-0500][gc,marking   ] GC(2) Concurrent Preclean 0.073ms
[2024-04-29T11:05:35.216-0500][gc,marking   ] GC(2) Concurrent Mark (0.816s, 0.819s) 2.381ms
[2024-04-29T11:05:35.216-0500][gc,start     ] GC(2) Pause Remark
[2024-04-29T11:05:35.217-0500][gc,stringtable] GC(2) Cleaned string and symbol table, strings: 5674 processed, 0 removed, symbols: 53747 processed, 43 removed
[2024-04-29T11:05:35.217-0500][gc            ] GC(2) Pause Remark 9M->9M(1024M) 1.001ms
[2024-04-29T11:05:35.217-0500][gc,cpu        ] GC(2) User=0.01s Sys=0.00s Real=0.00s
[2024-04-29T11:05:35.217-0500][gc,marking    ] GC(2) Concurrent Rebuild Remembered Sets
[2024-04-29T11:05:35.218-0500][gc,marking    ] GC(2) Concurrent Rebuild Remembered Sets 1.193ms
[2024-04-29T11:05:35.218-0500][gc,start      ] GC(2) Pause Cleanup
[2024-04-29T11:05:35.218-0500][gc            ] GC(2) Pause Cleanup 9M->9M(1024M) 0.068ms
[2024-04-29T11:05:35.218-0500][gc,cpu        ] GC(2) User=0.00s Sys=0.00s Real=0.00s
[2024-04-29T11:05:35.219-0500][gc,marking    ] GC(2) Concurrent Cleanup for Next Mark
[2024-04-29T11:05:35.220-0500][gc,marking    ] GC(2) Concurrent Cleanup for Next Mark 1.526ms
[2024-04-29T11:05:35.220-0500][gc            ] GC(2) Concurrent Cycle 7.024ms
[2024-04-29T11:05:35.607-0500][gc,start      ] GC(3) Pause Young (Normal) (G1 Evacuation Pause)
[2024-04-29T11:05:35.607-0500][gc,task       ] GC(3) Using 15 workers of 15 for evacuation
[2024-04-29T11:05:35.609-0500][gc,phases     ] GC(3)   Pre Evacuate Collection Set: 0.0ms
[2024-04-29T11:05:35.609-0500][gc,phases     ] GC(3)   Evacuate Collection Set: 1.4ms
[2024-04-29T11:05:35.609-0500][gc,phases     ] GC(3)   Post Evacuate Collection Set: 0.3ms
[2024-04-29T11:05:35.609-0500][gc,phases     ] GC(3)   Other: 0.1ms
[2024-04-29T11:05:35.609-0500][gc,heap       ] GC(3) Eden regions: 49->0(47)
[2024-04-29T11:05:35.609-0500][gc,heap       ] GC(3) Survivor regions: 2->4(7)
[2024-04-29T11:05:35.609-0500][gc,heap       ] GC(3) Old regions: 10->10
[2024-04-29T11:05:35.609-0500][gc,heap       ] GC(3) Humongous regions: 129->129
[2024-04-29T11:05:35.609-0500][gc,metaspace  ] GC(3) Metaspace: 28902K(30076K)->28902K(30076K) NonClass: 25554K(26288K)->25554K(26288K) Class: 3348K(3788K)->3348K(3788K)
[2024-04-29T11:05:35.609-0500][gc            ] GC(3) Pause Young (Normal) (G1 Evacuation Pause) 187M->141M(1024M) 1.901ms
[2024-04-29T11:05:35.609-0500][gc,cpu        ] GC(3) User=0.02s Sys=0.00s Real=0.00s
[2024-04-29T11:05:35.809-0500][gc,start      ] GC(4) Pause Young (Concurrent Start) (Metadata GC Threshold)
[2024-04-29T11:05:35.809-0500][gc,task       ] GC(4) Using 15 workers of 15 for evacuation
[2024-04-29T11:05:35.814-0500][gc,phases     ] GC(4)   Pre Evacuate Collection Set: 0.1ms
[2024-04-29T11:05:35.814-0500][gc,phases     ] GC(4)   Evacuate Collection Set: 4.0ms
[2024-04-29T11:05:35.814-0500][gc,phases     ] GC(4)   Post Evacuate Collection Set: 0.3ms
[2024-04-29T11:05:35.814-0500][gc,phases     ] GC(4)   Other: 0.2ms
[2024-04-29T11:05:35.814-0500][gc,heap       ] GC(4) Eden regions: 34->0(45)
[2024-04-29T11:05:35.814-0500][gc,heap       ] GC(4) Survivor regions: 4->6(7)
[2024-04-29T11:05:35.814-0500][gc,heap       ] GC(4) Old regions: 10->11
[2024-04-29T11:05:35.814-0500][gc,heap       ] GC(4) Humongous regions: 129->129
[2024-04-29T11:05:35.814-0500][gc,metaspace  ] GC(4) Metaspace: 34692K(35964K)->34692K(35964K) NonClass: 30729K(31408K)->30729K(31408K) Class: 3963K(4556K)->3963K(4556K)
[2024-04-29T11:05:35.814-0500][gc            ] GC(4) Pause Young (Concurrent Start) (Metadata GC Threshold) 174M->143M(1024M) 4.558ms
[2024-04-29T11:05:35.814-0500][gc,cpu        ] GC(4) User=0.03s Sys=0.00s Real=0.01s
[2024-04-29T11:05:35.814-0500][gc            ] GC(5) Concurrent Cycle
[2024-04-29T11:05:35.814-0500][gc,marking    ] GC(5) Concurrent Clear Claimed Marks
[2024-04-29T11:05:35.814-0500][gc,marking    ] GC(5) Concurrent Clear Claimed Marks 0.030ms
[2024-04-29T11:05:35.814-0500][gc,marking    ] GC(5) Concurrent Scan Root Regions
[2024-04-29T11:05:35.815-0500][gc,marking    ] GC(5) Concurrent Scan Root Regions 0.944ms
[2024-04-29T11:05:35.815-0500][gc,marking    ] GC(5) Concurrent Mark (1.418s)
[2024-04-29T11:05:35.815-0500][gc,marking    ] GC(5) Concurrent Mark From Roots
[2024-04-29T11:05:35.815-0500][gc,task       ] GC(5) Using 4 workers of 4 for marking
[2024-04-29T11:05:35.819-0500][gc,marking    ] GC(5) Concurrent Mark From Roots 4.145ms
[2024-04-29T11:05:35.819-0500][gc,marking    ] GC(5) Concurrent Preclean
[2024-04-29T11:05:35.819-0500][gc,marking    ] GC(5) Concurrent Preclean 0.090ms
[2024-04-29T11:05:35.819-0500][gc,marking    ] GC(5) Concurrent Mark (1.418s, 1.422s) 4.257ms
[2024-04-29T11:05:35.819-0500][gc,start      ] GC(5) Pause Remark
[2024-04-29T11:05:35.820-0500][gc,stringtable] GC(5) Cleaned string and symbol table, strings: 10466 processed, 10 removed, symbols: 87751 processed, 19 removed
[2024-04-29T11:05:35.820-0500][gc            ] GC(5) Pause Remark 145M->145M(1024M) 1.088ms
[2024-04-29T11:05:35.820-0500][gc,cpu        ] GC(5) User=0.01s Sys=0.00s Real=0.00s
[2024-04-29T11:05:35.820-0500][gc,marking    ] GC(5) Concurrent Rebuild Remembered Sets
[2024-04-29T11:05:35.822-0500][gc,marking    ] GC(5) Concurrent Rebuild Remembered Sets 1.624ms
[2024-04-29T11:05:35.822-0500][gc,start      ] GC(5) Pause Cleanup
[2024-04-29T11:05:35.822-0500][gc            ] GC(5) Pause Cleanup 145M->145M(1024M) 0.102ms
[2024-04-29T11:05:35.822-0500][gc,cpu        ] GC(5) User=0.00s Sys=0.00s Real=0.00s
[2024-04-29T11:05:35.822-0500][gc,marking    ] GC(5) Concurrent Cleanup for Next Mark
[2024-04-29T11:05:35.824-0500][gc,marking    ] GC(5) Concurrent Cleanup for Next Mark 1.745ms
[2024-04-29T11:05:35.824-0500][gc            ] GC(5) Concurrent Cycle 10.120ms
[2024-04-29T11:06:51.284-0500][gc,start      ] GC(6) Pause Young (Normal) (G1 Evacuation Pause)
[2024-04-29T11:06:51.284-0500][gc,task       ] GC(6) Using 15 workers of 15 for evacuation
[2024-04-29T11:06:51.291-0500][gc,phases     ] GC(6)   Pre Evacuate Collection Set: 0.0ms
[2024-04-29T11:06:51.291-0500][gc,phases     ] GC(6)   Evacuate Collection Set: 5.8ms
[2024-04-29T11:06:51.291-0500][gc,phases     ] GC(6)   Post Evacuate Collection Set: 0.8ms
[2024-04-29T11:06:51.291-0500][gc,phases     ] GC(6)   Other: 0.2ms
[2024-04-29T11:06:51.291-0500][gc,heap       ] GC(6) Eden regions: 45->0(45)
[2024-04-29T11:06:51.291-0500][gc,heap       ] GC(6) Survivor regions: 6->6(7)
[2024-04-29T11:06:51.291-0500][gc,heap       ] GC(6) Old regions: 11->14
[2024-04-29T11:06:51.291-0500][gc,heap       ] GC(6) Humongous regions: 131->129
[2024-04-29T11:06:51.291-0500][gc,metaspace  ] GC(6) Metaspace: 41396K(43644K)->41396K(43644K) NonClass: 36172K(37296K)->36172K(37296K) Class: 5224K(6348K)->5224K(6348K)
[2024-04-29T11:06:51.291-0500][gc            ] GC(6) Pause Young (Normal) (G1 Evacuation Pause) 190M->146M(1024M) 6.985ms
[2024-04-29T11:06:51.291-0500][gc,cpu        ] GC(6) User=0.07s Sys=0.00s Real=0.00s
[2024-04-29T11:06:51.954-0500][gc,start      ] GC(7) Pause Young (Normal) (G1 Evacuation Pause)
[2024-04-29T11:06:51.954-0500][gc,task       ] GC(7) Using 15 workers of 15 for evacuation
[2024-04-29T11:06:51.957-0500][gc,phases     ] GC(7)   Pre Evacuate Collection Set: 0.0ms
[2024-04-29T11:06:51.957-0500][gc,phases     ] GC(7)   Evacuate Collection Set: 2.4ms
[2024-04-29T11:06:51.957-0500][gc,phases     ] GC(7)   Post Evacuate Collection Set: 0.7ms
[2024-04-29T11:06:51.957-0500][gc,phases     ] GC(7)   Other: 0.2ms
[2024-04-29T11:06:51.957-0500][gc,heap       ] GC(7) Eden regions: 45->0(46)
[2024-04-29T11:06:51.957-0500][gc,heap       ] GC(7) Survivor regions: 6->5(7)
[2024-04-29T11:06:51.957-0500][gc,heap       ] GC(7) Old regions: 14->16
[2024-04-29T11:06:51.957-0500][gc,heap       ] GC(7) Humongous regions: 129->129
[2024-04-29T11:06:51.957-0500][gc,metaspace  ] GC(7) Metaspace: 43984K(46716K)->43984K(46716K) NonClass: 38428K(39856K)->38428K(39856K) Class: 5555K(6860K)->5555K(6860K)
[2024-04-29T11:06:51.957-0500][gc            ] GC(7) Pause Young (Normal) (G1 Evacuation Pause) 191M->147M(1024M) 3.369ms
[2024-04-29T11:06:51.957-0500][gc,cpu        ] GC(7) User=0.03s Sys=0.00s Real=0.00s
[2024-04-29T11:06:52.443-0500][gc,start      ] GC(8) Pause Young (Normal) (G1 Evacuation Pause)
[2024-04-29T11:06:52.443-0500][gc,task       ] GC(8) Using 15 workers of 15 for evacuation
[2024-04-29T11:06:52.445-0500][gc,phases     ] GC(8)   Pre Evacuate Collection Set: 0.0ms
[2024-04-29T11:06:52.445-0500][gc,phases     ] GC(8)   Evacuate Collection Set: 1.8ms
[2024-04-29T11:06:52.445-0500][gc,phases     ] GC(8)   Post Evacuate Collection Set: 0.4ms
[2024-04-29T11:06:52.445-0500][gc,phases     ] GC(8)   Other: 0.1ms
[2024-04-29T11:06:52.445-0500][gc,heap       ] GC(8) Eden regions: 46->0(49)
[2024-04-29T11:06:52.445-0500][gc,heap       ] GC(8) Survivor regions: 5->2(7)
[2024-04-29T11:06:52.445-0500][gc,heap       ] GC(8) Old regions: 16->19
[2024-04-29T11:06:52.445-0500][gc,heap       ] GC(8) Humongous regions: 129->129
[2024-04-29T11:06:52.445-0500][gc,metaspace  ] GC(8) Metaspace: 43995K(46716K)->43995K(46716K) NonClass: 38439K(39856K)->38439K(39856K) Class: 5555K(6860K)->5555K(6860K)
[2024-04-29T11:06:52.445-0500][gc            ] GC(8) Pause Young (Normal) (G1 Evacuation Pause) 193M->147M(1024M) 2.508ms
[2024-04-29T11:06:52.445-0500][gc,cpu        ] GC(8) User=0.03s Sys=0.00s Real=0.01s
[2024-04-29T11:06:52.821-0500][gc,start      ] GC(9) Pause Young (Normal) (G1 Evacuation Pause)
[2024-04-29T11:06:52.821-0500][gc,task       ] GC(9) Using 15 workers of 15 for evacuation
[2024-04-29T11:06:52.823-0500][gc,phases     ] GC(9)   Pre Evacuate Collection Set: 0.0ms
[2024-04-29T11:06:52.823-0500][gc,phases     ] GC(9)   Evacuate Collection Set: 1.1ms
[2024-04-29T11:06:52.823-0500][gc,phases     ] GC(9)   Post Evacuate Collection Set: 0.3ms
[2024-04-29T11:06:52.823-0500][gc,phases     ] GC(9)   Other: 0.1ms
[2024-04-29T11:06:52.823-0500][gc,heap       ] GC(9) Eden regions: 49->0(52)
[2024-04-29T11:06:52.823-0500][gc,heap       ] GC(9) Survivor regions: 2->3(7)
[2024-04-29T11:06:52.823-0500][gc,heap       ] GC(9) Old regions: 19->19
[2024-04-29T11:06:52.823-0500][gc,heap       ] GC(9) Humongous regions: 129->129
[2024-04-29T11:06:52.823-0500][gc,metaspace  ] GC(9) Metaspace: 44027K(46716K)->44027K(46716K) NonClass: 38470K(39856K)->38470K(39856K) Class: 5556K(6860K)->5556K(6860K)
[2024-04-29T11:06:52.823-0500][gc            ] GC(9) Pause Young (Normal) (G1 Evacuation Pause) 196M->148M(1024M) 1.626ms
[2024-04-29T11:06:52.823-0500][gc,cpu        ] GC(9) User=0.01s Sys=0.00s Real=0.00s
[2024-04-29T11:06:53.193-0500][gc,start      ] GC(10) Pause Young (Normal) (G1 Evacuation Pause)
[2024-04-29T11:06:53.193-0500][gc,task       ] GC(10) Using 15 workers of 15 for evacuation
[2024-04-29T11:06:53.195-0500][gc,phases     ] GC(10)   Pre Evacuate Collection Set: 0.0ms
[2024-04-29T11:06:53.195-0500][gc,phases     ] GC(10)   Evacuate Collection Set: 1.5ms
[2024-04-29T11:06:53.195-0500][gc,phases     ] GC(10)   Post Evacuate Collection Set: 0.3ms
[2024-04-29T11:06:53.195-0500][gc,phases     ] GC(10)   Other: 0.2ms
[2024-04-29T11:06:53.195-0500][gc,heap       ] GC(10) Eden regions: 52->0(88)
[2024-04-29T11:06:53.195-0500][gc,heap       ] GC(10) Survivor regions: 3->3(7)
[2024-04-29T11:06:53.195-0500][gc,heap       ] GC(10) Old regions: 19->19
[2024-04-29T11:06:53.195-0500][gc,heap       ] GC(10) Humongous regions: 129->129
[2024-04-29T11:06:53.195-0500][gc,metaspace  ] GC(10) Metaspace: 44194K(46716K)->44194K(46716K) NonClass: 38637K(39856K)->38637K(39856K) Class: 5556K(6860K)->5556K(6860K)
[2024-04-29T11:06:53.195-0500][gc            ] GC(10) Pause Young (Normal) (G1 Evacuation Pause) 200M->148M(1024M) 2.028ms
[2024-04-29T11:06:53.195-0500][gc,cpu        ] GC(10) User=0.02s Sys=0.00s Real=0.00s
[2024-04-29T11:06:53.824-0500][gc,start      ] GC(11) Pause Young (Normal) (G1 Evacuation Pause)
[2024-04-29T11:06:53.824-0500][gc,task       ] GC(11) Using 15 workers of 15 for evacuation
[2024-04-29T11:06:53.827-0500][gc,phases     ] GC(11)   Pre Evacuate Collection Set: 0.0ms
[2024-04-29T11:06:53.827-0500][gc,phases     ] GC(11)   Evacuate Collection Set: 2.2ms
[2024-04-29T11:06:53.827-0500][gc,phases     ] GC(11)   Post Evacuate Collection Set: 0.4ms
[2024-04-29T11:06:53.827-0500][gc,phases     ] GC(11)   Other: 0.1ms
[2024-04-29T11:06:53.827-0500][gc,heap       ] GC(11) Eden regions: 88->0(93)
[2024-04-29T11:06:53.827-0500][gc,heap       ] GC(11) Survivor regions: 3->4(12)
[2024-04-29T11:06:53.827-0500][gc,heap       ] GC(11) Old regions: 19->19
[2024-04-29T11:06:53.827-0500][gc,heap       ] GC(11) Humongous regions: 130->129
[2024-04-29T11:06:53.827-0500][gc,metaspace  ] GC(11) Metaspace: 44458K(47228K)->44458K(47228K) NonClass: 38887K(40368K)->38887K(40368K) Class: 5570K(6860K)->5570K(6860K)
[2024-04-29T11:06:53.827-0500][gc            ] GC(11) Pause Young (Normal) (G1 Evacuation Pause) 237M->149M(1024M) 2.817ms
[2024-04-29T11:06:53.827-0500][gc,cpu        ] GC(11) User=0.03s Sys=0.01s Real=0.00s
[2024-04-29T11:07:44.820-0500][gc,heap,exit  ] Heap
[2024-04-29T11:07:44.820-0500][gc,heap,exit  ]  garbage-first heap   total 1048576K, used 235202K [0x00000000c0000000, 0x0000000100000000)
[2024-04-29T11:07:44.820-0500][gc,heap,exit  ]   region size 1024K, 86 young (88064K), 4 survivors (4096K)
[2024-04-29T11:07:44.820-0500][gc,heap,exit  ]  Metaspace       used 46128K, capacity 49087K, committed 49276K, reserved 1091584K
[2024-04-29T11:07:44.820-0500][gc,heap,exit  ]   class space    used 5934K, capacity 7353K, committed 7372K, reserved 1048576K
