[2024-04-26T10:18:47.540-0500][gc,heap] Heap region size: 1M
[2024-04-26T10:18:47.550-0500][gc     ] Using G1
[2024-04-26T10:18:47.550-0500][gc,heap,coops] Heap address: 0x00000000c0000000, size: 1024 MB, Compressed Oops mode: 32-bit
[2024-04-26T10:18:47.550-0500][gc,cds       ] Mark closed archive regions in map: [0x00000000ffc00000, 0x00000000ffc6bff8]
[2024-04-26T10:18:47.550-0500][gc,cds       ] Mark open archive regions in map: [0x00000000ff800000, 0x00000000ff847ff8]
[2024-04-26T10:18:48.057-0500][gc,start     ] GC(0) Pause Young (Normal) (G1 Evacuation Pause)
[2024-04-26T10:18:48.059-0500][gc,task      ] GC(0) Using 15 workers of 15 for evacuation
[2024-04-26T10:18:48.065-0500][gc,phases    ] GC(0)   Pre Evacuate Collection Set: 0.0ms
[2024-04-26T10:18:48.065-0500][gc,phases    ] GC(0)   Evacuate Collection Set: 5.0ms
[2024-04-26T10:18:48.065-0500][gc,phases    ] GC(0)   Post Evacuate Collection Set: 0.6ms
[2024-04-26T10:18:48.065-0500][gc,phases    ] GC(0)   Other: 2.1ms
[2024-04-26T10:18:48.065-0500][gc,heap      ] GC(0) Eden regions: 51->0(44)
[2024-04-26T10:18:48.065-0500][gc,heap      ] GC(0) Survivor regions: 0->7(7)
[2024-04-26T10:18:48.065-0500][gc,heap      ] GC(0) Old regions: 2->3
[2024-04-26T10:18:48.065-0500][gc,heap      ] GC(0) Humongous regions: 0->0
[2024-04-26T10:18:48.065-0500][gc,metaspace ] GC(0) Metaspace: 14110K(14848K)->14110K(14848K) NonClass: 12381K(12800K)->12381K(12800K) Class: 1728K(2048K)->1728K(2048K)
[2024-04-26T10:18:48.065-0500][gc           ] GC(0) Pause Young (Normal) (G1 Evacuation Pause) 51M->8M(1024M) 7.829ms
[2024-04-26T10:18:48.065-0500][gc,cpu       ] GC(0) User=0.07s Sys=0.01s Real=0.01s
[2024-04-26T10:19:06.981-0500][gc,heap,exit ] Heap
[2024-04-26T10:19:06.981-0500][gc,heap,exit ]  garbage-first heap   total 1048576K, used 18753K [0x00000000c0000000, 0x0000000100000000)
[2024-04-26T10:19:06.981-0500][gc,heap,exit ]   region size 1024K, 18 young (18432K), 7 survivors (7168K)
[2024-04-26T10:19:06.981-0500][gc,heap,exit ]  Metaspace       used 15921K, capacity 16504K, committed 16896K, reserved 1064960K
[2024-04-26T10:19:06.981-0500][gc,heap,exit ]   class space    used 1954K, capacity 2185K, committed 2304K, reserved 1048576K
