[2024-04-26T16:15:15.283-0500][gc,heap] Heap region size: 1M
[2024-04-26T16:15:15.293-0500][gc     ] Using G1
[2024-04-26T16:15:15.293-0500][gc,heap,coops] Heap address: 0x00000000c0000000, size: 1024 MB, Compressed Oops mode: 32-bit
[2024-04-26T16:15:15.293-0500][gc,cds       ] Mark closed archive regions in map: [0x00000000ffc00000, 0x00000000ffc6bff8]
[2024-04-26T16:15:15.293-0500][gc,cds       ] Mark open archive regions in map: [0x00000000ff800000, 0x00000000ff847ff8]
[2024-04-26T16:15:15.819-0500][gc,start     ] GC(0) Pause Young (Normal) (G1 Evacuation Pause)
[2024-04-26T16:15:15.820-0500][gc,task      ] GC(0) Using 15 workers of 15 for evacuation
[2024-04-26T16:15:15.825-0500][gc,phases    ] GC(0)   Pre Evacuate Collection Set: 0.0ms
[2024-04-26T16:15:15.825-0500][gc,phases    ] GC(0)   Evacuate Collection Set: 5.0ms
[2024-04-26T16:15:15.825-0500][gc,phases    ] GC(0)   Post Evacuate Collection Set: 0.3ms
[2024-04-26T16:15:15.825-0500][gc,phases    ] GC(0)   Other: 1.3ms
[2024-04-26T16:15:15.825-0500][gc,heap      ] GC(0) Eden regions: 51->0(44)
[2024-04-26T16:15:15.825-0500][gc,heap      ] GC(0) Survivor regions: 0->7(7)
[2024-04-26T16:15:15.825-0500][gc,heap      ] GC(0) Old regions: 2->3
[2024-04-26T16:15:15.825-0500][gc,heap      ] GC(0) Humongous regions: 0->0
[2024-04-26T16:15:15.825-0500][gc,metaspace ] GC(0) Metaspace: 14145K(14848K)->14145K(14848K) NonClass: 12413K(12800K)->12413K(12800K) Class: 1732K(2048K)->1732K(2048K)
[2024-04-26T16:15:15.825-0500][gc           ] GC(0) Pause Young (Normal) (G1 Evacuation Pause) 51M->8M(1024M) 6.720ms
[2024-04-26T16:15:15.825-0500][gc,cpu       ] GC(0) User=0.07s Sys=0.00s Real=0.01s
[2024-04-26T16:15:16.040-0500][gc,start     ] GC(1) Pause Young (Concurrent Start) (Metadata GC Threshold)
[2024-04-26T16:15:16.040-0500][gc,task      ] GC(1) Using 15 workers of 15 for evacuation
[2024-04-26T16:15:16.049-0500][gc,phases    ] GC(1)   Pre Evacuate Collection Set: 0.1ms
[2024-04-26T16:15:16.049-0500][gc,phases    ] GC(1)   Evacuate Collection Set: 8.6ms
[2024-04-26T16:15:16.049-0500][gc,phases    ] GC(1)   Post Evacuate Collection Set: 0.3ms
[2024-04-26T16:15:16.049-0500][gc,phases    ] GC(1)   Other: 0.2ms
[2024-04-26T16:15:16.049-0500][gc,heap      ] GC(1) Eden regions: 29->0(49)
[2024-04-26T16:15:16.049-0500][gc,heap      ] GC(1) Survivor regions: 7->2(7)
[2024-04-26T16:15:16.049-0500][gc,heap      ] GC(1) Old regions: 3->10
[2024-04-26T16:15:16.049-0500][gc,heap      ] GC(1) Humongous regions: 0->0
[2024-04-26T16:15:16.049-0500][gc,metaspace ] GC(1) Metaspace: 20474K(21296K)->20474K(21296K) NonClass: 18018K(18608K)->18018K(18608K) Class: 2455K(2688K)->2455K(2688K)
[2024-04-26T16:15:16.049-0500][gc           ] GC(1) Pause Young (Concurrent Start) (Metadata GC Threshold) 36M->9M(1024M) 9.233ms
[2024-04-26T16:15:16.049-0500][gc,cpu       ] GC(1) User=0.07s Sys=0.00s Real=0.01s
[2024-04-26T16:15:16.049-0500][gc           ] GC(2) Concurrent Cycle
[2024-04-26T16:15:16.049-0500][gc,marking   ] GC(2) Concurrent Clear Claimed Marks
[2024-04-26T16:15:16.049-0500][gc,marking   ] GC(2) Concurrent Clear Claimed Marks 0.029ms
[2024-04-26T16:15:16.049-0500][gc,marking   ] GC(2) Concurrent Scan Root Regions
[2024-04-26T16:15:16.050-0500][gc,marking   ] GC(2) Concurrent Scan Root Regions 0.905ms
[2024-04-26T16:15:16.050-0500][gc,marking   ] GC(2) Concurrent Mark (0.769s)
[2024-04-26T16:15:16.050-0500][gc,marking   ] GC(2) Concurrent Mark From Roots
[2024-04-26T16:15:16.050-0500][gc,task      ] GC(2) Using 4 workers of 4 for marking
[2024-04-26T16:15:16.053-0500][gc,marking   ] GC(2) Concurrent Mark From Roots 3.001ms
[2024-04-26T16:15:16.053-0500][gc,marking   ] GC(2) Concurrent Preclean
[2024-04-26T16:15:16.053-0500][gc,marking   ] GC(2) Concurrent Preclean 0.082ms
[2024-04-26T16:15:16.053-0500][gc,marking   ] GC(2) Concurrent Mark (0.769s, 0.772s) 3.121ms
[2024-04-26T16:15:16.053-0500][gc,start     ] GC(2) Pause Remark
[2024-04-26T16:15:16.054-0500][gc,stringtable] GC(2) Cleaned string and symbol table, strings: 5625 processed, 0 removed, symbols: 53509 processed, 40 removed
[2024-04-26T16:15:16.054-0500][gc            ] GC(2) Pause Remark 10M->10M(1024M) 1.091ms
[2024-04-26T16:15:16.054-0500][gc,cpu        ] GC(2) User=0.01s Sys=0.00s Real=0.00s
[2024-04-26T16:15:16.054-0500][gc,marking    ] GC(2) Concurrent Rebuild Remembered Sets
[2024-04-26T16:15:16.056-0500][gc,marking    ] GC(2) Concurrent Rebuild Remembered Sets 1.340ms
[2024-04-26T16:15:16.056-0500][gc,start      ] GC(2) Pause Cleanup
[2024-04-26T16:15:16.056-0500][gc            ] GC(2) Pause Cleanup 10M->10M(1024M) 0.078ms
[2024-04-26T16:15:16.056-0500][gc,cpu        ] GC(2) User=0.00s Sys=0.00s Real=0.00s
[2024-04-26T16:15:16.056-0500][gc,marking    ] GC(2) Concurrent Cleanup for Next Mark
[2024-04-26T16:15:16.057-0500][gc,marking    ] GC(2) Concurrent Cleanup for Next Mark 1.691ms
[2024-04-26T16:15:16.057-0500][gc            ] GC(2) Concurrent Cycle 8.577ms
[2024-04-26T16:15:16.420-0500][gc,start      ] GC(3) Pause Young (Normal) (G1 Evacuation Pause)
[2024-04-26T16:15:16.420-0500][gc,task       ] GC(3) Using 15 workers of 15 for evacuation
[2024-04-26T16:15:16.423-0500][gc,phases     ] GC(3)   Pre Evacuate Collection Set: 0.0ms
[2024-04-26T16:15:16.423-0500][gc,phases     ] GC(3)   Evacuate Collection Set: 1.9ms
[2024-04-26T16:15:16.423-0500][gc,phases     ] GC(3)   Post Evacuate Collection Set: 0.3ms
[2024-04-26T16:15:16.423-0500][gc,phases     ] GC(3)   Other: 0.1ms
[2024-04-26T16:15:16.423-0500][gc,heap       ] GC(3) Eden regions: 49->0(47)
[2024-04-26T16:15:16.423-0500][gc,heap       ] GC(3) Survivor regions: 2->4(7)
[2024-04-26T16:15:16.423-0500][gc,heap       ] GC(3) Old regions: 10->10
[2024-04-26T16:15:16.423-0500][gc,heap       ] GC(3) Humongous regions: 129->129
[2024-04-26T16:15:16.423-0500][gc,metaspace  ] GC(3) Metaspace: 28726K(29872K)->28726K(29872K) NonClass: 25373K(26032K)->25373K(26032K) Class: 3352K(3840K)->3352K(3840K)
[2024-04-26T16:15:16.423-0500][gc            ] GC(3) Pause Young (Normal) (G1 Evacuation Pause) 187M->140M(1024M) 2.358ms
[2024-04-26T16:15:16.423-0500][gc,cpu        ] GC(3) User=0.03s Sys=0.00s Real=0.00s
[2024-04-26T16:15:16.625-0500][gc,start      ] GC(4) Pause Young (Concurrent Start) (Metadata GC Threshold)
[2024-04-26T16:15:16.625-0500][gc,task       ] GC(4) Using 15 workers of 15 for evacuation
[2024-04-26T16:15:16.628-0500][gc,phases     ] GC(4)   Pre Evacuate Collection Set: 0.1ms
[2024-04-26T16:15:16.628-0500][gc,phases     ] GC(4)   Evacuate Collection Set: 2.3ms
[2024-04-26T16:15:16.628-0500][gc,phases     ] GC(4)   Post Evacuate Collection Set: 0.4ms
[2024-04-26T16:15:16.628-0500][gc,phases     ] GC(4)   Other: 0.2ms
[2024-04-26T16:15:16.628-0500][gc,heap       ] GC(4) Eden regions: 35->0(44)
[2024-04-26T16:15:16.628-0500][gc,heap       ] GC(4) Survivor regions: 4->7(7)
[2024-04-26T16:15:16.628-0500][gc,heap       ] GC(4) Old regions: 10->10
[2024-04-26T16:15:16.628-0500][gc,heap       ] GC(4) Humongous regions: 129->129
[2024-04-26T16:15:16.628-0500][gc,metaspace  ] GC(4) Metaspace: 34463K(35708K)->34463K(35708K) NonClass: 30481K(31100K)->30481K(31100K) Class: 3982K(4608K)->3982K(4608K)
[2024-04-26T16:15:16.628-0500][gc            ] GC(4) Pause Young (Concurrent Start) (Metadata GC Threshold) 175M->143M(1024M) 2.958ms
[2024-04-26T16:15:16.628-0500][gc,cpu        ] GC(4) User=0.03s Sys=0.00s Real=0.00s
[2024-04-26T16:15:16.628-0500][gc            ] GC(5) Concurrent Cycle
[2024-04-26T16:15:16.628-0500][gc,marking    ] GC(5) Concurrent Clear Claimed Marks
[2024-04-26T16:15:16.628-0500][gc,marking    ] GC(5) Concurrent Clear Claimed Marks 0.027ms
[2024-04-26T16:15:16.628-0500][gc,marking    ] GC(5) Concurrent Scan Root Regions
[2024-04-26T16:15:16.629-0500][gc,marking    ] GC(5) Concurrent Scan Root Regions 1.183ms
[2024-04-26T16:15:16.629-0500][gc,marking    ] GC(5) Concurrent Mark (1.348s)
[2024-04-26T16:15:16.629-0500][gc,marking    ] GC(5) Concurrent Mark From Roots
[2024-04-26T16:15:16.629-0500][gc,task       ] GC(5) Using 4 workers of 4 for marking
[2024-04-26T16:15:16.632-0500][gc,marking    ] GC(5) Concurrent Mark From Roots 3.207ms
[2024-04-26T16:15:16.632-0500][gc,marking    ] GC(5) Concurrent Preclean
[2024-04-26T16:15:16.632-0500][gc,marking    ] GC(5) Concurrent Preclean 0.098ms
[2024-04-26T16:15:16.632-0500][gc,marking    ] GC(5) Concurrent Mark (1.348s, 1.351s) 3.331ms
[2024-04-26T16:15:16.633-0500][gc,start      ] GC(5) Pause Remark
[2024-04-26T16:15:16.634-0500][gc,stringtable] GC(5) Cleaned string and symbol table, strings: 9686 processed, 10 removed, symbols: 86259 processed, 16 removed
[2024-04-26T16:15:16.634-0500][gc            ] GC(5) Pause Remark 144M->144M(1024M) 1.130ms
[2024-04-26T16:15:16.634-0500][gc,cpu        ] GC(5) User=0.02s Sys=0.00s Real=0.00s
[2024-04-26T16:15:16.634-0500][gc,marking    ] GC(5) Concurrent Rebuild Remembered Sets
[2024-04-26T16:15:16.635-0500][gc,marking    ] GC(5) Concurrent Rebuild Remembered Sets 1.212ms
[2024-04-26T16:15:16.635-0500][gc,start      ] GC(5) Pause Cleanup
[2024-04-26T16:15:16.635-0500][gc            ] GC(5) Pause Cleanup 145M->145M(1024M) 0.067ms
[2024-04-26T16:15:16.635-0500][gc,cpu        ] GC(5) User=0.01s Sys=0.00s Real=0.00s
[2024-04-26T16:15:16.635-0500][gc,marking    ] GC(5) Concurrent Cleanup for Next Mark
[2024-04-26T16:15:16.637-0500][gc,marking    ] GC(5) Concurrent Cleanup for Next Mark 1.609ms
[2024-04-26T16:15:16.637-0500][gc            ] GC(5) Concurrent Cycle 8.935ms
[2024-04-26T16:16:12.383-0500][gc,start      ] GC(6) Pause Young (Normal) (G1 Evacuation Pause)
[2024-04-26T16:16:12.383-0500][gc,task       ] GC(6) Using 15 workers of 15 for evacuation
[2024-04-26T16:16:12.387-0500][gc,phases     ] GC(6)   Pre Evacuate Collection Set: 0.0ms
[2024-04-26T16:16:12.387-0500][gc,phases     ] GC(6)   Evacuate Collection Set: 2.8ms
[2024-04-26T16:16:12.387-0500][gc,phases     ] GC(6)   Post Evacuate Collection Set: 0.4ms
[2024-04-26T16:16:12.387-0500][gc,phases     ] GC(6)   Other: 0.1ms
[2024-04-26T16:16:12.387-0500][gc,heap       ] GC(6) Eden regions: 44->0(45)
[2024-04-26T16:16:12.387-0500][gc,heap       ] GC(6) Survivor regions: 7->6(7)
[2024-04-26T16:16:12.387-0500][gc,heap       ] GC(6) Old regions: 10->13
[2024-04-26T16:16:12.387-0500][gc,heap       ] GC(6) Humongous regions: 129->129
[2024-04-26T16:16:12.387-0500][gc,metaspace  ] GC(6) Metaspace: 40782K(43004K)->40782K(43004K) NonClass: 35673K(36732K)->35673K(36732K) Class: 5109K(6272K)->5109K(6272K)
[2024-04-26T16:16:12.387-0500][gc            ] GC(6) Pause Young (Normal) (G1 Evacuation Pause) 187M->146M(1024M) 3.422ms
[2024-04-26T16:16:12.387-0500][gc,cpu        ] GC(6) User=0.04s Sys=0.01s Real=0.01s
[2024-04-26T16:20:56.750-0500][gc,start      ] GC(7) Pause Young (Normal) (G1 Evacuation Pause)
[2024-04-26T16:20:56.750-0500][gc,task       ] GC(7) Using 15 workers of 15 for evacuation
[2024-04-26T16:20:56.757-0500][gc,phases     ] GC(7)   Pre Evacuate Collection Set: 0.0ms
[2024-04-26T16:20:56.757-0500][gc,phases     ] GC(7)   Evacuate Collection Set: 5.5ms
[2024-04-26T16:20:56.757-0500][gc,phases     ] GC(7)   Post Evacuate Collection Set: 1.3ms
[2024-04-26T16:20:56.757-0500][gc,phases     ] GC(7)   Other: 0.3ms
[2024-04-26T16:20:56.757-0500][gc,heap       ] GC(7) Eden regions: 45->0(44)
[2024-04-26T16:20:56.757-0500][gc,heap       ] GC(7) Survivor regions: 6->7(7)
[2024-04-26T16:20:56.757-0500][gc,heap       ] GC(7) Old regions: 13->16
[2024-04-26T16:20:56.757-0500][gc,heap       ] GC(7) Humongous regions: 129->129
[2024-04-26T16:20:56.757-0500][gc,metaspace  ] GC(7) Metaspace: 44805K(47612K)->44805K(47612K) NonClass: 39086K(40572K)->39086K(40572K) Class: 5718K(7040K)->5718K(7040K)
[2024-04-26T16:20:56.757-0500][gc            ] GC(7) Pause Young (Normal) (G1 Evacuation Pause) 191M->149M(1024M) 7.320ms
[2024-04-26T16:20:56.757-0500][gc,cpu        ] GC(7) User=0.08s Sys=0.00s Real=0.01s
[2024-04-26T16:26:37.688-0500][gc,start      ] GC(8) Pause Young (Normal) (G1 Evacuation Pause)
[2024-04-26T16:26:37.688-0500][gc,task       ] GC(8) Using 15 workers of 15 for evacuation
[2024-04-26T16:26:37.693-0500][gc,phases     ] GC(8)   Pre Evacuate Collection Set: 0.1ms
[2024-04-26T16:26:37.693-0500][gc,phases     ] GC(8)   Evacuate Collection Set: 4.3ms
[2024-04-26T16:26:37.693-0500][gc,phases     ] GC(8)   Post Evacuate Collection Set: 1.0ms
[2024-04-26T16:26:37.693-0500][gc,phases     ] GC(8)   Other: 0.3ms
[2024-04-26T16:26:37.693-0500][gc,heap       ] GC(8) Eden regions: 44->0(46)
[2024-04-26T16:26:37.693-0500][gc,heap       ] GC(8) Survivor regions: 7->5(7)
[2024-04-26T16:26:37.693-0500][gc,heap       ] GC(8) Old regions: 16->19
[2024-04-26T16:26:37.693-0500][gc,heap       ] GC(8) Humongous regions: 129->129
[2024-04-26T16:26:37.693-0500][gc,metaspace  ] GC(8) Metaspace: 45008K(47996K)->45008K(47996K) NonClass: 39250K(40828K)->39250K(40828K) Class: 5758K(7168K)->5758K(7168K)
[2024-04-26T16:26:37.693-0500][gc            ] GC(8) Pause Young (Normal) (G1 Evacuation Pause) 193M->150M(1024M) 5.823ms
[2024-04-26T16:26:37.693-0500][gc,cpu        ] GC(8) User=0.07s Sys=0.00s Real=0.01s
[2024-04-26T16:29:03.623-0500][gc,heap,exit  ] Heap
[2024-04-26T16:29:03.623-0500][gc,heap,exit  ]  garbage-first heap   total 1048576K, used 177195K [0x00000000c0000000, 0x0000000100000000)
[2024-04-26T16:29:03.623-0500][gc,heap,exit  ]   region size 1024K, 30 young (30720K), 5 survivors (5120K)
[2024-04-26T16:29:03.623-0500][gc,heap,exit  ]  Metaspace       used 46107K, capacity 49011K, committed 49148K, reserved 1091584K
[2024-04-26T16:29:03.623-0500][gc,heap,exit  ]   class space    used 6017K, capacity 7448K, committed 7552K, reserved 1048576K
