[2024-04-29T12:11:12.081-0500][gc,heap] Heap region size: 1M
[2024-04-29T12:11:12.092-0500][gc     ] Using G1
[2024-04-29T12:11:12.092-0500][gc,heap,coops] Heap address: 0x00000000c0000000, size: 1024 MB, Compressed Oops mode: 32-bit
[2024-04-29T12:11:12.092-0500][gc,cds       ] Mark closed archive regions in map: [0x00000000ffc00000, 0x00000000ffc6bff8]
[2024-04-29T12:11:12.092-0500][gc,cds       ] Mark open archive regions in map: [0x00000000ff800000, 0x00000000ff847ff8]
[2024-04-29T12:11:12.623-0500][gc,start     ] GC(0) Pause Young (Normal) (G1 Evacuation Pause)
[2024-04-29T12:11:12.624-0500][gc,task      ] GC(0) Using 15 workers of 15 for evacuation
[2024-04-29T12:11:12.629-0500][gc,phases    ] GC(0)   Pre Evacuate Collection Set: 0.0ms
[2024-04-29T12:11:12.629-0500][gc,phases    ] GC(0)   Evacuate Collection Set: 3.8ms
[2024-04-29T12:11:12.629-0500][gc,phases    ] GC(0)   Post Evacuate Collection Set: 0.3ms
[2024-04-29T12:11:12.629-0500][gc,phases    ] GC(0)   Other: 1.2ms
[2024-04-29T12:11:12.629-0500][gc,heap      ] GC(0) Eden regions: 51->0(44)
[2024-04-29T12:11:12.629-0500][gc,heap      ] GC(0) Survivor regions: 0->7(7)
[2024-04-29T12:11:12.629-0500][gc,heap      ] GC(0) Old regions: 2->3
[2024-04-29T12:11:12.629-0500][gc,heap      ] GC(0) Humongous regions: 0->0
[2024-04-29T12:11:12.629-0500][gc,metaspace ] GC(0) Metaspace: 14113K(14848K)->14113K(14848K) NonClass: 12382K(12800K)->12382K(12800K) Class: 1730K(2048K)->1730K(2048K)
[2024-04-29T12:11:12.629-0500][gc           ] GC(0) Pause Young (Normal) (G1 Evacuation Pause) 51M->7M(1024M) 5.358ms
[2024-04-29T12:11:12.629-0500][gc,cpu       ] GC(0) User=0.05s Sys=0.00s Real=0.00s
[2024-04-29T12:11:12.899-0500][gc,start     ] GC(1) Pause Young (Concurrent Start) (Metadata GC Threshold)
[2024-04-29T12:11:12.900-0500][gc,task      ] GC(1) Using 15 workers of 15 for evacuation
[2024-04-29T12:11:12.906-0500][gc,phases    ] GC(1)   Pre Evacuate Collection Set: 0.0ms
[2024-04-29T12:11:12.906-0500][gc,phases    ] GC(1)   Evacuate Collection Set: 5.9ms
[2024-04-29T12:11:12.906-0500][gc,phases    ] GC(1)   Post Evacuate Collection Set: 0.3ms
[2024-04-29T12:11:12.906-0500][gc,phases    ] GC(1)   Other: 0.2ms
[2024-04-29T12:11:12.906-0500][gc,heap      ] GC(1) Eden regions: 29->0(49)
[2024-04-29T12:11:12.906-0500][gc,heap      ] GC(1) Survivor regions: 7->2(7)
[2024-04-29T12:11:12.906-0500][gc,heap      ] GC(1) Old regions: 3->10
[2024-04-29T12:11:12.906-0500][gc,heap      ] GC(1) Humongous regions: 0->0
[2024-04-29T12:11:12.906-0500][gc,metaspace ] GC(1) Metaspace: 20500K(21296K)->20500K(21296K) NonClass: 18048K(18608K)->18048K(18608K) Class: 2452K(2688K)->2452K(2688K)
[2024-04-29T12:11:12.906-0500][gc           ] GC(1) Pause Young (Concurrent Start) (Metadata GC Threshold) 36M->9M(1024M) 6.460ms
[2024-04-29T12:11:12.906-0500][gc,cpu       ] GC(1) User=0.04s Sys=0.01s Real=0.01s
[2024-04-29T12:11:12.906-0500][gc           ] GC(2) Concurrent Cycle
[2024-04-29T12:11:12.906-0500][gc,marking   ] GC(2) Concurrent Clear Claimed Marks
[2024-04-29T12:11:12.906-0500][gc,marking   ] GC(2) Concurrent Clear Claimed Marks 0.011ms
[2024-04-29T12:11:12.906-0500][gc,marking   ] GC(2) Concurrent Scan Root Regions
[2024-04-29T12:11:12.907-0500][gc,marking   ] GC(2) Concurrent Scan Root Regions 0.641ms
[2024-04-29T12:11:12.907-0500][gc,marking   ] GC(2) Concurrent Mark (0.830s)
[2024-04-29T12:11:12.907-0500][gc,marking   ] GC(2) Concurrent Mark From Roots
[2024-04-29T12:11:12.907-0500][gc,task      ] GC(2) Using 4 workers of 4 for marking
[2024-04-29T12:11:12.909-0500][gc,marking   ] GC(2) Concurrent Mark From Roots 2.765ms
[2024-04-29T12:11:12.909-0500][gc,marking   ] GC(2) Concurrent Preclean
[2024-04-29T12:11:12.910-0500][gc,marking   ] GC(2) Concurrent Preclean 0.087ms
[2024-04-29T12:11:12.910-0500][gc,marking   ] GC(2) Concurrent Mark (0.830s, 0.833s) 2.876ms
[2024-04-29T12:11:12.910-0500][gc,start     ] GC(2) Pause Remark
[2024-04-29T12:11:12.911-0500][gc,stringtable] GC(2) Cleaned string and symbol table, strings: 5681 processed, 0 removed, symbols: 53788 processed, 43 removed
[2024-04-29T12:11:12.911-0500][gc            ] GC(2) Pause Remark 10M->10M(1024M) 1.048ms
[2024-04-29T12:11:12.911-0500][gc,cpu        ] GC(2) User=0.01s Sys=0.00s Real=0.00s
[2024-04-29T12:11:12.911-0500][gc,marking    ] GC(2) Concurrent Rebuild Remembered Sets
[2024-04-29T12:11:12.912-0500][gc,marking    ] GC(2) Concurrent Rebuild Remembered Sets 1.266ms
[2024-04-29T12:11:12.912-0500][gc,start      ] GC(2) Pause Cleanup
[2024-04-29T12:11:12.912-0500][gc            ] GC(2) Pause Cleanup 10M->10M(1024M) 0.075ms
[2024-04-29T12:11:12.912-0500][gc,cpu        ] GC(2) User=0.00s Sys=0.00s Real=0.00s
[2024-04-29T12:11:12.912-0500][gc,marking    ] GC(2) Concurrent Cleanup for Next Mark
[2024-04-29T12:11:12.914-0500][gc,marking    ] GC(2) Concurrent Cleanup for Next Mark 1.542ms
[2024-04-29T12:11:12.914-0500][gc            ] GC(2) Concurrent Cycle 7.688ms
[2024-04-29T12:11:13.291-0500][gc,start      ] GC(3) Pause Young (Normal) (G1 Evacuation Pause)
[2024-04-29T12:11:13.291-0500][gc,task       ] GC(3) Using 15 workers of 15 for evacuation
[2024-04-29T12:11:13.294-0500][gc,phases     ] GC(3)   Pre Evacuate Collection Set: 0.0ms
[2024-04-29T12:11:13.294-0500][gc,phases     ] GC(3)   Evacuate Collection Set: 2.5ms
[2024-04-29T12:11:13.294-0500][gc,phases     ] GC(3)   Post Evacuate Collection Set: 0.3ms
[2024-04-29T12:11:13.294-0500][gc,phases     ] GC(3)   Other: 0.1ms
[2024-04-29T12:11:13.294-0500][gc,heap       ] GC(3) Eden regions: 49->0(47)
[2024-04-29T12:11:13.294-0500][gc,heap       ] GC(3) Survivor regions: 2->4(7)
[2024-04-29T12:11:13.294-0500][gc,heap       ] GC(3) Old regions: 10->10
[2024-04-29T12:11:13.294-0500][gc,heap       ] GC(3) Humongous regions: 129->129
[2024-04-29T12:11:13.294-0500][gc,metaspace  ] GC(3) Metaspace: 28867K(30128K)->28867K(30128K) NonClass: 25519K(26288K)->25519K(26288K) Class: 3347K(3840K)->3347K(3840K)
[2024-04-29T12:11:13.294-0500][gc            ] GC(3) Pause Young (Normal) (G1 Evacuation Pause) 187M->141M(1024M) 2.991ms
[2024-04-29T12:11:13.294-0500][gc,cpu        ] GC(3) User=0.03s Sys=0.00s Real=0.00s
[2024-04-29T12:11:13.489-0500][gc,start      ] GC(4) Pause Young (Concurrent Start) (Metadata GC Threshold)
[2024-04-29T12:11:13.489-0500][gc,task       ] GC(4) Using 15 workers of 15 for evacuation
[2024-04-29T12:11:13.492-0500][gc,phases     ] GC(4)   Pre Evacuate Collection Set: 0.1ms
[2024-04-29T12:11:13.492-0500][gc,phases     ] GC(4)   Evacuate Collection Set: 2.3ms
[2024-04-29T12:11:13.492-0500][gc,phases     ] GC(4)   Post Evacuate Collection Set: 0.3ms
[2024-04-29T12:11:13.492-0500][gc,phases     ] GC(4)   Other: 0.2ms
[2024-04-29T12:11:13.492-0500][gc,heap       ] GC(4) Eden regions: 33->0(44)
[2024-04-29T12:11:13.492-0500][gc,heap       ] GC(4) Survivor regions: 4->7(7)
[2024-04-29T12:11:13.492-0500][gc,heap       ] GC(4) Old regions: 10->10
[2024-04-29T12:11:13.492-0500][gc,heap       ] GC(4) Humongous regions: 129->129
[2024-04-29T12:11:13.492-0500][gc,metaspace  ] GC(4) Metaspace: 34388K(35632K)->34388K(35632K) NonClass: 30469K(31152K)->30469K(31152K) Class: 3919K(4480K)->3919K(4480K)
[2024-04-29T12:11:13.492-0500][gc            ] GC(4) Pause Young (Concurrent Start) (Metadata GC Threshold) 173M->143M(1024M) 2.874ms
[2024-04-29T12:11:13.492-0500][gc,cpu        ] GC(4) User=0.03s Sys=0.00s Real=0.01s
[2024-04-29T12:11:13.492-0500][gc            ] GC(5) Concurrent Cycle
[2024-04-29T12:11:13.492-0500][gc,marking    ] GC(5) Concurrent Clear Claimed Marks
[2024-04-29T12:11:13.492-0500][gc,marking    ] GC(5) Concurrent Clear Claimed Marks 0.029ms
[2024-04-29T12:11:13.492-0500][gc,marking    ] GC(5) Concurrent Scan Root Regions
[2024-04-29T12:11:13.494-0500][gc,marking    ] GC(5) Concurrent Scan Root Regions 1.603ms
[2024-04-29T12:11:13.494-0500][gc,marking    ] GC(5) Concurrent Mark (1.417s)
[2024-04-29T12:11:13.494-0500][gc,marking    ] GC(5) Concurrent Mark From Roots
[2024-04-29T12:11:13.494-0500][gc,task       ] GC(5) Using 4 workers of 4 for marking
[2024-04-29T12:11:13.497-0500][gc,marking    ] GC(5) Concurrent Mark From Roots 2.996ms
[2024-04-29T12:11:13.497-0500][gc,marking    ] GC(5) Concurrent Preclean
[2024-04-29T12:11:13.497-0500][gc,marking    ] GC(5) Concurrent Preclean 0.139ms
[2024-04-29T12:11:13.497-0500][gc,marking    ] GC(5) Concurrent Mark (1.417s, 1.420s) 3.172ms
[2024-04-29T12:11:13.497-0500][gc,start      ] GC(5) Pause Remark
[2024-04-29T12:11:13.498-0500][gc,stringtable] GC(5) Cleaned string and symbol table, strings: 10424 processed, 10 removed, symbols: 87178 processed, 18 removed
[2024-04-29T12:11:13.498-0500][gc            ] GC(5) Pause Remark 144M->144M(1024M) 1.154ms
[2024-04-29T12:11:13.498-0500][gc,cpu        ] GC(5) User=0.01s Sys=0.00s Real=0.00s
[2024-04-29T12:11:13.498-0500][gc,marking    ] GC(5) Concurrent Rebuild Remembered Sets
[2024-04-29T12:11:13.499-0500][gc,marking    ] GC(5) Concurrent Rebuild Remembered Sets 1.291ms
[2024-04-29T12:11:13.499-0500][gc,start      ] GC(5) Pause Cleanup
[2024-04-29T12:11:13.500-0500][gc            ] GC(5) Pause Cleanup 145M->145M(1024M) 0.081ms
[2024-04-29T12:11:13.500-0500][gc,cpu        ] GC(5) User=0.00s Sys=0.00s Real=0.00s
[2024-04-29T12:11:13.500-0500][gc,marking    ] GC(5) Concurrent Cleanup for Next Mark
[2024-04-29T12:11:13.502-0500][gc,marking    ] GC(5) Concurrent Cleanup for Next Mark 1.908ms
[2024-04-29T12:11:13.502-0500][gc            ] GC(5) Concurrent Cycle 9.663ms
[2024-04-29T12:11:27.218-0500][gc,start      ] GC(6) Pause Young (Normal) (G1 Evacuation Pause)
[2024-04-29T12:11:27.218-0500][gc,task       ] GC(6) Using 15 workers of 15 for evacuation
[2024-04-29T12:11:27.223-0500][gc,phases     ] GC(6)   Pre Evacuate Collection Set: 0.0ms
[2024-04-29T12:11:27.223-0500][gc,phases     ] GC(6)   Evacuate Collection Set: 3.9ms
[2024-04-29T12:11:27.223-0500][gc,phases     ] GC(6)   Post Evacuate Collection Set: 0.5ms
[2024-04-29T12:11:27.223-0500][gc,phases     ] GC(6)   Other: 0.1ms
[2024-04-29T12:11:27.223-0500][gc,heap       ] GC(6) Eden regions: 44->0(45)
[2024-04-29T12:11:27.223-0500][gc,heap       ] GC(6) Survivor regions: 7->6(7)
[2024-04-29T12:11:27.223-0500][gc,heap       ] GC(6) Old regions: 10->14
[2024-04-29T12:11:27.223-0500][gc,heap       ] GC(6) Humongous regions: 129->129
[2024-04-29T12:11:27.223-0500][gc,metaspace  ] GC(6) Metaspace: 40641K(42928K)->40641K(42928K) NonClass: 35576K(36784K)->35576K(36784K) Class: 5065K(6144K)->5065K(6144K)
[2024-04-29T12:11:27.223-0500][gc            ] GC(6) Pause Young (Normal) (G1 Evacuation Pause) 187M->146M(1024M) 4.530ms
[2024-04-29T12:11:27.223-0500][gc,cpu        ] GC(6) User=0.06s Sys=0.00s Real=0.00s
[2024-04-29T12:12:44.023-0500][gc,heap,exit  ] Heap
[2024-04-29T12:12:44.023-0500][gc,heap,exit  ]  garbage-first heap   total 1048576K, used 184695K [0x00000000c0000000, 0x0000000100000000)
[2024-04-29T12:12:44.023-0500][gc,heap,exit  ]   region size 1024K, 42 young (43008K), 6 survivors (6144K)
[2024-04-29T12:12:44.023-0500][gc,heap,exit  ]  Metaspace       used 45128K, capacity 47918K, committed 48176K, reserved 1089536K
[2024-04-29T12:12:44.023-0500][gc,heap,exit  ]   class space    used 5855K, capacity 7250K, committed 7296K, reserved 1048576K
