[2024-04-29T12:13:44.049-0500][gc,heap] Heap region size: 1M
[2024-04-29T12:13:44.058-0500][gc     ] Using G1
[2024-04-29T12:13:44.058-0500][gc,heap,coops] Heap address: 0x00000000c0000000, size: 1024 MB, Compressed Oops mode: 32-bit
[2024-04-29T12:13:44.058-0500][gc,cds       ] Mark closed archive regions in map: [0x00000000ffc00000, 0x00000000ffc6bff8]
[2024-04-29T12:13:44.058-0500][gc,cds       ] Mark open archive regions in map: [0x00000000ff800000, 0x00000000ff847ff8]
[2024-04-29T12:13:44.567-0500][gc,start     ] GC(0) Pause Young (Normal) (G1 Evacuation Pause)
[2024-04-29T12:13:44.568-0500][gc,task      ] GC(0) Using 15 workers of 15 for evacuation
[2024-04-29T12:13:44.573-0500][gc,phases    ] GC(0)   Pre Evacuate Collection Set: 0.0ms
[2024-04-29T12:13:44.573-0500][gc,phases    ] GC(0)   Evacuate Collection Set: 4.1ms
[2024-04-29T12:13:44.573-0500][gc,phases    ] GC(0)   Post Evacuate Collection Set: 0.3ms
[2024-04-29T12:13:44.573-0500][gc,phases    ] GC(0)   Other: 1.2ms
[2024-04-29T12:13:44.573-0500][gc,heap      ] GC(0) Eden regions: 51->0(44)
[2024-04-29T12:13:44.573-0500][gc,heap      ] GC(0) Survivor regions: 0->7(7)
[2024-04-29T12:13:44.573-0500][gc,heap      ] GC(0) Old regions: 2->3
[2024-04-29T12:13:44.573-0500][gc,heap      ] GC(0) Humongous regions: 0->0
[2024-04-29T12:13:44.573-0500][gc,metaspace ] GC(0) Metaspace: 14130K(14848K)->14130K(14848K) NonClass: 12398K(12800K)->12398K(12800K) Class: 1731K(2048K)->1731K(2048K)
[2024-04-29T12:13:44.573-0500][gc           ] GC(0) Pause Young (Normal) (G1 Evacuation Pause) 51M->8M(1024M) 5.737ms
[2024-04-29T12:13:44.573-0500][gc,cpu       ] GC(0) User=0.05s Sys=0.01s Real=0.01s
[2024-04-29T12:13:48.756-0500][gc,heap,exit ] Heap
[2024-04-29T12:13:48.756-0500][gc,heap,exit ]  garbage-first heap   total 1048576K, used 16679K [0x00000000c0000000, 0x0000000100000000)
[2024-04-29T12:13:48.756-0500][gc,heap,exit ]   region size 1024K, 16 young (16384K), 7 survivors (7168K)
[2024-04-29T12:13:48.756-0500][gc,heap,exit ]  Metaspace       used 15666K, capacity 16160K, committed 16512K, reserved 1062912K
[2024-04-29T12:13:48.756-0500][gc,heap,exit ]   class space    used 1918K, capacity 2131K, committed 2176K, reserved 1048576K
