[2024-04-26T16:14:49.566-0500][gc,heap] Heap region size: 1M
[2024-04-26T16:14:49.576-0500][gc     ] Using G1
[2024-04-26T16:14:49.577-0500][gc,heap,coops] Heap address: 0x00000000c0000000, size: 1024 MB, Compressed Oops mode: 32-bit
[2024-04-26T16:14:49.577-0500][gc,cds       ] Mark closed archive regions in map: [0x00000000ffc00000, 0x00000000ffc6bff8]
[2024-04-26T16:14:49.577-0500][gc,cds       ] Mark open archive regions in map: [0x00000000ff800000, 0x00000000ff847ff8]
[2024-04-26T16:14:50.088-0500][gc,start     ] GC(0) Pause Young (Normal) (G1 Evacuation Pause)
[2024-04-26T16:14:50.089-0500][gc,task      ] GC(0) Using 15 workers of 15 for evacuation
[2024-04-26T16:14:50.098-0500][gc,phases    ] GC(0)   Pre Evacuate Collection Set: 0.0ms
[2024-04-26T16:14:50.099-0500][gc,phases    ] GC(0)   Evacuate Collection Set: 9.0ms
[2024-04-26T16:14:50.099-0500][gc,phases    ] GC(0)   Post Evacuate Collection Set: 0.4ms
[2024-04-26T16:14:50.099-0500][gc,phases    ] GC(0)   Other: 0.9ms
[2024-04-26T16:14:50.099-0500][gc,heap      ] GC(0) Eden regions: 51->0(44)
[2024-04-26T16:14:50.099-0500][gc,heap      ] GC(0) Survivor regions: 0->7(7)
[2024-04-26T16:14:50.099-0500][gc,heap      ] GC(0) Old regions: 2->3
[2024-04-26T16:14:50.099-0500][gc,heap      ] GC(0) Humongous regions: 0->0
[2024-04-26T16:14:50.099-0500][gc,metaspace ] GC(0) Metaspace: 13978K(14848K)->13978K(14848K) NonClass: 12255K(12800K)->12255K(12800K) Class: 1723K(2048K)->1723K(2048K)
[2024-04-26T16:14:50.099-0500][gc           ] GC(0) Pause Young (Normal) (G1 Evacuation Pause) 51M->8M(1024M) 10.465ms
[2024-04-26T16:14:50.099-0500][gc,cpu       ] GC(0) User=0.13s Sys=0.00s Real=0.01s
[2024-04-26T16:14:51.476-0500][gc,start     ] GC(1) Pause Young (Concurrent Start) (Metadata GC Threshold)
[2024-04-26T16:14:51.476-0500][gc,task      ] GC(1) Using 15 workers of 15 for evacuation
[2024-04-26T16:14:51.486-0500][gc,phases    ] GC(1)   Pre Evacuate Collection Set: 0.0ms
[2024-04-26T16:14:51.486-0500][gc,phases    ] GC(1)   Evacuate Collection Set: 9.6ms
[2024-04-26T16:14:51.486-0500][gc,phases    ] GC(1)   Post Evacuate Collection Set: 0.3ms
[2024-04-26T16:14:51.486-0500][gc,phases    ] GC(1)   Other: 0.2ms
[2024-04-26T16:14:51.486-0500][gc,heap      ] GC(1) Eden regions: 30->0(49)
[2024-04-26T16:14:51.486-0500][gc,heap      ] GC(1) Survivor regions: 7->2(7)
[2024-04-26T16:14:51.486-0500][gc,heap      ] GC(1) Old regions: 3->10
[2024-04-26T16:14:51.486-0500][gc,heap      ] GC(1) Humongous regions: 0->0
[2024-04-26T16:14:51.486-0500][gc,metaspace ] GC(1) Metaspace: 20501K(21296K)->20501K(21296K) NonClass: 18041K(18608K)->18041K(18608K) Class: 2459K(2688K)->2459K(2688K)
[2024-04-26T16:14:51.486-0500][gc           ] GC(1) Pause Young (Concurrent Start) (Metadata GC Threshold) 37M->9M(1024M) 10.249ms
[2024-04-26T16:14:51.486-0500][gc,cpu       ] GC(1) User=0.10s Sys=0.00s Real=0.01s
[2024-04-26T16:14:51.486-0500][gc           ] GC(2) Concurrent Cycle
[2024-04-26T16:14:51.486-0500][gc,marking   ] GC(2) Concurrent Clear Claimed Marks
[2024-04-26T16:14:51.486-0500][gc,marking   ] GC(2) Concurrent Clear Claimed Marks 0.013ms
[2024-04-26T16:14:51.486-0500][gc,marking   ] GC(2) Concurrent Scan Root Regions
[2024-04-26T16:14:51.487-0500][gc,marking   ] GC(2) Concurrent Scan Root Regions 0.654ms
[2024-04-26T16:14:51.487-0500][gc,marking   ] GC(2) Concurrent Mark (1.923s)
[2024-04-26T16:14:51.487-0500][gc,marking   ] GC(2) Concurrent Mark From Roots
[2024-04-26T16:14:51.487-0500][gc,task      ] GC(2) Using 4 workers of 4 for marking
[2024-04-26T16:14:51.490-0500][gc,marking   ] GC(2) Concurrent Mark From Roots 2.838ms
[2024-04-26T16:14:51.490-0500][gc,marking   ] GC(2) Concurrent Preclean
[2024-04-26T16:14:51.490-0500][gc,marking   ] GC(2) Concurrent Preclean 0.077ms
[2024-04-26T16:14:51.490-0500][gc,marking   ] GC(2) Concurrent Mark (1.923s, 1.926s) 2.944ms
[2024-04-26T16:14:51.490-0500][gc,start     ] GC(2) Pause Remark
[2024-04-26T16:14:51.491-0500][gc,stringtable] GC(2) Cleaned string and symbol table, strings: 5638 processed, 0 removed, symbols: 53540 processed, 40 removed
[2024-04-26T16:14:51.491-0500][gc            ] GC(2) Pause Remark 9M->9M(1024M) 1.097ms
[2024-04-26T16:14:51.491-0500][gc,cpu        ] GC(2) User=0.01s Sys=0.00s Real=0.00s
[2024-04-26T16:14:51.491-0500][gc,marking    ] GC(2) Concurrent Rebuild Remembered Sets
[2024-04-26T16:14:51.492-0500][gc,marking    ] GC(2) Concurrent Rebuild Remembered Sets 1.294ms
[2024-04-26T16:14:51.493-0500][gc,start      ] GC(2) Pause Cleanup
[2024-04-26T16:14:51.493-0500][gc            ] GC(2) Pause Cleanup 9M->9M(1024M) 0.132ms
[2024-04-26T16:14:51.493-0500][gc,cpu        ] GC(2) User=0.00s Sys=0.00s Real=0.00s
[2024-04-26T16:14:51.493-0500][gc,marking    ] GC(2) Concurrent Cleanup for Next Mark
[2024-04-26T16:14:51.494-0500][gc,marking    ] GC(2) Concurrent Cleanup for Next Mark 1.524ms
[2024-04-26T16:14:51.494-0500][gc            ] GC(2) Concurrent Cycle 8.122ms
[2024-04-26T16:14:51.866-0500][gc,start      ] GC(3) Pause Young (Normal) (G1 Evacuation Pause)
[2024-04-26T16:14:51.866-0500][gc,task       ] GC(3) Using 15 workers of 15 for evacuation
[2024-04-26T16:14:51.868-0500][gc,phases     ] GC(3)   Pre Evacuate Collection Set: 0.0ms
[2024-04-26T16:14:51.869-0500][gc,phases     ] GC(3)   Evacuate Collection Set: 2.0ms
[2024-04-26T16:14:51.869-0500][gc,phases     ] GC(3)   Post Evacuate Collection Set: 0.4ms
[2024-04-26T16:14:51.869-0500][gc,phases     ] GC(3)   Other: 0.2ms
[2024-04-26T16:14:51.869-0500][gc,heap       ] GC(3) Eden regions: 49->0(47)
[2024-04-26T16:14:51.869-0500][gc,heap       ] GC(3) Survivor regions: 2->4(7)
[2024-04-26T16:14:51.869-0500][gc,heap       ] GC(3) Old regions: 10->10
[2024-04-26T16:14:51.869-0500][gc,heap       ] GC(3) Humongous regions: 129->129
[2024-04-26T16:14:51.869-0500][gc,metaspace  ] GC(3) Metaspace: 28786K(29872K)->28786K(29872K) NonClass: 25428K(26032K)->25428K(26032K) Class: 3357K(3840K)->3357K(3840K)
[2024-04-26T16:14:51.869-0500][gc            ] GC(3) Pause Young (Normal) (G1 Evacuation Pause) 187M->140M(1024M) 2.833ms
[2024-04-26T16:14:51.869-0500][gc,cpu        ] GC(3) User=0.03s Sys=0.00s Real=0.00s
[2024-04-26T16:14:52.169-0500][gc,heap,exit  ] Heap
[2024-04-26T16:14:52.169-0500][gc,heap,exit  ]  garbage-first heap   total 1048576K, used 171462K [0x00000000c0000000, 0x0000000100000000)
[2024-04-26T16:14:52.169-0500][gc,heap,exit  ]   region size 1024K, 32 young (32768K), 4 survivors (4096K)
[2024-04-26T16:14:52.169-0500][gc,heap,exit  ]  Metaspace       used 32503K, capacity 33789K, committed 33840K, reserved 1079296K
[2024-04-26T16:14:52.169-0500][gc,heap,exit  ]   class space    used 3890K, capacity 4457K, committed 4480K, reserved 1048576K
