[2024-04-29T12:02:21.027-0500][gc,heap] Heap region size: 1M
[2024-04-29T12:02:21.036-0500][gc     ] Using G1
[2024-04-29T12:02:21.036-0500][gc,heap,coops] Heap address: 0x00000000c0000000, size: 1024 MB, Compressed Oops mode: 32-bit
[2024-04-29T12:02:21.036-0500][gc,cds       ] Mark closed archive regions in map: [0x00000000ffc00000, 0x00000000ffc6bff8]
[2024-04-29T12:02:21.036-0500][gc,cds       ] Mark open archive regions in map: [0x00000000ff800000, 0x00000000ff847ff8]
[2024-04-29T12:02:21.566-0500][gc,start     ] GC(0) Pause Young (Normal) (G1 Evacuation Pause)
[2024-04-29T12:02:21.567-0500][gc,task      ] GC(0) Using 15 workers of 15 for evacuation
[2024-04-29T12:02:21.573-0500][gc,phases    ] GC(0)   Pre Evacuate Collection Set: 0.0ms
[2024-04-29T12:02:21.573-0500][gc,phases    ] GC(0)   Evacuate Collection Set: 4.9ms
[2024-04-29T12:02:21.573-0500][gc,phases    ] GC(0)   Post Evacuate Collection Set: 0.3ms
[2024-04-29T12:02:21.573-0500][gc,phases    ] GC(0)   Other: 1.3ms
[2024-04-29T12:02:21.573-0500][gc,heap      ] GC(0) Eden regions: 51->0(44)
[2024-04-29T12:02:21.573-0500][gc,heap      ] GC(0) Survivor regions: 0->7(7)
[2024-04-29T12:02:21.573-0500][gc,heap      ] GC(0) Old regions: 2->3
[2024-04-29T12:02:21.573-0500][gc,heap      ] GC(0) Humongous regions: 0->0
[2024-04-29T12:02:21.573-0500][gc,metaspace ] GC(0) Metaspace: 14175K(15104K)->14175K(15104K) NonClass: 12440K(13056K)->12440K(13056K) Class: 1734K(2048K)->1734K(2048K)
[2024-04-29T12:02:21.573-0500][gc           ] GC(0) Pause Young (Normal) (G1 Evacuation Pause) 51M->8M(1024M) 6.581ms
[2024-04-29T12:02:21.573-0500][gc,cpu       ] GC(0) User=0.07s Sys=0.01s Real=0.01s
[2024-04-29T12:02:21.811-0500][gc,start     ] GC(1) Pause Young (Concurrent Start) (Metadata GC Threshold)
[2024-04-29T12:02:21.811-0500][gc,task      ] GC(1) Using 15 workers of 15 for evacuation
[2024-04-29T12:02:21.818-0500][gc,phases    ] GC(1)   Pre Evacuate Collection Set: 0.1ms
[2024-04-29T12:02:21.818-0500][gc,phases    ] GC(1)   Evacuate Collection Set: 6.7ms
[2024-04-29T12:02:21.818-0500][gc,phases    ] GC(1)   Post Evacuate Collection Set: 0.3ms
[2024-04-29T12:02:21.818-0500][gc,phases    ] GC(1)   Other: 0.2ms
[2024-04-29T12:02:21.818-0500][gc,heap      ] GC(1) Eden regions: 29->0(49)
[2024-04-29T12:02:21.818-0500][gc,heap      ] GC(1) Survivor regions: 7->2(7)
[2024-04-29T12:02:21.818-0500][gc,heap      ] GC(1) Old regions: 3->10
[2024-04-29T12:02:21.818-0500][gc,heap      ] GC(1) Humongous regions: 0->0
[2024-04-29T12:02:21.818-0500][gc,metaspace ] GC(1) Metaspace: 20476K(21296K)->20476K(21296K) NonClass: 18020K(18608K)->18020K(18608K) Class: 2455K(2688K)->2455K(2688K)
[2024-04-29T12:02:21.818-0500][gc           ] GC(1) Pause Young (Concurrent Start) (Metadata GC Threshold) 36M->9M(1024M) 7.283ms
[2024-04-29T12:02:21.818-0500][gc,cpu       ] GC(1) User=0.04s Sys=0.01s Real=0.01s
[2024-04-29T12:02:21.818-0500][gc           ] GC(2) Concurrent Cycle
[2024-04-29T12:02:21.818-0500][gc,marking   ] GC(2) Concurrent Clear Claimed Marks
[2024-04-29T12:02:21.818-0500][gc,marking   ] GC(2) Concurrent Clear Claimed Marks 0.014ms
[2024-04-29T12:02:21.818-0500][gc,marking   ] GC(2) Concurrent Scan Root Regions
[2024-04-29T12:02:21.819-0500][gc,marking   ] GC(2) Concurrent Scan Root Regions 0.845ms
[2024-04-29T12:02:21.819-0500][gc,marking   ] GC(2) Concurrent Mark (0.794s)
[2024-04-29T12:02:21.819-0500][gc,marking   ] GC(2) Concurrent Mark From Roots
[2024-04-29T12:02:21.819-0500][gc,task      ] GC(2) Using 4 workers of 4 for marking
[2024-04-29T12:02:21.823-0500][gc,marking   ] GC(2) Concurrent Mark From Roots 3.997ms
[2024-04-29T12:02:21.823-0500][gc,marking   ] GC(2) Concurrent Preclean
[2024-04-29T12:02:21.823-0500][gc,marking   ] GC(2) Concurrent Preclean 0.110ms
[2024-04-29T12:02:21.823-0500][gc,marking   ] GC(2) Concurrent Mark (0.794s, 0.798s) 4.140ms
[2024-04-29T12:02:21.823-0500][gc,start     ] GC(2) Pause Remark
[2024-04-29T12:02:21.824-0500][gc,stringtable] GC(2) Cleaned string and symbol table, strings: 5634 processed, 0 removed, symbols: 53536 processed, 40 removed
[2024-04-29T12:02:21.824-0500][gc            ] GC(2) Pause Remark 10M->10M(1024M) 1.099ms
[2024-04-29T12:02:21.824-0500][gc,cpu        ] GC(2) User=0.01s Sys=0.00s Real=0.01s
[2024-04-29T12:02:21.824-0500][gc,marking    ] GC(2) Concurrent Rebuild Remembered Sets
[2024-04-29T12:02:21.826-0500][gc,marking    ] GC(2) Concurrent Rebuild Remembered Sets 1.478ms
[2024-04-29T12:02:21.826-0500][gc,start      ] GC(2) Pause Cleanup
[2024-04-29T12:02:21.826-0500][gc            ] GC(2) Pause Cleanup 10M->10M(1024M) 0.078ms
[2024-04-29T12:02:21.826-0500][gc,cpu        ] GC(2) User=0.00s Sys=0.00s Real=0.00s
[2024-04-29T12:02:21.826-0500][gc,marking    ] GC(2) Concurrent Cleanup for Next Mark
[2024-04-29T12:02:21.828-0500][gc,marking    ] GC(2) Concurrent Cleanup for Next Mark 1.621ms
[2024-04-29T12:02:21.828-0500][gc            ] GC(2) Concurrent Cycle 9.571ms
[2024-04-29T12:02:22.245-0500][gc,start      ] GC(3) Pause Young (Normal) (G1 Evacuation Pause)
[2024-04-29T12:02:22.245-0500][gc,task       ] GC(3) Using 15 workers of 15 for evacuation
[2024-04-29T12:02:22.249-0500][gc,phases     ] GC(3)   Pre Evacuate Collection Set: 0.0ms
[2024-04-29T12:02:22.249-0500][gc,phases     ] GC(3)   Evacuate Collection Set: 2.8ms
[2024-04-29T12:02:22.249-0500][gc,phases     ] GC(3)   Post Evacuate Collection Set: 0.5ms
[2024-04-29T12:02:22.249-0500][gc,phases     ] GC(3)   Other: 0.2ms
[2024-04-29T12:02:22.249-0500][gc,heap       ] GC(3) Eden regions: 49->0(47)
[2024-04-29T12:02:22.249-0500][gc,heap       ] GC(3) Survivor regions: 2->4(7)
[2024-04-29T12:02:22.249-0500][gc,heap       ] GC(3) Old regions: 10->10
[2024-04-29T12:02:22.249-0500][gc,heap       ] GC(3) Humongous regions: 129->129
[2024-04-29T12:02:22.249-0500][gc,metaspace  ] GC(3) Metaspace: 28283K(29312K)->28283K(29312K) NonClass: 24994K(25600K)->24994K(25600K) Class: 3288K(3712K)->3288K(3712K)
[2024-04-29T12:02:22.249-0500][gc            ] GC(3) Pause Young (Normal) (G1 Evacuation Pause) 187M->140M(1024M) 3.683ms
[2024-04-29T12:02:22.249-0500][gc,cpu        ] GC(3) User=0.04s Sys=0.00s Real=0.00s
[2024-04-29T12:02:22.518-0500][gc,start      ] GC(4) Pause Young (Concurrent Start) (Metadata GC Threshold)
[2024-04-29T12:02:22.518-0500][gc,task       ] GC(4) Using 15 workers of 15 for evacuation
[2024-04-29T12:02:22.525-0500][gc,phases     ] GC(4)   Pre Evacuate Collection Set: 0.1ms
[2024-04-29T12:02:22.525-0500][gc,phases     ] GC(4)   Evacuate Collection Set: 6.5ms
[2024-04-29T12:02:22.525-0500][gc,phases     ] GC(4)   Post Evacuate Collection Set: 0.4ms
[2024-04-29T12:02:22.525-0500][gc,phases     ] GC(4)   Other: 0.2ms
[2024-04-29T12:02:22.525-0500][gc,heap       ] GC(4) Eden regions: 43->0(44)
[2024-04-29T12:02:22.525-0500][gc,heap       ] GC(4) Survivor regions: 4->7(7)
[2024-04-29T12:02:22.525-0500][gc,heap       ] GC(4) Old regions: 10->10
[2024-04-29T12:02:22.525-0500][gc,heap       ] GC(4) Humongous regions: 129->129
[2024-04-29T12:02:22.525-0500][gc,metaspace  ] GC(4) Metaspace: 34727K(36048K)->34727K(36048K) NonClass: 30744K(31488K)->30744K(31488K) Class: 3983K(4560K)->3983K(4560K)
[2024-04-29T12:02:22.525-0500][gc            ] GC(4) Pause Young (Concurrent Start) (Metadata GC Threshold) 182M->143M(1024M) 7.246ms
[2024-04-29T12:02:22.525-0500][gc,cpu        ] GC(4) User=0.04s Sys=0.00s Real=0.01s
[2024-04-29T12:02:22.525-0500][gc            ] GC(5) Concurrent Cycle
[2024-04-29T12:02:22.525-0500][gc,marking    ] GC(5) Concurrent Clear Claimed Marks
[2024-04-29T12:02:22.525-0500][gc,marking    ] GC(5) Concurrent Clear Claimed Marks 0.030ms
[2024-04-29T12:02:22.525-0500][gc,marking    ] GC(5) Concurrent Scan Root Regions
[2024-04-29T12:02:22.526-0500][gc,marking    ] GC(5) Concurrent Scan Root Regions 1.185ms
[2024-04-29T12:02:22.526-0500][gc,marking    ] GC(5) Concurrent Mark (1.501s)
[2024-04-29T12:02:22.526-0500][gc,marking    ] GC(5) Concurrent Mark From Roots
[2024-04-29T12:02:22.526-0500][gc,task       ] GC(5) Using 4 workers of 4 for marking
[2024-04-29T12:02:22.529-0500][gc,marking    ] GC(5) Concurrent Mark From Roots 2.976ms
[2024-04-29T12:02:22.529-0500][gc,marking    ] GC(5) Concurrent Preclean
[2024-04-29T12:02:22.529-0500][gc,marking    ] GC(5) Concurrent Preclean 0.140ms
[2024-04-29T12:02:22.529-0500][gc,marking    ] GC(5) Concurrent Mark (1.501s, 1.504s) 3.151ms
[2024-04-29T12:02:22.530-0500][gc,start      ] GC(5) Pause Remark
[2024-04-29T12:02:22.531-0500][gc,stringtable] GC(5) Cleaned string and symbol table, strings: 10020 processed, 9 removed, symbols: 84323 processed, 18 removed
[2024-04-29T12:02:22.531-0500][gc            ] GC(5) Pause Remark 144M->144M(1024M) 1.266ms
[2024-04-29T12:02:22.531-0500][gc,cpu        ] GC(5) User=0.02s Sys=0.00s Real=0.00s
[2024-04-29T12:02:22.531-0500][gc,marking    ] GC(5) Concurrent Rebuild Remembered Sets
[2024-04-29T12:02:22.532-0500][gc,marking    ] GC(5) Concurrent Rebuild Remembered Sets 1.637ms
[2024-04-29T12:02:22.533-0500][gc,start      ] GC(5) Pause Cleanup
[2024-04-29T12:02:22.533-0500][gc            ] GC(5) Pause Cleanup 145M->145M(1024M) 0.116ms
[2024-04-29T12:02:22.533-0500][gc,cpu        ] GC(5) User=0.00s Sys=0.00s Real=0.00s
[2024-04-29T12:02:22.533-0500][gc,marking    ] GC(5) Concurrent Cleanup for Next Mark
[2024-04-29T12:02:22.535-0500][gc,marking    ] GC(5) Concurrent Cleanup for Next Mark 1.732ms
[2024-04-29T12:02:22.535-0500][gc            ] GC(5) Concurrent Cycle 9.540ms
[2024-04-29T12:03:48.413-0500][gc,start      ] GC(6) Pause Young (Normal) (G1 Evacuation Pause)
[2024-04-29T12:03:48.413-0500][gc,task       ] GC(6) Using 15 workers of 15 for evacuation
[2024-04-29T12:03:48.417-0500][gc,phases     ] GC(6)   Pre Evacuate Collection Set: 0.0ms
[2024-04-29T12:03:48.417-0500][gc,phases     ] GC(6)   Evacuate Collection Set: 3.9ms
[2024-04-29T12:03:48.417-0500][gc,phases     ] GC(6)   Post Evacuate Collection Set: 0.6ms
[2024-04-29T12:03:48.417-0500][gc,phases     ] GC(6)   Other: 0.2ms
[2024-04-29T12:03:48.417-0500][gc,heap       ] GC(6) Eden regions: 44->0(48)
[2024-04-29T12:03:48.417-0500][gc,heap       ] GC(6) Survivor regions: 7->3(7)
[2024-04-29T12:03:48.417-0500][gc,heap       ] GC(6) Old regions: 10->17
[2024-04-29T12:03:48.417-0500][gc,heap       ] GC(6) Humongous regions: 141->129
[2024-04-29T12:03:48.417-0500][gc,metaspace  ] GC(6) Metaspace: 41783K(44316K)->41783K(44316K) NonClass: 36514K(37836K)->36514K(37836K) Class: 5269K(6480K)->5269K(6480K)
[2024-04-29T12:03:48.417-0500][gc            ] GC(6) Pause Young (Normal) (G1 Evacuation Pause) 199M->146M(1024M) 4.777ms
[2024-04-29T12:03:48.417-0500][gc,cpu        ] GC(6) User=0.03s Sys=0.03s Real=0.00s
[2024-04-29T12:04:28.952-0500][gc,heap,exit  ] Heap
[2024-04-29T12:04:28.952-0500][gc,heap,exit  ]  garbage-first heap   total 1048576K, used 183537K [0x00000000c0000000, 0x0000000100000000)
[2024-04-29T12:04:28.952-0500][gc,heap,exit  ]   region size 1024K, 38 young (38912K), 3 survivors (3072K)
[2024-04-29T12:04:28.952-0500][gc,heap,exit  ]  Metaspace       used 45900K, capacity 48879K, committed 49052K, reserved 1091584K
[2024-04-29T12:04:28.952-0500][gc,heap,exit  ]   class space    used 6059K, capacity 7533K, committed 7632K, reserved 1048576K
