[2024-04-29T10:57:02.331-0500][gc,heap] Heap region size: 1M
[2024-04-29T10:57:02.340-0500][gc     ] Using G1
[2024-04-29T10:57:02.340-0500][gc,heap,coops] Heap address: 0x00000000c0000000, size: 1024 MB, Compressed Oops mode: 32-bit
[2024-04-29T10:57:02.340-0500][gc,cds       ] Mark closed archive regions in map: [0x00000000ffc00000, 0x00000000ffc6bff8]
[2024-04-29T10:57:02.340-0500][gc,cds       ] Mark open archive regions in map: [0x00000000ff800000, 0x00000000ff847ff8]
[2024-04-29T10:57:02.851-0500][gc,start     ] GC(0) Pause Young (Normal) (G1 Evacuation Pause)
[2024-04-29T10:57:02.853-0500][gc,task      ] GC(0) Using 15 workers of 15 for evacuation
[2024-04-29T10:57:02.858-0500][gc,phases    ] GC(0)   Pre Evacuate Collection Set: 0.0ms
[2024-04-29T10:57:02.858-0500][gc,phases    ] GC(0)   Evacuate Collection Set: 4.9ms
[2024-04-29T10:57:02.858-0500][gc,phases    ] GC(0)   Post Evacuate Collection Set: 0.3ms
[2024-04-29T10:57:02.858-0500][gc,phases    ] GC(0)   Other: 1.3ms
[2024-04-29T10:57:02.858-0500][gc,heap      ] GC(0) Eden regions: 51->0(44)
[2024-04-29T10:57:02.858-0500][gc,heap      ] GC(0) Survivor regions: 0->7(7)
[2024-04-29T10:57:02.858-0500][gc,heap      ] GC(0) Old regions: 2->3
[2024-04-29T10:57:02.858-0500][gc,heap      ] GC(0) Humongous regions: 0->0
[2024-04-29T10:57:02.858-0500][gc,metaspace ] GC(0) Metaspace: 14168K(15104K)->14168K(15104K) NonClass: 12432K(13056K)->12432K(13056K) Class: 1735K(2048K)->1735K(2048K)
[2024-04-29T10:57:02.858-0500][gc           ] GC(0) Pause Young (Normal) (G1 Evacuation Pause) 51M->8M(1024M) 6.538ms
[2024-04-29T10:57:02.858-0500][gc,cpu       ] GC(0) User=0.07s Sys=0.00s Real=0.00s
[2024-04-29T10:57:03.089-0500][gc,start     ] GC(1) Pause Young (Concurrent Start) (Metadata GC Threshold)
[2024-04-29T10:57:03.089-0500][gc,task      ] GC(1) Using 15 workers of 15 for evacuation
[2024-04-29T10:57:03.096-0500][gc,phases    ] GC(1)   Pre Evacuate Collection Set: 0.0ms
[2024-04-29T10:57:03.096-0500][gc,phases    ] GC(1)   Evacuate Collection Set: 5.9ms
[2024-04-29T10:57:03.096-0500][gc,phases    ] GC(1)   Post Evacuate Collection Set: 0.3ms
[2024-04-29T10:57:03.096-0500][gc,phases    ] GC(1)   Other: 0.2ms
[2024-04-29T10:57:03.096-0500][gc,heap      ] GC(1) Eden regions: 29->0(49)
[2024-04-29T10:57:03.096-0500][gc,heap      ] GC(1) Survivor regions: 7->2(7)
[2024-04-29T10:57:03.096-0500][gc,heap      ] GC(1) Old regions: 3->10
[2024-04-29T10:57:03.096-0500][gc,heap      ] GC(1) Humongous regions: 0->0
[2024-04-29T10:57:03.096-0500][gc,metaspace ] GC(1) Metaspace: 20474K(21296K)->20474K(21296K) NonClass: 18018K(18608K)->18018K(18608K) Class: 2455K(2688K)->2455K(2688K)
[2024-04-29T10:57:03.096-0500][gc           ] GC(1) Pause Young (Concurrent Start) (Metadata GC Threshold) 36M->9M(1024M) 6.451ms
[2024-04-29T10:57:03.096-0500][gc,cpu       ] GC(1) User=0.04s Sys=0.00s Real=0.01s
[2024-04-29T10:57:03.096-0500][gc           ] GC(2) Concurrent Cycle
[2024-04-29T10:57:03.096-0500][gc,marking   ] GC(2) Concurrent Clear Claimed Marks
[2024-04-29T10:57:03.096-0500][gc,marking   ] GC(2) Concurrent Clear Claimed Marks 0.014ms
[2024-04-29T10:57:03.096-0500][gc,marking   ] GC(2) Concurrent Scan Root Regions
[2024-04-29T10:57:03.097-0500][gc,marking   ] GC(2) Concurrent Scan Root Regions 0.709ms
[2024-04-29T10:57:03.097-0500][gc,marking   ] GC(2) Concurrent Mark (0.768s)
[2024-04-29T10:57:03.097-0500][gc,marking   ] GC(2) Concurrent Mark From Roots
[2024-04-29T10:57:03.097-0500][gc,task      ] GC(2) Using 4 workers of 4 for marking
[2024-04-29T10:57:03.101-0500][gc,marking   ] GC(2) Concurrent Mark From Roots 4.300ms
[2024-04-29T10:57:03.101-0500][gc,marking   ] GC(2) Concurrent Preclean
[2024-04-29T10:57:03.101-0500][gc,marking   ] GC(2) Concurrent Preclean 0.077ms
[2024-04-29T10:57:03.101-0500][gc,marking   ] GC(2) Concurrent Mark (0.768s, 0.772s) 4.396ms
[2024-04-29T10:57:03.101-0500][gc,start     ] GC(2) Pause Remark
[2024-04-29T10:57:03.102-0500][gc,stringtable] GC(2) Cleaned string and symbol table, strings: 5634 processed, 0 removed, symbols: 53536 processed, 40 removed
[2024-04-29T10:57:03.102-0500][gc            ] GC(2) Pause Remark 9M->9M(1024M) 1.108ms
[2024-04-29T10:57:03.102-0500][gc,cpu        ] GC(2) User=0.01s Sys=0.00s Real=0.00s
[2024-04-29T10:57:03.102-0500][gc,marking    ] GC(2) Concurrent Rebuild Remembered Sets
[2024-04-29T10:57:03.104-0500][gc,marking    ] GC(2) Concurrent Rebuild Remembered Sets 1.962ms
[2024-04-29T10:57:03.104-0500][gc,start      ] GC(2) Pause Cleanup
[2024-04-29T10:57:03.104-0500][gc            ] GC(2) Pause Cleanup 10M->10M(1024M) 0.094ms
[2024-04-29T10:57:03.104-0500][gc,cpu        ] GC(2) User=0.00s Sys=0.00s Real=0.00s
[2024-04-29T10:57:03.104-0500][gc,marking    ] GC(2) Concurrent Cleanup for Next Mark
[2024-04-29T10:57:03.106-0500][gc,marking    ] GC(2) Concurrent Cleanup for Next Mark 1.704ms
[2024-04-29T10:57:03.106-0500][gc            ] GC(2) Concurrent Cycle 10.235ms
[2024-04-29T10:57:03.509-0500][gc,start      ] GC(3) Pause Young (Normal) (G1 Evacuation Pause)
[2024-04-29T10:57:03.509-0500][gc,task       ] GC(3) Using 15 workers of 15 for evacuation
[2024-04-29T10:57:03.511-0500][gc,phases     ] GC(3)   Pre Evacuate Collection Set: 0.0ms
[2024-04-29T10:57:03.511-0500][gc,phases     ] GC(3)   Evacuate Collection Set: 1.8ms
[2024-04-29T10:57:03.511-0500][gc,phases     ] GC(3)   Post Evacuate Collection Set: 0.4ms
[2024-04-29T10:57:03.511-0500][gc,phases     ] GC(3)   Other: 0.2ms
[2024-04-29T10:57:03.511-0500][gc,heap       ] GC(3) Eden regions: 49->0(47)
[2024-04-29T10:57:03.511-0500][gc,heap       ] GC(3) Survivor regions: 2->4(7)
[2024-04-29T10:57:03.511-0500][gc,heap       ] GC(3) Old regions: 10->10
[2024-04-29T10:57:03.511-0500][gc,heap       ] GC(3) Humongous regions: 129->129
[2024-04-29T10:57:03.511-0500][gc,metaspace  ] GC(3) Metaspace: 28185K(29312K)->28185K(29312K) NonClass: 24901K(25600K)->24901K(25600K) Class: 3283K(3712K)->3283K(3712K)
[2024-04-29T10:57:03.511-0500][gc            ] GC(3) Pause Young (Normal) (G1 Evacuation Pause) 187M->140M(1024M) 2.405ms
[2024-04-29T10:57:03.511-0500][gc,cpu        ] GC(3) User=0.03s Sys=0.00s Real=0.01s
[2024-04-29T10:57:03.773-0500][gc,start      ] GC(4) Pause Young (Concurrent Start) (Metadata GC Threshold)
[2024-04-29T10:57:03.773-0500][gc,task       ] GC(4) Using 15 workers of 15 for evacuation
[2024-04-29T10:57:03.781-0500][gc,phases     ] GC(4)   Pre Evacuate Collection Set: 0.1ms
[2024-04-29T10:57:03.781-0500][gc,phases     ] GC(4)   Evacuate Collection Set: 6.8ms
[2024-04-29T10:57:03.781-0500][gc,phases     ] GC(4)   Post Evacuate Collection Set: 0.4ms
[2024-04-29T10:57:03.781-0500][gc,phases     ] GC(4)   Other: 0.2ms
[2024-04-29T10:57:03.781-0500][gc,heap       ] GC(4) Eden regions: 43->0(44)
[2024-04-29T10:57:03.781-0500][gc,heap       ] GC(4) Survivor regions: 4->7(7)
[2024-04-29T10:57:03.781-0500][gc,heap       ] GC(4) Old regions: 10->10
[2024-04-29T10:57:03.781-0500][gc,heap       ] GC(4) Humongous regions: 129->129
[2024-04-29T10:57:03.781-0500][gc,metaspace  ] GC(4) Metaspace: 34729K(36048K)->34729K(36048K) NonClass: 30745K(31488K)->30745K(31488K) Class: 3983K(4560K)->3983K(4560K)
[2024-04-29T10:57:03.781-0500][gc            ] GC(4) Pause Young (Concurrent Start) (Metadata GC Threshold) 182M->144M(1024M) 7.524ms
[2024-04-29T10:57:03.781-0500][gc,cpu        ] GC(4) User=0.04s Sys=0.00s Real=0.00s
[2024-04-29T10:57:03.781-0500][gc            ] GC(5) Concurrent Cycle
[2024-04-29T10:57:03.781-0500][gc,marking    ] GC(5) Concurrent Clear Claimed Marks
[2024-04-29T10:57:03.781-0500][gc,marking    ] GC(5) Concurrent Clear Claimed Marks 0.027ms
[2024-04-29T10:57:03.781-0500][gc,marking    ] GC(5) Concurrent Scan Root Regions
[2024-04-29T10:57:03.782-0500][gc,marking    ] GC(5) Concurrent Scan Root Regions 1.256ms
[2024-04-29T10:57:03.782-0500][gc,marking    ] GC(5) Concurrent Mark (1.454s)
[2024-04-29T10:57:03.782-0500][gc,marking    ] GC(5) Concurrent Mark From Roots
[2024-04-29T10:57:03.782-0500][gc,task       ] GC(5) Using 4 workers of 4 for marking
[2024-04-29T10:57:03.785-0500][gc,marking    ] GC(5) Concurrent Mark From Roots 3.076ms
[2024-04-29T10:57:03.785-0500][gc,marking    ] GC(5) Concurrent Preclean
[2024-04-29T10:57:03.785-0500][gc,marking    ] GC(5) Concurrent Preclean 0.128ms
[2024-04-29T10:57:03.786-0500][gc,marking    ] GC(5) Concurrent Mark (1.454s, 1.457s) 3.238ms
[2024-04-29T10:57:03.786-0500][gc,start      ] GC(5) Pause Remark
[2024-04-29T10:57:03.787-0500][gc,stringtable] GC(5) Cleaned string and symbol table, strings: 10015 processed, 9 removed, symbols: 84329 processed, 18 removed
[2024-04-29T10:57:03.787-0500][gc            ] GC(5) Pause Remark 145M->145M(1024M) 1.252ms
[2024-04-29T10:57:03.787-0500][gc,cpu        ] GC(5) User=0.02s Sys=0.00s Real=0.00s
[2024-04-29T10:57:03.787-0500][gc,marking    ] GC(5) Concurrent Rebuild Remembered Sets
[2024-04-29T10:57:03.789-0500][gc,marking    ] GC(5) Concurrent Rebuild Remembered Sets 1.719ms
[2024-04-29T10:57:03.789-0500][gc,start      ] GC(5) Pause Cleanup
[2024-04-29T10:57:03.789-0500][gc            ] GC(5) Pause Cleanup 145M->145M(1024M) 0.119ms
[2024-04-29T10:57:03.789-0500][gc,cpu        ] GC(5) User=0.00s Sys=0.00s Real=0.00s
[2024-04-29T10:57:03.789-0500][gc,marking    ] GC(5) Concurrent Cleanup for Next Mark
[2024-04-29T10:57:03.791-0500][gc,marking    ] GC(5) Concurrent Cleanup for Next Mark 1.668ms
[2024-04-29T10:57:03.791-0500][gc            ] GC(5) Concurrent Cycle 9.600ms
[2024-04-29T10:59:03.428-0500][gc,start      ] GC(6) Pause Young (Normal) (G1 Evacuation Pause)
[2024-04-29T10:59:03.428-0500][gc,task       ] GC(6) Using 15 workers of 15 for evacuation
[2024-04-29T10:59:03.433-0500][gc,phases     ] GC(6)   Pre Evacuate Collection Set: 0.0ms
[2024-04-29T10:59:03.433-0500][gc,phases     ] GC(6)   Evacuate Collection Set: 4.7ms
[2024-04-29T10:59:03.433-0500][gc,phases     ] GC(6)   Post Evacuate Collection Set: 0.8ms
[2024-04-29T10:59:03.433-0500][gc,phases     ] GC(6)   Other: 0.3ms
[2024-04-29T10:59:03.433-0500][gc,heap       ] GC(6) Eden regions: 44->0(48)
[2024-04-29T10:59:03.433-0500][gc,heap       ] GC(6) Survivor regions: 7->3(7)
[2024-04-29T10:59:03.433-0500][gc,heap       ] GC(6) Old regions: 10->16
[2024-04-29T10:59:03.434-0500][gc,heap       ] GC(6) Humongous regions: 147->129
[2024-04-29T10:59:03.434-0500][gc,metaspace  ] GC(6) Metaspace: 41738K(43932K)->41738K(43932K) NonClass: 36535K(37580K)->36535K(37580K) Class: 5202K(6352K)->5202K(6352K)
[2024-04-29T10:59:03.434-0500][gc            ] GC(6) Pause Young (Normal) (G1 Evacuation Pause) 206M->146M(1024M) 5.962ms
[2024-04-29T10:59:03.434-0500][gc,cpu        ] GC(6) User=0.05s Sys=0.03s Real=0.01s
[2024-04-29T11:04:58.682-0500][gc,heap,exit  ] Heap
[2024-04-29T11:04:58.682-0500][gc,heap,exit  ]  garbage-first heap   total 1048576K, used 185397K [0x00000000c0000000, 0x0000000100000000)
[2024-04-29T11:04:58.682-0500][gc,heap,exit  ]   region size 1024K, 38 young (38912K), 3 survivors (3072K)
[2024-04-29T11:04:58.682-0500][gc,heap,exit  ]  Metaspace       used 45024K, capacity 47777K, committed 47900K, reserved 1089536K
[2024-04-29T11:04:58.682-0500][gc,heap,exit  ]   class space    used 5881K, capacity 7240K, committed 7248K, reserved 1048576K
