[2024-04-26T14:37:31.833-0500][gc,heap] Heap region size: 1M
[2024-04-26T14:37:31.844-0500][gc     ] Using G1
[2024-04-26T14:37:31.844-0500][gc,heap,coops] Heap address: 0x00000000c0000000, size: 1024 MB, Compressed Oops mode: 32-bit
[2024-04-26T14:37:31.844-0500][gc,cds       ] Mark closed archive regions in map: [0x00000000ffc00000, 0x00000000ffc6bff8]
[2024-04-26T14:37:31.844-0500][gc,cds       ] Mark open archive regions in map: [0x00000000ff800000, 0x00000000ff847ff8]
[2024-04-26T14:37:32.351-0500][gc,start     ] GC(0) Pause Young (Normal) (G1 Evacuation Pause)
[2024-04-26T14:37:32.353-0500][gc,task      ] GC(0) Using 15 workers of 15 for evacuation
[2024-04-26T14:37:32.359-0500][gc,phases    ] GC(0)   Pre Evacuate Collection Set: 0.0ms
[2024-04-26T14:37:32.359-0500][gc,phases    ] GC(0)   Evacuate Collection Set: 5.8ms
[2024-04-26T14:37:32.359-0500][gc,phases    ] GC(0)   Post Evacuate Collection Set: 0.3ms
[2024-04-26T14:37:32.359-0500][gc,phases    ] GC(0)   Other: 1.4ms
[2024-04-26T14:37:32.359-0500][gc,heap      ] GC(0) Eden regions: 51->0(44)
[2024-04-26T14:37:32.359-0500][gc,heap      ] GC(0) Survivor regions: 0->7(7)
[2024-04-26T14:37:32.359-0500][gc,heap      ] GC(0) Old regions: 2->3
[2024-04-26T14:37:32.359-0500][gc,heap      ] GC(0) Humongous regions: 0->0
[2024-04-26T14:37:32.359-0500][gc,metaspace ] GC(0) Metaspace: 14098K(14848K)->14098K(14848K) NonClass: 12372K(12800K)->12372K(12800K) Class: 1726K(2048K)->1726K(2048K)
[2024-04-26T14:37:32.359-0500][gc           ] GC(0) Pause Young (Normal) (G1 Evacuation Pause) 51M->8M(1024M) 7.517ms
[2024-04-26T14:37:32.359-0500][gc,cpu       ] GC(0) User=0.09s Sys=0.00s Real=0.00s
[2024-04-26T14:37:32.623-0500][gc,start     ] GC(1) Pause Young (Concurrent Start) (Metadata GC Threshold)
[2024-04-26T14:37:32.624-0500][gc,task      ] GC(1) Using 15 workers of 15 for evacuation
[2024-04-26T14:37:32.630-0500][gc,phases    ] GC(1)   Pre Evacuate Collection Set: 0.1ms
[2024-04-26T14:37:32.630-0500][gc,phases    ] GC(1)   Evacuate Collection Set: 6.0ms
[2024-04-26T14:37:32.630-0500][gc,phases    ] GC(1)   Post Evacuate Collection Set: 0.3ms
[2024-04-26T14:37:32.630-0500][gc,phases    ] GC(1)   Other: 0.4ms
[2024-04-26T14:37:32.630-0500][gc,heap      ] GC(1) Eden regions: 30->0(49)
[2024-04-26T14:37:32.630-0500][gc,heap      ] GC(1) Survivor regions: 7->2(7)
[2024-04-26T14:37:32.630-0500][gc,heap      ] GC(1) Old regions: 3->10
[2024-04-26T14:37:32.630-0500][gc,heap      ] GC(1) Humongous regions: 0->0
[2024-04-26T14:37:32.630-0500][gc,metaspace ] GC(1) Metaspace: 20482K(21296K)->20482K(21296K) NonClass: 18031K(18608K)->18031K(18608K) Class: 2451K(2688K)->2451K(2688K)
[2024-04-26T14:37:32.630-0500][gc           ] GC(1) Pause Young (Concurrent Start) (Metadata GC Threshold) 37M->9M(1024M) 6.821ms
[2024-04-26T14:37:32.630-0500][gc,cpu       ] GC(1) User=0.04s Sys=0.00s Real=0.00s
[2024-04-26T14:37:32.630-0500][gc           ] GC(2) Concurrent Cycle
[2024-04-26T14:37:32.630-0500][gc,marking   ] GC(2) Concurrent Clear Claimed Marks
[2024-04-26T14:37:32.630-0500][gc,marking   ] GC(2) Concurrent Clear Claimed Marks 0.014ms
[2024-04-26T14:37:32.630-0500][gc,marking   ] GC(2) Concurrent Scan Root Regions
[2024-04-26T14:37:32.631-0500][gc,marking   ] GC(2) Concurrent Scan Root Regions 0.698ms
[2024-04-26T14:37:32.631-0500][gc,marking   ] GC(2) Concurrent Mark (0.800s)
[2024-04-26T14:37:32.631-0500][gc,marking   ] GC(2) Concurrent Mark From Roots
[2024-04-26T14:37:32.631-0500][gc,task      ] GC(2) Using 4 workers of 4 for marking
[2024-04-26T14:37:32.634-0500][gc,marking   ] GC(2) Concurrent Mark From Roots 2.784ms
[2024-04-26T14:37:32.634-0500][gc,marking   ] GC(2) Concurrent Preclean
[2024-04-26T14:37:32.634-0500][gc,marking   ] GC(2) Concurrent Preclean 0.081ms
[2024-04-26T14:37:32.634-0500][gc,marking   ] GC(2) Concurrent Mark (0.800s, 0.803s) 2.890ms
[2024-04-26T14:37:32.634-0500][gc,start     ] GC(2) Pause Remark
[2024-04-26T14:37:32.635-0500][gc,stringtable] GC(2) Cleaned string and symbol table, strings: 5676 processed, 0 removed, symbols: 53771 processed, 43 removed
[2024-04-26T14:37:32.635-0500][gc            ] GC(2) Pause Remark 9M->9M(1024M) 1.180ms
[2024-04-26T14:37:32.635-0500][gc,cpu        ] GC(2) User=0.02s Sys=0.00s Real=0.00s
[2024-04-26T14:37:32.635-0500][gc,marking    ] GC(2) Concurrent Rebuild Remembered Sets
[2024-04-26T14:37:32.637-0500][gc,marking    ] GC(2) Concurrent Rebuild Remembered Sets 1.260ms
[2024-04-26T14:37:32.637-0500][gc,start      ] GC(2) Pause Cleanup
[2024-04-26T14:37:32.637-0500][gc            ] GC(2) Pause Cleanup 9M->9M(1024M) 0.085ms
[2024-04-26T14:37:32.637-0500][gc,cpu        ] GC(2) User=0.00s Sys=0.00s Real=0.00s
[2024-04-26T14:37:32.637-0500][gc,marking    ] GC(2) Concurrent Cleanup for Next Mark
[2024-04-26T14:37:32.638-0500][gc,marking    ] GC(2) Concurrent Cleanup for Next Mark 1.547ms
[2024-04-26T14:37:32.638-0500][gc            ] GC(2) Concurrent Cycle 7.941ms
[2024-04-26T14:37:33.009-0500][gc,start      ] GC(3) Pause Young (Normal) (G1 Evacuation Pause)
[2024-04-26T14:37:33.009-0500][gc,task       ] GC(3) Using 15 workers of 15 for evacuation
[2024-04-26T14:37:33.011-0500][gc,phases     ] GC(3)   Pre Evacuate Collection Set: 0.0ms
[2024-04-26T14:37:33.011-0500][gc,phases     ] GC(3)   Evacuate Collection Set: 1.8ms
[2024-04-26T14:37:33.011-0500][gc,phases     ] GC(3)   Post Evacuate Collection Set: 0.3ms
[2024-04-26T14:37:33.011-0500][gc,phases     ] GC(3)   Other: 0.1ms
[2024-04-26T14:37:33.011-0500][gc,heap       ] GC(3) Eden regions: 49->0(47)
[2024-04-26T14:37:33.011-0500][gc,heap       ] GC(3) Survivor regions: 2->4(7)
[2024-04-26T14:37:33.011-0500][gc,heap       ] GC(3) Old regions: 10->10
[2024-04-26T14:37:33.011-0500][gc,heap       ] GC(3) Humongous regions: 129->129
[2024-04-26T14:37:33.011-0500][gc,metaspace  ] GC(3) Metaspace: 28881K(29820K)->28881K(29820K) NonClass: 25532K(26032K)->25532K(26032K) Class: 3349K(3788K)->3349K(3788K)
[2024-04-26T14:37:33.011-0500][gc            ] GC(3) Pause Young (Normal) (G1 Evacuation Pause) 187M->140M(1024M) 2.225ms
[2024-04-26T14:37:33.011-0500][gc,cpu        ] GC(3) User=0.02s Sys=0.00s Real=0.00s
[2024-04-26T14:37:33.212-0500][gc,start      ] GC(4) Pause Young (Concurrent Start) (Metadata GC Threshold)
[2024-04-26T14:37:33.212-0500][gc,task       ] GC(4) Using 15 workers of 15 for evacuation
[2024-04-26T14:37:33.215-0500][gc,phases     ] GC(4)   Pre Evacuate Collection Set: 0.1ms
[2024-04-26T14:37:33.215-0500][gc,phases     ] GC(4)   Evacuate Collection Set: 2.5ms
[2024-04-26T14:37:33.215-0500][gc,phases     ] GC(4)   Post Evacuate Collection Set: 0.4ms
[2024-04-26T14:37:33.215-0500][gc,phases     ] GC(4)   Other: 0.2ms
[2024-04-26T14:37:33.215-0500][gc,heap       ] GC(4) Eden regions: 34->0(45)
[2024-04-26T14:37:33.215-0500][gc,heap       ] GC(4) Survivor regions: 4->6(7)
[2024-04-26T14:37:33.215-0500][gc,heap       ] GC(4) Old regions: 10->11
[2024-04-26T14:37:33.215-0500][gc,heap       ] GC(4) Humongous regions: 129->129
[2024-04-26T14:37:33.215-0500][gc,metaspace  ] GC(4) Metaspace: 34606K(35964K)->34606K(35964K) NonClass: 30631K(31408K)->30631K(31408K) Class: 3974K(4556K)->3974K(4556K)
[2024-04-26T14:37:33.215-0500][gc            ] GC(4) Pause Young (Concurrent Start) (Metadata GC Threshold) 174M->143M(1024M) 3.147ms
[2024-04-26T14:37:33.215-0500][gc,cpu        ] GC(4) User=0.03s Sys=0.01s Real=0.00s
[2024-04-26T14:37:33.215-0500][gc            ] GC(5) Concurrent Cycle
[2024-04-26T14:37:33.215-0500][gc,marking    ] GC(5) Concurrent Clear Claimed Marks
[2024-04-26T14:37:33.216-0500][gc,marking    ] GC(5) Concurrent Clear Claimed Marks 0.031ms
[2024-04-26T14:37:33.216-0500][gc,marking    ] GC(5) Concurrent Scan Root Regions
[2024-04-26T14:37:33.216-0500][gc,marking    ] GC(5) Concurrent Scan Root Regions 0.878ms
[2024-04-26T14:37:33.216-0500][gc,marking    ] GC(5) Concurrent Mark (1.385s)
[2024-04-26T14:37:33.216-0500][gc,marking    ] GC(5) Concurrent Mark From Roots
[2024-04-26T14:37:33.216-0500][gc,task       ] GC(5) Using 4 workers of 4 for marking
[2024-04-26T14:37:33.219-0500][gc,marking    ] GC(5) Concurrent Mark From Roots 2.968ms
[2024-04-26T14:37:33.219-0500][gc,marking    ] GC(5) Concurrent Preclean
[2024-04-26T14:37:33.219-0500][gc,marking    ] GC(5) Concurrent Preclean 0.100ms
[2024-04-26T14:37:33.219-0500][gc,marking    ] GC(5) Concurrent Mark (1.385s, 1.388s) 3.089ms
[2024-04-26T14:37:33.220-0500][gc,start      ] GC(5) Pause Remark
[2024-04-26T14:37:33.221-0500][gc,stringtable] GC(5) Cleaned string and symbol table, strings: 10466 processed, 10 removed, symbols: 87579 processed, 18 removed
[2024-04-26T14:37:33.221-0500][gc            ] GC(5) Pause Remark 144M->144M(1024M) 1.059ms
[2024-04-26T14:37:33.221-0500][gc,cpu        ] GC(5) User=0.01s Sys=0.00s Real=0.00s
[2024-04-26T14:37:33.221-0500][gc,marking    ] GC(5) Concurrent Rebuild Remembered Sets
[2024-04-26T14:37:33.222-0500][gc,marking    ] GC(5) Concurrent Rebuild Remembered Sets 1.306ms
[2024-04-26T14:37:33.222-0500][gc,start      ] GC(5) Pause Cleanup
[2024-04-26T14:37:33.222-0500][gc            ] GC(5) Pause Cleanup 145M->145M(1024M) 0.067ms
[2024-04-26T14:37:33.222-0500][gc,cpu        ] GC(5) User=0.00s Sys=0.00s Real=0.00s
[2024-04-26T14:37:33.222-0500][gc,marking    ] GC(5) Concurrent Cleanup for Next Mark
[2024-04-26T14:37:33.224-0500][gc,marking    ] GC(5) Concurrent Cleanup for Next Mark 1.740ms
[2024-04-26T14:37:33.224-0500][gc            ] GC(5) Concurrent Cycle 8.508ms
[2024-04-26T14:38:23.888-0500][gc,start      ] GC(6) Pause Young (Normal) (G1 Evacuation Pause)
[2024-04-26T14:38:23.888-0500][gc,task       ] GC(6) Using 15 workers of 15 for evacuation
[2024-04-26T14:38:23.893-0500][gc,phases     ] GC(6)   Pre Evacuate Collection Set: 0.0ms
[2024-04-26T14:38:23.893-0500][gc,phases     ] GC(6)   Evacuate Collection Set: 3.9ms
[2024-04-26T14:38:23.893-0500][gc,phases     ] GC(6)   Post Evacuate Collection Set: 0.7ms
[2024-04-26T14:38:23.893-0500][gc,phases     ] GC(6)   Other: 0.3ms
[2024-04-26T14:38:23.893-0500][gc,heap       ] GC(6) Eden regions: 45->0(47)
[2024-04-26T14:38:23.893-0500][gc,heap       ] GC(6) Survivor regions: 6->4(7)
[2024-04-26T14:38:23.893-0500][gc,heap       ] GC(6) Old regions: 11->14
[2024-04-26T14:38:23.893-0500][gc,heap       ] GC(6) Humongous regions: 129->129
[2024-04-26T14:38:23.893-0500][gc,metaspace  ] GC(6) Metaspace: 37571K(39036K)->37571K(39036K) NonClass: 33220K(33968K)->33220K(33968K) Class: 4351K(5068K)->4351K(5068K)
[2024-04-26T14:38:23.893-0500][gc            ] GC(6) Pause Young (Normal) (G1 Evacuation Pause) 188M->144M(1024M) 5.010ms
[2024-04-26T14:38:23.893-0500][gc,cpu        ] GC(6) User=0.06s Sys=0.00s Real=0.01s
[2024-04-26T14:39:43.647-0500][gc,start      ] GC(7) Pause Young (Normal) (G1 Evacuation Pause)
[2024-04-26T14:39:43.647-0500][gc,task       ] GC(7) Using 15 workers of 15 for evacuation
[2024-04-26T14:39:43.650-0500][gc,phases     ] GC(7)   Pre Evacuate Collection Set: 0.0ms
[2024-04-26T14:39:43.650-0500][gc,phases     ] GC(7)   Evacuate Collection Set: 2.2ms
[2024-04-26T14:39:43.650-0500][gc,phases     ] GC(7)   Post Evacuate Collection Set: 0.6ms
[2024-04-26T14:39:43.650-0500][gc,phases     ] GC(7)   Other: 0.3ms
[2024-04-26T14:39:43.650-0500][gc,heap       ] GC(7) Eden regions: 47->0(47)
[2024-04-26T14:39:43.650-0500][gc,heap       ] GC(7) Survivor regions: 4->4(7)
[2024-04-26T14:39:43.650-0500][gc,heap       ] GC(7) Old regions: 14->14
[2024-04-26T14:39:43.650-0500][gc,heap       ] GC(7) Humongous regions: 129->129
[2024-04-26T14:39:43.650-0500][gc,metaspace  ] GC(7) Metaspace: 37713K(39292K)->37713K(39292K) NonClass: 33362K(34224K)->33362K(34224K) Class: 4351K(5068K)->4351K(5068K)
[2024-04-26T14:39:43.650-0500][gc            ] GC(7) Pause Young (Normal) (G1 Evacuation Pause) 191M->144M(1024M) 3.155ms
[2024-04-26T14:39:43.650-0500][gc,cpu        ] GC(7) User=0.03s Sys=0.00s Real=0.00s
[2024-04-26T14:41:06.030-0500][gc,start      ] GC(8) Pause Young (Normal) (G1 Evacuation Pause)
[2024-04-26T14:41:06.030-0500][gc,task       ] GC(8) Using 15 workers of 15 for evacuation
[2024-04-26T14:41:06.032-0500][gc,phases     ] GC(8)   Pre Evacuate Collection Set: 0.0ms
[2024-04-26T14:41:06.032-0500][gc,phases     ] GC(8)   Evacuate Collection Set: 1.2ms
[2024-04-26T14:41:06.032-0500][gc,phases     ] GC(8)   Post Evacuate Collection Set: 0.3ms
[2024-04-26T14:41:06.032-0500][gc,phases     ] GC(8)   Other: 0.1ms
[2024-04-26T14:41:06.032-0500][gc,heap       ] GC(8) Eden regions: 47->0(47)
[2024-04-26T14:41:06.032-0500][gc,heap       ] GC(8) Survivor regions: 4->4(7)
[2024-04-26T14:41:06.032-0500][gc,heap       ] GC(8) Old regions: 14->14
[2024-04-26T14:41:06.032-0500][gc,heap       ] GC(8) Humongous regions: 129->129
[2024-04-26T14:41:06.032-0500][gc,metaspace  ] GC(8) Metaspace: 37720K(39292K)->37720K(39292K) NonClass: 33368K(34224K)->33368K(34224K) Class: 4351K(5068K)->4351K(5068K)
[2024-04-26T14:41:06.032-0500][gc            ] GC(8) Pause Young (Normal) (G1 Evacuation Pause) 191M->144M(1024M) 1.741ms
[2024-04-26T14:41:06.032-0500][gc,cpu        ] GC(8) User=0.02s Sys=0.00s Real=0.01s
[2024-04-26T14:42:30.844-0500][gc,start      ] GC(9) Pause Young (Normal) (G1 Evacuation Pause)
[2024-04-26T14:42:30.844-0500][gc,task       ] GC(9) Using 15 workers of 15 for evacuation
[2024-04-26T14:42:30.845-0500][gc,phases     ] GC(9)   Pre Evacuate Collection Set: 0.0ms
[2024-04-26T14:42:30.845-0500][gc,phases     ] GC(9)   Evacuate Collection Set: 0.9ms
[2024-04-26T14:42:30.845-0500][gc,phases     ] GC(9)   Post Evacuate Collection Set: 0.3ms
[2024-04-26T14:42:30.845-0500][gc,phases     ] GC(9)   Other: 0.1ms
[2024-04-26T14:42:30.845-0500][gc,heap       ] GC(9) Eden regions: 47->0(51)
[2024-04-26T14:42:30.845-0500][gc,heap       ] GC(9) Survivor regions: 4->4(7)
[2024-04-26T14:42:30.845-0500][gc,heap       ] GC(9) Old regions: 14->14
[2024-04-26T14:42:30.845-0500][gc,heap       ] GC(9) Humongous regions: 129->129
[2024-04-26T14:42:30.845-0500][gc,metaspace  ] GC(9) Metaspace: 37734K(39292K)->37734K(39292K) NonClass: 33382K(34224K)->33382K(34224K) Class: 4351K(5068K)->4351K(5068K)
[2024-04-26T14:42:30.845-0500][gc            ] GC(9) Pause Young (Normal) (G1 Evacuation Pause) 191M->144M(1024M) 1.435ms
[2024-04-26T14:42:30.845-0500][gc,cpu        ] GC(9) User=0.02s Sys=0.01s Real=0.00s
[2024-04-26T14:44:04.955-0500][gc,start      ] GC(10) Pause Young (Normal) (G1 Evacuation Pause)
[2024-04-26T14:44:04.955-0500][gc,task       ] GC(10) Using 15 workers of 15 for evacuation
[2024-04-26T14:44:04.956-0500][gc,phases     ] GC(10)   Pre Evacuate Collection Set: 0.0ms
[2024-04-26T14:44:04.956-0500][gc,phases     ] GC(10)   Evacuate Collection Set: 1.2ms
[2024-04-26T14:44:04.956-0500][gc,phases     ] GC(10)   Post Evacuate Collection Set: 0.3ms
[2024-04-26T14:44:04.956-0500][gc,phases     ] GC(10)   Other: 0.1ms
[2024-04-26T14:44:04.956-0500][gc,heap       ] GC(10) Eden regions: 51->0(60)
[2024-04-26T14:44:04.956-0500][gc,heap       ] GC(10) Survivor regions: 4->4(7)
[2024-04-26T14:44:04.956-0500][gc,heap       ] GC(10) Old regions: 14->14
[2024-04-26T14:44:04.956-0500][gc,heap       ] GC(10) Humongous regions: 129->129
[2024-04-26T14:44:04.956-0500][gc,metaspace  ] GC(10) Metaspace: 37737K(39292K)->37737K(39292K) NonClass: 33385K(34224K)->33385K(34224K) Class: 4351K(5068K)->4351K(5068K)
[2024-04-26T14:44:04.956-0500][gc            ] GC(10) Pause Young (Normal) (G1 Evacuation Pause) 195M->144M(1024M) 1.723ms
[2024-04-26T14:44:04.956-0500][gc,cpu        ] GC(10) User=0.02s Sys=0.00s Real=0.00s
[2024-04-26T14:45:56.212-0500][gc,start      ] GC(11) Pause Young (Normal) (G1 Evacuation Pause)
[2024-04-26T14:45:56.213-0500][gc,task       ] GC(11) Using 15 workers of 15 for evacuation
[2024-04-26T14:45:56.216-0500][gc,phases     ] GC(11)   Pre Evacuate Collection Set: 0.0ms
[2024-04-26T14:45:56.216-0500][gc,phases     ] GC(11)   Evacuate Collection Set: 2.1ms
[2024-04-26T14:45:56.216-0500][gc,phases     ] GC(11)   Post Evacuate Collection Set: 0.5ms
[2024-04-26T14:45:56.216-0500][gc,phases     ] GC(11)   Other: 0.5ms
[2024-04-26T14:45:56.216-0500][gc,heap       ] GC(11) Eden regions: 60->0(69)
[2024-04-26T14:45:56.216-0500][gc,heap       ] GC(11) Survivor regions: 4->4(8)
[2024-04-26T14:45:56.216-0500][gc,heap       ] GC(11) Old regions: 14->14
[2024-04-26T14:45:56.216-0500][gc,heap       ] GC(11) Humongous regions: 129->129
[2024-04-26T14:45:56.216-0500][gc,metaspace  ] GC(11) Metaspace: 37738K(39292K)->37738K(39292K) NonClass: 33387K(34224K)->33387K(34224K) Class: 4351K(5068K)->4351K(5068K)
[2024-04-26T14:45:56.216-0500][gc            ] GC(11) Pause Young (Normal) (G1 Evacuation Pause) 204M->144M(1024M) 3.288ms
[2024-04-26T14:45:56.216-0500][gc,cpu        ] GC(11) User=0.03s Sys=0.00s Real=0.00s
[2024-04-26T14:48:05.295-0500][gc,start      ] GC(12) Pause Young (Normal) (G1 Evacuation Pause)
[2024-04-26T14:48:05.295-0500][gc,task       ] GC(12) Using 15 workers of 15 for evacuation
[2024-04-26T14:48:05.299-0500][gc,phases     ] GC(12)   Pre Evacuate Collection Set: 0.1ms
[2024-04-26T14:48:05.299-0500][gc,phases     ] GC(12)   Evacuate Collection Set: 2.7ms
[2024-04-26T14:48:05.299-0500][gc,phases     ] GC(12)   Post Evacuate Collection Set: 0.5ms
[2024-04-26T14:48:05.299-0500][gc,phases     ] GC(12)   Other: 0.3ms
[2024-04-26T14:48:05.299-0500][gc,heap       ] GC(12) Eden regions: 69->0(82)
[2024-04-26T14:48:05.299-0500][gc,heap       ] GC(12) Survivor regions: 4->4(10)
[2024-04-26T14:48:05.299-0500][gc,heap       ] GC(12) Old regions: 14->14
[2024-04-26T14:48:05.299-0500][gc,heap       ] GC(12) Humongous regions: 129->129
[2024-04-26T14:48:05.299-0500][gc,metaspace  ] GC(12) Metaspace: 37742K(39292K)->37742K(39292K) NonClass: 33390K(34224K)->33390K(34224K) Class: 4352K(5068K)->4352K(5068K)
[2024-04-26T14:48:05.299-0500][gc            ] GC(12) Pause Young (Normal) (G1 Evacuation Pause) 213M->144M(1024M) 3.552ms
[2024-04-26T14:48:05.299-0500][gc,cpu        ] GC(12) User=0.03s Sys=0.00s Real=0.00s
[2024-04-26T14:50:40.222-0500][gc,start      ] GC(13) Pause Young (Normal) (G1 Evacuation Pause)
[2024-04-26T14:50:40.222-0500][gc,task       ] GC(13) Using 15 workers of 15 for evacuation
[2024-04-26T14:50:40.225-0500][gc,phases     ] GC(13)   Pre Evacuate Collection Set: 0.1ms
[2024-04-26T14:50:40.226-0500][gc,phases     ] GC(13)   Evacuate Collection Set: 2.9ms
[2024-04-26T14:50:40.226-0500][gc,phases     ] GC(13)   Post Evacuate Collection Set: 0.6ms
[2024-04-26T14:50:40.226-0500][gc,phases     ] GC(13)   Other: 0.3ms
[2024-04-26T14:50:40.226-0500][gc,heap       ] GC(13) Eden regions: 82->0(99)
[2024-04-26T14:50:40.226-0500][gc,heap       ] GC(13) Survivor regions: 4->4(11)
[2024-04-26T14:50:40.226-0500][gc,heap       ] GC(13) Old regions: 14->14
[2024-04-26T14:50:40.226-0500][gc,heap       ] GC(13) Humongous regions: 129->129
[2024-04-26T14:50:40.226-0500][gc,metaspace  ] GC(13) Metaspace: 37765K(39292K)->37765K(39292K) NonClass: 33411K(34224K)->33411K(34224K) Class: 4353K(5068K)->4353K(5068K)
[2024-04-26T14:50:40.226-0500][gc            ] GC(13) Pause Young (Normal) (G1 Evacuation Pause) 226M->144M(1024M) 3.983ms
[2024-04-26T14:50:40.226-0500][gc,cpu        ] GC(13) User=0.05s Sys=0.00s Real=0.01s
[2024-04-26T14:53:49.121-0500][gc,start      ] GC(14) Pause Young (Normal) (G1 Evacuation Pause)
[2024-04-26T14:53:49.121-0500][gc,task       ] GC(14) Using 15 workers of 15 for evacuation
[2024-04-26T14:53:49.124-0500][gc,phases     ] GC(14)   Pre Evacuate Collection Set: 0.0ms
[2024-04-26T14:53:49.124-0500][gc,phases     ] GC(14)   Evacuate Collection Set: 2.8ms
[2024-04-26T14:53:49.124-0500][gc,phases     ] GC(14)   Post Evacuate Collection Set: 0.5ms
[2024-04-26T14:53:49.124-0500][gc,phases     ] GC(14)   Other: 0.3ms
[2024-04-26T14:53:49.124-0500][gc,heap       ] GC(14) Eden regions: 99->0(118)
[2024-04-26T14:53:49.124-0500][gc,heap       ] GC(14) Survivor regions: 4->4(13)
[2024-04-26T14:53:49.124-0500][gc,heap       ] GC(14) Old regions: 14->14
[2024-04-26T14:53:49.124-0500][gc,heap       ] GC(14) Humongous regions: 129->129
[2024-04-26T14:53:49.124-0500][gc,metaspace  ] GC(14) Metaspace: 37777K(39292K)->37777K(39292K) NonClass: 33423K(34224K)->33423K(34224K) Class: 4353K(5068K)->4353K(5068K)
[2024-04-26T14:53:49.124-0500][gc            ] GC(14) Pause Young (Normal) (G1 Evacuation Pause) 243M->144M(1024M) 3.819ms
[2024-04-26T14:53:49.124-0500][gc,cpu        ] GC(14) User=0.04s Sys=0.00s Real=0.01s
[2024-04-26T14:57:34.199-0500][gc,start      ] GC(15) Pause Young (Normal) (G1 Evacuation Pause)
[2024-04-26T14:57:34.199-0500][gc,task       ] GC(15) Using 15 workers of 15 for evacuation
[2024-04-26T14:57:34.203-0500][gc,phases     ] GC(15)   Pre Evacuate Collection Set: 0.1ms
[2024-04-26T14:57:34.203-0500][gc,phases     ] GC(15)   Evacuate Collection Set: 3.0ms
[2024-04-26T14:57:34.203-0500][gc,phases     ] GC(15)   Post Evacuate Collection Set: 0.8ms
[2024-04-26T14:57:34.203-0500][gc,phases     ] GC(15)   Other: 0.4ms
[2024-04-26T14:57:34.203-0500][gc,heap       ] GC(15) Eden regions: 118->0(140)
[2024-04-26T14:57:34.203-0500][gc,heap       ] GC(15) Survivor regions: 4->4(16)
[2024-04-26T14:57:34.203-0500][gc,heap       ] GC(15) Old regions: 14->14
[2024-04-26T14:57:34.203-0500][gc,heap       ] GC(15) Humongous regions: 129->129
[2024-04-26T14:57:34.203-0500][gc,metaspace  ] GC(15) Metaspace: 37824K(39548K)->37824K(39548K) NonClass: 33471K(34480K)->33471K(34480K) Class: 4353K(5068K)->4353K(5068K)
[2024-04-26T14:57:34.203-0500][gc            ] GC(15) Pause Young (Normal) (G1 Evacuation Pause) 262M->144M(1024M) 4.322ms
[2024-04-26T14:57:34.203-0500][gc,cpu        ] GC(15) User=0.04s Sys=0.01s Real=0.00s
[2024-04-26T15:02:01.172-0500][gc,start      ] GC(16) Pause Young (Normal) (G1 Evacuation Pause)
[2024-04-26T15:02:01.172-0500][gc,task       ] GC(16) Using 15 workers of 15 for evacuation
[2024-04-26T15:02:01.175-0500][gc,phases     ] GC(16)   Pre Evacuate Collection Set: 0.1ms
[2024-04-26T15:02:01.175-0500][gc,phases     ] GC(16)   Evacuate Collection Set: 2.5ms
[2024-04-26T15:02:01.175-0500][gc,phases     ] GC(16)   Post Evacuate Collection Set: 0.6ms
[2024-04-26T15:02:01.175-0500][gc,phases     ] GC(16)   Other: 0.3ms
[2024-04-26T15:02:01.175-0500][gc,heap       ] GC(16) Eden regions: 140->0(173)
[2024-04-26T15:02:01.175-0500][gc,heap       ] GC(16) Survivor regions: 4->4(18)
[2024-04-26T15:02:01.175-0500][gc,heap       ] GC(16) Old regions: 14->14
[2024-04-26T15:02:01.175-0500][gc,heap       ] GC(16) Humongous regions: 129->129
[2024-04-26T15:02:01.175-0500][gc,metaspace  ] GC(16) Metaspace: 37837K(39548K)->37837K(39548K) NonClass: 33484K(34480K)->33484K(34480K) Class: 4353K(5068K)->4353K(5068K)
[2024-04-26T15:02:01.175-0500][gc            ] GC(16) Pause Young (Normal) (G1 Evacuation Pause) 284M->144M(1024M) 3.529ms
[2024-04-26T15:02:01.175-0500][gc,cpu        ] GC(16) User=0.03s Sys=0.01s Real=0.00s
[2024-04-26T15:07:31.924-0500][gc,start      ] GC(17) Pause Young (Normal) (G1 Evacuation Pause)
[2024-04-26T15:07:31.924-0500][gc,task       ] GC(17) Using 15 workers of 15 for evacuation
[2024-04-26T15:07:31.927-0500][gc,phases     ] GC(17)   Pre Evacuate Collection Set: 0.0ms
[2024-04-26T15:07:31.928-0500][gc,phases     ] GC(17)   Evacuate Collection Set: 2.8ms
[2024-04-26T15:07:31.928-0500][gc,phases     ] GC(17)   Post Evacuate Collection Set: 0.6ms
[2024-04-26T15:07:31.928-0500][gc,phases     ] GC(17)   Other: 0.2ms
[2024-04-26T15:07:31.928-0500][gc,heap       ] GC(17) Eden regions: 173->0(207)
[2024-04-26T15:07:31.928-0500][gc,heap       ] GC(17) Survivor regions: 4->4(23)
[2024-04-26T15:07:31.928-0500][gc,heap       ] GC(17) Old regions: 14->14
[2024-04-26T15:07:31.928-0500][gc,heap       ] GC(17) Humongous regions: 129->129
[2024-04-26T15:07:31.928-0500][gc,metaspace  ] GC(17) Metaspace: 37848K(39548K)->37848K(39548K) NonClass: 33495K(34480K)->33495K(34480K) Class: 4353K(5068K)->4353K(5068K)
[2024-04-26T15:07:31.928-0500][gc            ] GC(17) Pause Young (Normal) (G1 Evacuation Pause) 317M->144M(1024M) 3.716ms
[2024-04-26T15:07:31.928-0500][gc,cpu        ] GC(17) User=0.04s Sys=0.00s Real=0.00s
[2024-04-26T15:14:07.713-0500][gc,start      ] GC(18) Pause Young (Normal) (G1 Evacuation Pause)
[2024-04-26T15:14:07.713-0500][gc,task       ] GC(18) Using 15 workers of 15 for evacuation
[2024-04-26T15:14:07.717-0500][gc,phases     ] GC(18)   Pre Evacuate Collection Set: 0.1ms
[2024-04-26T15:14:07.717-0500][gc,phases     ] GC(18)   Evacuate Collection Set: 2.8ms
[2024-04-26T15:14:07.717-0500][gc,phases     ] GC(18)   Post Evacuate Collection Set: 0.8ms
[2024-04-26T15:14:07.717-0500][gc,phases     ] GC(18)   Other: 0.3ms
[2024-04-26T15:14:07.717-0500][gc,heap       ] GC(18) Eden regions: 207->0(240)
[2024-04-26T15:14:07.717-0500][gc,heap       ] GC(18) Survivor regions: 4->4(27)
[2024-04-26T15:14:07.717-0500][gc,heap       ] GC(18) Old regions: 14->14
[2024-04-26T15:14:07.717-0500][gc,heap       ] GC(18) Humongous regions: 129->129
[2024-04-26T15:14:07.717-0500][gc,metaspace  ] GC(18) Metaspace: 37860K(39548K)->37860K(39548K) NonClass: 33507K(34480K)->33507K(34480K) Class: 4353K(5068K)->4353K(5068K)
[2024-04-26T15:14:07.717-0500][gc            ] GC(18) Pause Young (Normal) (G1 Evacuation Pause) 351M->144M(1024M) 4.198ms
[2024-04-26T15:14:07.717-0500][gc,cpu        ] GC(18) User=0.04s Sys=0.00s Real=0.00s
[2024-04-26T15:21:47.516-0500][gc,start      ] GC(19) Pause Young (Normal) (G1 Evacuation Pause)
[2024-04-26T15:21:47.516-0500][gc,task       ] GC(19) Using 15 workers of 15 for evacuation
[2024-04-26T15:21:47.521-0500][gc,phases     ] GC(19)   Pre Evacuate Collection Set: 0.1ms
[2024-04-26T15:21:47.521-0500][gc,phases     ] GC(19)   Evacuate Collection Set: 3.2ms
[2024-04-26T15:21:47.521-0500][gc,phases     ] GC(19)   Post Evacuate Collection Set: 0.9ms
[2024-04-26T15:21:47.521-0500][gc,phases     ] GC(19)   Other: 0.3ms
[2024-04-26T15:21:47.521-0500][gc,heap       ] GC(19) Eden regions: 240->0(281)
[2024-04-26T15:21:47.521-0500][gc,heap       ] GC(19) Survivor regions: 4->4(31)
[2024-04-26T15:21:47.521-0500][gc,heap       ] GC(19) Old regions: 14->14
[2024-04-26T15:21:47.521-0500][gc,heap       ] GC(19) Humongous regions: 129->129
[2024-04-26T15:21:47.521-0500][gc,metaspace  ] GC(19) Metaspace: 37924K(39548K)->37924K(39548K) NonClass: 33570K(34480K)->33570K(34480K) Class: 4353K(5068K)->4353K(5068K)
[2024-04-26T15:21:47.521-0500][gc            ] GC(19) Pause Young (Normal) (G1 Evacuation Pause) 384M->144M(1024M) 4.578ms
[2024-04-26T15:21:47.521-0500][gc,cpu        ] GC(19) User=0.05s Sys=0.00s Real=0.00s
[2024-04-26T15:30:45.270-0500][gc,start      ] GC(20) Pause Young (Normal) (G1 Evacuation Pause)
[2024-04-26T15:30:45.270-0500][gc,task       ] GC(20) Using 15 workers of 15 for evacuation
[2024-04-26T15:30:45.275-0500][gc,phases     ] GC(20)   Pre Evacuate Collection Set: 0.1ms
[2024-04-26T15:30:45.275-0500][gc,phases     ] GC(20)   Evacuate Collection Set: 3.5ms
[2024-04-26T15:30:45.275-0500][gc,phases     ] GC(20)   Post Evacuate Collection Set: 0.9ms
[2024-04-26T15:30:45.275-0500][gc,phases     ] GC(20)   Other: 0.4ms
[2024-04-26T15:30:45.275-0500][gc,heap       ] GC(20) Eden regions: 281->0(316)
[2024-04-26T15:30:45.275-0500][gc,heap       ] GC(20) Survivor regions: 4->1(36)
[2024-04-26T15:30:45.275-0500][gc,heap       ] GC(20) Old regions: 14->16
[2024-04-26T15:30:45.275-0500][gc,heap       ] GC(20) Humongous regions: 129->129
[2024-04-26T15:30:45.275-0500][gc,metaspace  ] GC(20) Metaspace: 37936K(39548K)->37936K(39548K) NonClass: 33583K(34480K)->33583K(34480K) Class: 4353K(5068K)->4353K(5068K)
[2024-04-26T15:30:45.275-0500][gc            ] GC(20) Pause Young (Normal) (G1 Evacuation Pause) 425M->144M(1024M) 4.905ms
[2024-04-26T15:30:45.275-0500][gc,cpu        ] GC(20) User=0.03s Sys=0.04s Real=0.01s
[2024-04-26T15:40:50.227-0500][gc,start      ] GC(21) Pause Young (Normal) (G1 Evacuation Pause)
[2024-04-26T15:40:50.228-0500][gc,task       ] GC(21) Using 15 workers of 15 for evacuation
[2024-04-26T15:40:50.232-0500][gc,phases     ] GC(21)   Pre Evacuate Collection Set: 0.0ms
[2024-04-26T15:40:50.232-0500][gc,phases     ] GC(21)   Evacuate Collection Set: 3.6ms
[2024-04-26T15:40:50.232-0500][gc,phases     ] GC(21)   Post Evacuate Collection Set: 0.6ms
[2024-04-26T15:40:50.232-0500][gc,phases     ] GC(21)   Other: 0.3ms
[2024-04-26T15:40:50.232-0500][gc,heap       ] GC(21) Eden regions: 316->0(324)
[2024-04-26T15:40:50.232-0500][gc,heap       ] GC(21) Survivor regions: 1->1(40)
[2024-04-26T15:40:50.232-0500][gc,heap       ] GC(21) Old regions: 16->17
[2024-04-26T15:40:50.232-0500][gc,heap       ] GC(21) Humongous regions: 129->129
[2024-04-26T15:40:50.232-0500][gc,metaspace  ] GC(21) Metaspace: 38029K(39548K)->38029K(39548K) NonClass: 33670K(34480K)->33670K(34480K) Class: 4359K(5068K)->4359K(5068K)
[2024-04-26T15:40:50.232-0500][gc            ] GC(21) Pause Young (Normal) (G1 Evacuation Pause) 460M->144M(1024M) 4.653ms
[2024-04-26T15:40:50.232-0500][gc,cpu        ] GC(21) User=0.06s Sys=0.00s Real=0.01s
[2024-04-26T15:51:11.210-0500][gc,start      ] GC(22) Pause Young (Normal) (G1 Evacuation Pause)
[2024-04-26T15:51:11.210-0500][gc,task       ] GC(22) Using 15 workers of 15 for evacuation
[2024-04-26T15:51:11.211-0500][gc,phases     ] GC(22)   Pre Evacuate Collection Set: 0.1ms
[2024-04-26T15:51:11.211-0500][gc,phases     ] GC(22)   Evacuate Collection Set: 0.8ms
[2024-04-26T15:51:11.211-0500][gc,phases     ] GC(22)   Post Evacuate Collection Set: 0.6ms
[2024-04-26T15:51:11.211-0500][gc,phases     ] GC(22)   Other: 0.3ms
[2024-04-26T15:51:11.211-0500][gc,heap       ] GC(22) Eden regions: 324->0(428)
[2024-04-26T15:51:11.211-0500][gc,heap       ] GC(22) Survivor regions: 1->1(41)
[2024-04-26T15:51:11.211-0500][gc,heap       ] GC(22) Old regions: 17->17
[2024-04-26T15:51:11.211-0500][gc,heap       ] GC(22) Humongous regions: 129->129
[2024-04-26T15:51:11.211-0500][gc,metaspace  ] GC(22) Metaspace: 38073K(39804K)->38073K(39804K) NonClass: 33714K(34736K)->33714K(34736K) Class: 4359K(5068K)->4359K(5068K)
[2024-04-26T15:51:11.211-0500][gc            ] GC(22) Pause Young (Normal) (G1 Evacuation Pause) 468M->144M(1024M) 1.872ms
[2024-04-26T15:51:11.211-0500][gc,cpu        ] GC(22) User=0.00s Sys=0.01s Real=0.01s
[2024-04-26T16:02:42.658-0500][gc,heap,exit  ] Heap
[2024-04-26T16:02:42.658-0500][gc,heap,exit  ]  garbage-first heap   total 1048576K, used 528873K [0x00000000c0000000, 0x0000000100000000)
[2024-04-26T16:02:42.658-0500][gc,heap,exit  ]   region size 1024K, 374 young (382976K), 1 survivors (1024K)
[2024-04-26T16:02:42.658-0500][gc,heap,exit  ]  Metaspace       used 39042K, capacity 40633K, committed 40828K, reserved 1085440K
[2024-04-26T16:02:42.658-0500][gc,heap,exit  ]   class space    used 4573K, capacity 5312K, committed 5324K, reserved 1048576K
