[2024-04-26T16:02:45.175-0500][gc,heap] Heap region size: 1M
[2024-04-26T16:02:45.184-0500][gc     ] Using G1
[2024-04-26T16:02:45.184-0500][gc,heap,coops] Heap address: 0x00000000c0000000, size: 1024 MB, Compressed Oops mode: 32-bit
[2024-04-26T16:02:45.184-0500][gc,cds       ] Mark closed archive regions in map: [0x00000000ffc00000, 0x00000000ffc6bff8]
[2024-04-26T16:02:45.184-0500][gc,cds       ] Mark open archive regions in map: [0x00000000ff800000, 0x00000000ff847ff8]
[2024-04-26T16:02:45.700-0500][gc,start     ] GC(0) Pause Young (Normal) (G1 Evacuation Pause)
[2024-04-26T16:02:45.701-0500][gc,task      ] GC(0) Using 15 workers of 15 for evacuation
[2024-04-26T16:02:45.706-0500][gc,phases    ] GC(0)   Pre Evacuate Collection Set: 0.0ms
[2024-04-26T16:02:45.706-0500][gc,phases    ] GC(0)   Evacuate Collection Set: 4.9ms
[2024-04-26T16:02:45.706-0500][gc,phases    ] GC(0)   Post Evacuate Collection Set: 0.4ms
[2024-04-26T16:02:45.706-0500][gc,phases    ] GC(0)   Other: 1.2ms
[2024-04-26T16:02:45.706-0500][gc,heap      ] GC(0) Eden regions: 51->0(44)
[2024-04-26T16:02:45.706-0500][gc,heap      ] GC(0) Survivor regions: 0->7(7)
[2024-04-26T16:02:45.706-0500][gc,heap      ] GC(0) Old regions: 2->3
[2024-04-26T16:02:45.706-0500][gc,heap      ] GC(0) Humongous regions: 0->0
[2024-04-26T16:02:45.706-0500][gc,metaspace ] GC(0) Metaspace: 14103K(14848K)->14103K(14848K) NonClass: 12375K(12800K)->12375K(12800K) Class: 1727K(2048K)->1727K(2048K)
[2024-04-26T16:02:45.706-0500][gc           ] GC(0) Pause Young (Normal) (G1 Evacuation Pause) 51M->8M(1024M) 6.587ms
[2024-04-26T16:02:45.706-0500][gc,cpu       ] GC(0) User=0.08s Sys=0.00s Real=0.01s
[2024-04-26T16:02:45.923-0500][gc,start     ] GC(1) Pause Young (Concurrent Start) (Metadata GC Threshold)
[2024-04-26T16:02:45.923-0500][gc,task      ] GC(1) Using 15 workers of 15 for evacuation
[2024-04-26T16:02:45.931-0500][gc,phases    ] GC(1)   Pre Evacuate Collection Set: 0.1ms
[2024-04-26T16:02:45.931-0500][gc,phases    ] GC(1)   Evacuate Collection Set: 7.0ms
[2024-04-26T16:02:45.931-0500][gc,phases    ] GC(1)   Post Evacuate Collection Set: 0.3ms
[2024-04-26T16:02:45.931-0500][gc,phases    ] GC(1)   Other: 0.4ms
[2024-04-26T16:02:45.931-0500][gc,heap      ] GC(1) Eden regions: 29->0(49)
[2024-04-26T16:02:45.931-0500][gc,heap      ] GC(1) Survivor regions: 7->2(7)
[2024-04-26T16:02:45.931-0500][gc,heap      ] GC(1) Old regions: 3->10
[2024-04-26T16:02:45.931-0500][gc,heap      ] GC(1) Humongous regions: 0->0
[2024-04-26T16:02:45.931-0500][gc,metaspace ] GC(1) Metaspace: 20480K(21296K)->20480K(21296K) NonClass: 18024K(18608K)->18024K(18608K) Class: 2456K(2688K)->2456K(2688K)
[2024-04-26T16:02:45.931-0500][gc           ] GC(1) Pause Young (Concurrent Start) (Metadata GC Threshold) 36M->9M(1024M) 7.868ms
[2024-04-26T16:02:45.931-0500][gc,cpu       ] GC(1) User=0.04s Sys=0.01s Real=0.01s
[2024-04-26T16:02:45.931-0500][gc           ] GC(2) Concurrent Cycle
[2024-04-26T16:02:45.931-0500][gc,marking   ] GC(2) Concurrent Clear Claimed Marks
[2024-04-26T16:02:45.931-0500][gc,marking   ] GC(2) Concurrent Clear Claimed Marks 0.015ms
[2024-04-26T16:02:45.931-0500][gc,marking   ] GC(2) Concurrent Scan Root Regions
[2024-04-26T16:02:45.932-0500][gc,marking   ] GC(2) Concurrent Scan Root Regions 0.795ms
[2024-04-26T16:02:45.932-0500][gc,marking   ] GC(2) Concurrent Mark (0.759s)
[2024-04-26T16:02:45.932-0500][gc,marking   ] GC(2) Concurrent Mark From Roots
[2024-04-26T16:02:45.932-0500][gc,task      ] GC(2) Using 4 workers of 4 for marking
[2024-04-26T16:02:45.935-0500][gc,marking   ] GC(2) Concurrent Mark From Roots 2.729ms
[2024-04-26T16:02:45.935-0500][gc,marking   ] GC(2) Concurrent Preclean
[2024-04-26T16:02:45.935-0500][gc,marking   ] GC(2) Concurrent Preclean 0.078ms
[2024-04-26T16:02:45.935-0500][gc,marking   ] GC(2) Concurrent Mark (0.759s, 0.762s) 2.826ms
[2024-04-26T16:02:45.935-0500][gc,start     ] GC(2) Pause Remark
[2024-04-26T16:02:45.936-0500][gc,stringtable] GC(2) Cleaned string and symbol table, strings: 5625 processed, 0 removed, symbols: 53504 processed, 40 removed
[2024-04-26T16:02:45.936-0500][gc            ] GC(2) Pause Remark 10M->10M(1024M) 1.254ms
[2024-04-26T16:02:45.936-0500][gc,cpu        ] GC(2) User=0.01s Sys=0.00s Real=0.00s
[2024-04-26T16:02:45.936-0500][gc,marking    ] GC(2) Concurrent Rebuild Remembered Sets
[2024-04-26T16:02:45.937-0500][gc,marking    ] GC(2) Concurrent Rebuild Remembered Sets 1.133ms
[2024-04-26T16:02:45.937-0500][gc,start      ] GC(2) Pause Cleanup
[2024-04-26T16:02:45.937-0500][gc            ] GC(2) Pause Cleanup 10M->10M(1024M) 0.074ms
[2024-04-26T16:02:45.937-0500][gc,cpu        ] GC(2) User=0.00s Sys=0.00s Real=0.00s
[2024-04-26T16:02:45.937-0500][gc,marking    ] GC(2) Concurrent Cleanup for Next Mark
[2024-04-26T16:02:45.939-0500][gc,marking    ] GC(2) Concurrent Cleanup for Next Mark 1.497ms
[2024-04-26T16:02:45.939-0500][gc            ] GC(2) Concurrent Cycle 7.862ms
[2024-04-26T16:02:46.308-0500][gc,start      ] GC(3) Pause Young (Normal) (G1 Evacuation Pause)
[2024-04-26T16:02:46.308-0500][gc,task       ] GC(3) Using 15 workers of 15 for evacuation
[2024-04-26T16:02:46.311-0500][gc,phases     ] GC(3)   Pre Evacuate Collection Set: 0.0ms
[2024-04-26T16:02:46.311-0500][gc,phases     ] GC(3)   Evacuate Collection Set: 2.2ms
[2024-04-26T16:02:46.311-0500][gc,phases     ] GC(3)   Post Evacuate Collection Set: 0.4ms
[2024-04-26T16:02:46.311-0500][gc,phases     ] GC(3)   Other: 0.1ms
[2024-04-26T16:02:46.311-0500][gc,heap       ] GC(3) Eden regions: 49->0(47)
[2024-04-26T16:02:46.311-0500][gc,heap       ] GC(3) Survivor regions: 2->4(7)
[2024-04-26T16:02:46.311-0500][gc,heap       ] GC(3) Old regions: 10->10
[2024-04-26T16:02:46.311-0500][gc,heap       ] GC(3) Humongous regions: 129->129
[2024-04-26T16:02:46.311-0500][gc,metaspace  ] GC(3) Metaspace: 28748K(29952K)->28748K(29952K) NonClass: 25394K(26112K)->25394K(26112K) Class: 3354K(3840K)->3354K(3840K)
[2024-04-26T16:02:46.311-0500][gc            ] GC(3) Pause Young (Normal) (G1 Evacuation Pause) 187M->140M(1024M) 2.804ms
[2024-04-26T16:02:46.311-0500][gc,cpu        ] GC(3) User=0.04s Sys=0.00s Real=0.00s
[2024-04-26T16:02:46.505-0500][gc,start      ] GC(4) Pause Young (Concurrent Start) (Metadata GC Threshold)
[2024-04-26T16:02:46.505-0500][gc,task       ] GC(4) Using 15 workers of 15 for evacuation
[2024-04-26T16:02:46.508-0500][gc,phases     ] GC(4)   Pre Evacuate Collection Set: 0.1ms
[2024-04-26T16:02:46.508-0500][gc,phases     ] GC(4)   Evacuate Collection Set: 2.4ms
[2024-04-26T16:02:46.508-0500][gc,phases     ] GC(4)   Post Evacuate Collection Set: 0.3ms
[2024-04-26T16:02:46.508-0500][gc,phases     ] GC(4)   Other: 0.2ms
[2024-04-26T16:02:46.508-0500][gc,heap       ] GC(4) Eden regions: 35->0(44)
[2024-04-26T16:02:46.508-0500][gc,heap       ] GC(4) Survivor regions: 4->7(7)
[2024-04-26T16:02:46.508-0500][gc,heap       ] GC(4) Old regions: 10->10
[2024-04-26T16:02:46.508-0500][gc,heap       ] GC(4) Humongous regions: 129->129
[2024-04-26T16:02:46.508-0500][gc,metaspace  ] GC(4) Metaspace: 34605K(35968K)->34605K(35968K) NonClass: 30586K(31232K)->30586K(31232K) Class: 4018K(4736K)->4018K(4736K)
[2024-04-26T16:02:46.508-0500][gc            ] GC(4) Pause Young (Concurrent Start) (Metadata GC Threshold) 175M->143M(1024M) 3.050ms
[2024-04-26T16:02:46.508-0500][gc,cpu        ] GC(4) User=0.04s Sys=0.00s Real=0.00s
[2024-04-26T16:02:46.508-0500][gc            ] GC(5) Concurrent Cycle
[2024-04-26T16:02:46.508-0500][gc,marking    ] GC(5) Concurrent Clear Claimed Marks
[2024-04-26T16:02:46.508-0500][gc,marking    ] GC(5) Concurrent Clear Claimed Marks 0.031ms
[2024-04-26T16:02:46.508-0500][gc,marking    ] GC(5) Concurrent Scan Root Regions
[2024-04-26T16:02:46.509-0500][gc,marking    ] GC(5) Concurrent Scan Root Regions 1.050ms
[2024-04-26T16:02:46.509-0500][gc,marking    ] GC(5) Concurrent Mark (1.337s)
[2024-04-26T16:02:46.509-0500][gc,marking    ] GC(5) Concurrent Mark From Roots
[2024-04-26T16:02:46.509-0500][gc,task       ] GC(5) Using 4 workers of 4 for marking
[2024-04-26T16:02:46.513-0500][gc,marking    ] GC(5) Concurrent Mark From Roots 3.288ms
[2024-04-26T16:02:46.513-0500][gc,marking    ] GC(5) Concurrent Preclean
[2024-04-26T16:02:46.513-0500][gc,marking    ] GC(5) Concurrent Preclean 0.099ms
[2024-04-26T16:02:46.513-0500][gc,marking    ] GC(5) Concurrent Mark (1.337s, 1.340s) 3.411ms
[2024-04-26T16:02:46.513-0500][gc,start      ] GC(5) Pause Remark
[2024-04-26T16:02:46.514-0500][gc,stringtable] GC(5) Cleaned string and symbol table, strings: 9723 processed, 10 removed, symbols: 86558 processed, 12 removed
[2024-04-26T16:02:46.514-0500][gc            ] GC(5) Pause Remark 145M->145M(1024M) 1.133ms
[2024-04-26T16:02:46.514-0500][gc,cpu        ] GC(5) User=0.01s Sys=0.00s Real=0.00s
[2024-04-26T16:02:46.514-0500][gc,marking    ] GC(5) Concurrent Rebuild Remembered Sets
[2024-04-26T16:02:46.515-0500][gc,marking    ] GC(5) Concurrent Rebuild Remembered Sets 1.185ms
[2024-04-26T16:02:46.515-0500][gc,start      ] GC(5) Pause Cleanup
[2024-04-26T16:02:46.515-0500][gc            ] GC(5) Pause Cleanup 145M->145M(1024M) 0.073ms
[2024-04-26T16:02:46.515-0500][gc,cpu        ] GC(5) User=0.00s Sys=0.00s Real=0.00s
[2024-04-26T16:02:46.515-0500][gc,marking    ] GC(5) Concurrent Cleanup for Next Mark
[2024-04-26T16:02:46.517-0500][gc,marking    ] GC(5) Concurrent Cleanup for Next Mark 1.718ms
[2024-04-26T16:02:46.517-0500][gc            ] GC(5) Concurrent Cycle 9.021ms
[2024-04-26T16:03:37.711-0500][gc,start      ] GC(6) Pause Young (Normal) (G1 Evacuation Pause)
[2024-04-26T16:03:37.711-0500][gc,task       ] GC(6) Using 15 workers of 15 for evacuation
[2024-04-26T16:03:37.715-0500][gc,phases     ] GC(6)   Pre Evacuate Collection Set: 0.0ms
[2024-04-26T16:03:37.715-0500][gc,phases     ] GC(6)   Evacuate Collection Set: 2.7ms
[2024-04-26T16:03:37.715-0500][gc,phases     ] GC(6)   Post Evacuate Collection Set: 0.4ms
[2024-04-26T16:03:37.715-0500][gc,phases     ] GC(6)   Other: 0.1ms
[2024-04-26T16:03:37.715-0500][gc,heap       ] GC(6) Eden regions: 44->0(47)
[2024-04-26T16:03:37.715-0500][gc,heap       ] GC(6) Survivor regions: 7->4(7)
[2024-04-26T16:03:37.715-0500][gc,heap       ] GC(6) Old regions: 10->13
[2024-04-26T16:03:37.715-0500][gc,heap       ] GC(6) Humongous regions: 129->129
[2024-04-26T16:03:37.715-0500][gc,metaspace  ] GC(6) Metaspace: 37400K(38912K)->37400K(38912K) NonClass: 33068K(33792K)->33068K(33792K) Class: 4332K(5120K)->4332K(5120K)
[2024-04-26T16:03:37.715-0500][gc            ] GC(6) Pause Young (Normal) (G1 Evacuation Pause) 187M->144M(1024M) 3.353ms
[2024-04-26T16:03:37.715-0500][gc,cpu        ] GC(6) User=0.04s Sys=0.00s Real=0.00s
[2024-04-26T16:04:57.039-0500][gc,start      ] GC(7) Pause Young (Normal) (G1 Evacuation Pause)
[2024-04-26T16:04:57.039-0500][gc,task       ] GC(7) Using 15 workers of 15 for evacuation
[2024-04-26T16:04:57.042-0500][gc,phases     ] GC(7)   Pre Evacuate Collection Set: 0.0ms
[2024-04-26T16:04:57.042-0500][gc,phases     ] GC(7)   Evacuate Collection Set: 1.9ms
[2024-04-26T16:04:57.042-0500][gc,phases     ] GC(7)   Post Evacuate Collection Set: 0.4ms
[2024-04-26T16:04:57.042-0500][gc,phases     ] GC(7)   Other: 0.2ms
[2024-04-26T16:04:57.042-0500][gc,heap       ] GC(7) Eden regions: 47->0(47)
[2024-04-26T16:04:57.042-0500][gc,heap       ] GC(7) Survivor regions: 4->4(7)
[2024-04-26T16:04:57.042-0500][gc,heap       ] GC(7) Old regions: 13->13
[2024-04-26T16:04:57.042-0500][gc,heap       ] GC(7) Humongous regions: 129->129
[2024-04-26T16:04:57.042-0500][gc,metaspace  ] GC(7) Metaspace: 37548K(39168K)->37548K(39168K) NonClass: 33216K(34048K)->33216K(34048K) Class: 4332K(5120K)->4332K(5120K)
[2024-04-26T16:04:57.042-0500][gc            ] GC(7) Pause Young (Normal) (G1 Evacuation Pause) 191M->144M(1024M) 2.775ms
[2024-04-26T16:04:57.042-0500][gc,cpu        ] GC(7) User=0.02s Sys=0.00s Real=0.00s
[2024-04-26T16:06:19.307-0500][gc,start      ] GC(8) Pause Young (Normal) (G1 Evacuation Pause)
[2024-04-26T16:06:19.307-0500][gc,task       ] GC(8) Using 15 workers of 15 for evacuation
[2024-04-26T16:06:19.310-0500][gc,phases     ] GC(8)   Pre Evacuate Collection Set: 0.0ms
[2024-04-26T16:06:19.310-0500][gc,phases     ] GC(8)   Evacuate Collection Set: 2.1ms
[2024-04-26T16:06:19.310-0500][gc,phases     ] GC(8)   Post Evacuate Collection Set: 0.3ms
[2024-04-26T16:06:19.310-0500][gc,phases     ] GC(8)   Other: 0.3ms
[2024-04-26T16:06:19.310-0500][gc,heap       ] GC(8) Eden regions: 47->0(47)
[2024-04-26T16:06:19.310-0500][gc,heap       ] GC(8) Survivor regions: 4->4(7)
[2024-04-26T16:06:19.310-0500][gc,heap       ] GC(8) Old regions: 13->13
[2024-04-26T16:06:19.310-0500][gc,heap       ] GC(8) Humongous regions: 129->129
[2024-04-26T16:06:19.310-0500][gc,metaspace  ] GC(8) Metaspace: 37551K(39168K)->37551K(39168K) NonClass: 33219K(34048K)->33219K(34048K) Class: 4332K(5120K)->4332K(5120K)
[2024-04-26T16:06:19.310-0500][gc            ] GC(8) Pause Young (Normal) (G1 Evacuation Pause) 191M->144M(1024M) 2.820ms
[2024-04-26T16:06:19.310-0500][gc,cpu        ] GC(8) User=0.03s Sys=0.01s Real=0.00s
[2024-04-26T16:07:44.360-0500][gc,start      ] GC(9) Pause Young (Normal) (G1 Evacuation Pause)
[2024-04-26T16:07:44.360-0500][gc,task       ] GC(9) Using 15 workers of 15 for evacuation
[2024-04-26T16:07:44.363-0500][gc,phases     ] GC(9)   Pre Evacuate Collection Set: 0.0ms
[2024-04-26T16:07:44.363-0500][gc,phases     ] GC(9)   Evacuate Collection Set: 2.2ms
[2024-04-26T16:07:44.363-0500][gc,phases     ] GC(9)   Post Evacuate Collection Set: 0.4ms
[2024-04-26T16:07:44.363-0500][gc,phases     ] GC(9)   Other: 0.3ms
[2024-04-26T16:07:44.363-0500][gc,heap       ] GC(9) Eden regions: 47->0(52)
[2024-04-26T16:07:44.363-0500][gc,heap       ] GC(9) Survivor regions: 4->4(7)
[2024-04-26T16:07:44.363-0500][gc,heap       ] GC(9) Old regions: 13->13
[2024-04-26T16:07:44.363-0500][gc,heap       ] GC(9) Humongous regions: 129->129
[2024-04-26T16:07:44.363-0500][gc,metaspace  ] GC(9) Metaspace: 37556K(39168K)->37556K(39168K) NonClass: 33223K(34048K)->33223K(34048K) Class: 4332K(5120K)->4332K(5120K)
[2024-04-26T16:07:44.363-0500][gc            ] GC(9) Pause Young (Normal) (G1 Evacuation Pause) 191M->144M(1024M) 3.040ms
[2024-04-26T16:07:44.363-0500][gc,cpu        ] GC(9) User=0.02s Sys=0.00s Real=0.01s
[2024-04-26T16:09:20.690-0500][gc,start      ] GC(10) Pause Young (Normal) (G1 Evacuation Pause)
[2024-04-26T16:09:20.690-0500][gc,task       ] GC(10) Using 15 workers of 15 for evacuation
[2024-04-26T16:09:20.694-0500][gc,phases     ] GC(10)   Pre Evacuate Collection Set: 0.1ms
[2024-04-26T16:09:20.694-0500][gc,phases     ] GC(10)   Evacuate Collection Set: 2.7ms
[2024-04-26T16:09:20.694-0500][gc,phases     ] GC(10)   Post Evacuate Collection Set: 0.7ms
[2024-04-26T16:09:20.694-0500][gc,phases     ] GC(10)   Other: 0.3ms
[2024-04-26T16:09:20.694-0500][gc,heap       ] GC(10) Eden regions: 52->0(55)
[2024-04-26T16:09:20.694-0500][gc,heap       ] GC(10) Survivor regions: 4->4(7)
[2024-04-26T16:09:20.694-0500][gc,heap       ] GC(10) Old regions: 13->13
[2024-04-26T16:09:20.694-0500][gc,heap       ] GC(10) Humongous regions: 129->129
[2024-04-26T16:09:20.694-0500][gc,metaspace  ] GC(10) Metaspace: 37571K(39168K)->37571K(39168K) NonClass: 33238K(34048K)->33238K(34048K) Class: 4332K(5120K)->4332K(5120K)
[2024-04-26T16:09:20.694-0500][gc            ] GC(10) Pause Young (Normal) (G1 Evacuation Pause) 196M->144M(1024M) 3.980ms
[2024-04-26T16:09:20.694-0500][gc,cpu        ] GC(10) User=0.04s Sys=0.00s Real=0.01s
[2024-04-26T16:11:01.743-0500][gc,start      ] GC(11) Pause Young (Normal) (G1 Evacuation Pause)
[2024-04-26T16:11:01.743-0500][gc,task       ] GC(11) Using 15 workers of 15 for evacuation
[2024-04-26T16:11:01.746-0500][gc,phases     ] GC(11)   Pre Evacuate Collection Set: 0.1ms
[2024-04-26T16:11:01.746-0500][gc,phases     ] GC(11)   Evacuate Collection Set: 2.3ms
[2024-04-26T16:11:01.746-0500][gc,phases     ] GC(11)   Post Evacuate Collection Set: 0.5ms
[2024-04-26T16:11:01.746-0500][gc,phases     ] GC(11)   Other: 0.2ms
[2024-04-26T16:11:01.746-0500][gc,heap       ] GC(11) Eden regions: 55->0(61)
[2024-04-26T16:11:01.746-0500][gc,heap       ] GC(11) Survivor regions: 4->4(8)
[2024-04-26T16:11:01.746-0500][gc,heap       ] GC(11) Old regions: 13->13
[2024-04-26T16:11:01.746-0500][gc,heap       ] GC(11) Humongous regions: 129->129
[2024-04-26T16:11:01.746-0500][gc,metaspace  ] GC(11) Metaspace: 37619K(39168K)->37619K(39168K) NonClass: 33278K(34048K)->33278K(34048K) Class: 4340K(5120K)->4340K(5120K)
[2024-04-26T16:11:01.746-0500][gc            ] GC(11) Pause Young (Normal) (G1 Evacuation Pause) 199M->144M(1024M) 3.267ms
[2024-04-26T16:11:01.746-0500][gc,cpu        ] GC(11) User=0.03s Sys=0.01s Real=0.01s
[2024-04-26T16:11:07.566-0500][gc,heap,exit  ] Heap
[2024-04-26T16:11:07.566-0500][gc,heap,exit  ]  garbage-first heap   total 1048576K, used 157868K [0x00000000c0000000, 0x0000000100000000)
[2024-04-26T16:11:07.566-0500][gc,heap,exit  ]   region size 1024K, 15 young (15360K), 4 survivors (4096K)
[2024-04-26T16:11:07.566-0500][gc,heap,exit  ]  Metaspace       used 38553K, capacity 40077K, committed 40192K, reserved 1083392K
[2024-04-26T16:11:07.566-0500][gc,heap,exit  ]   class space    used 4548K, capacity 5296K, committed 5376K, reserved 1048576K
