[2024-04-29T12:13:57.994-0500][gc,heap] Heap region size: 1M
[2024-04-29T12:13:58.008-0500][gc     ] Using G1
[2024-04-29T12:13:58.008-0500][gc,heap,coops] Heap address: 0x00000000c0000000, size: 1024 MB, Compressed Oops mode: 32-bit
[2024-04-29T12:13:58.009-0500][gc,cds       ] Mark closed archive regions in map: [0x00000000ffc00000, 0x00000000ffc6bff8]
[2024-04-29T12:13:58.009-0500][gc,cds       ] Mark open archive regions in map: [0x00000000ff800000, 0x00000000ff847ff8]
[2024-04-29T12:13:58.517-0500][gc,start     ] GC(0) Pause Young (Normal) (G1 Evacuation Pause)
[2024-04-29T12:13:58.519-0500][gc,task      ] GC(0) Using 15 workers of 15 for evacuation
[2024-04-29T12:13:58.524-0500][gc,phases    ] GC(0)   Pre Evacuate Collection Set: 0.0ms
[2024-04-29T12:13:58.524-0500][gc,phases    ] GC(0)   Evacuate Collection Set: 5.3ms
[2024-04-29T12:13:58.524-0500][gc,phases    ] GC(0)   Post Evacuate Collection Set: 0.4ms
[2024-04-29T12:13:58.524-0500][gc,phases    ] GC(0)   Other: 1.5ms
[2024-04-29T12:13:58.524-0500][gc,heap      ] GC(0) Eden regions: 51->0(44)
[2024-04-29T12:13:58.524-0500][gc,heap      ] GC(0) Survivor regions: 0->7(7)
[2024-04-29T12:13:58.524-0500][gc,heap      ] GC(0) Old regions: 2->3
[2024-04-29T12:13:58.524-0500][gc,heap      ] GC(0) Humongous regions: 0->0
[2024-04-29T12:13:58.524-0500][gc,metaspace ] GC(0) Metaspace: 14181K(15104K)->14181K(15104K) NonClass: 12446K(13056K)->12446K(13056K) Class: 1734K(2048K)->1734K(2048K)
[2024-04-29T12:13:58.524-0500][gc           ] GC(0) Pause Young (Normal) (G1 Evacuation Pause) 51M->8M(1024M) 7.206ms
[2024-04-29T12:13:58.524-0500][gc,cpu       ] GC(0) User=0.04s Sys=0.03s Real=0.01s
[2024-04-29T12:13:58.786-0500][gc,start     ] GC(1) Pause Young (Concurrent Start) (Metadata GC Threshold)
[2024-04-29T12:13:58.786-0500][gc,task      ] GC(1) Using 15 workers of 15 for evacuation
[2024-04-29T12:13:58.794-0500][gc,phases    ] GC(1)   Pre Evacuate Collection Set: 0.1ms
[2024-04-29T12:13:58.794-0500][gc,phases    ] GC(1)   Evacuate Collection Set: 7.2ms
[2024-04-29T12:13:58.794-0500][gc,phases    ] GC(1)   Post Evacuate Collection Set: 0.3ms
[2024-04-29T12:13:58.794-0500][gc,phases    ] GC(1)   Other: 0.3ms
[2024-04-29T12:13:58.794-0500][gc,heap      ] GC(1) Eden regions: 29->0(49)
[2024-04-29T12:13:58.794-0500][gc,heap      ] GC(1) Survivor regions: 7->2(7)
[2024-04-29T12:13:58.794-0500][gc,heap      ] GC(1) Old regions: 3->10
[2024-04-29T12:13:58.794-0500][gc,heap      ] GC(1) Humongous regions: 0->0
[2024-04-29T12:13:58.794-0500][gc,metaspace ] GC(1) Metaspace: 20487K(21296K)->20487K(21296K) NonClass: 18036K(18608K)->18036K(18608K) Class: 2451K(2688K)->2451K(2688K)
[2024-04-29T12:13:58.794-0500][gc           ] GC(1) Pause Young (Concurrent Start) (Metadata GC Threshold) 36M->9M(1024M) 7.891ms
[2024-04-29T12:13:58.794-0500][gc,cpu       ] GC(1) User=0.06s Sys=0.01s Real=0.01s
[2024-04-29T12:13:58.794-0500][gc           ] GC(2) Concurrent Cycle
[2024-04-29T12:13:58.794-0500][gc,marking   ] GC(2) Concurrent Clear Claimed Marks
[2024-04-29T12:13:58.794-0500][gc,marking   ] GC(2) Concurrent Clear Claimed Marks 0.030ms
[2024-04-29T12:13:58.794-0500][gc,marking   ] GC(2) Concurrent Scan Root Regions
[2024-04-29T12:13:58.795-0500][gc,marking   ] GC(2) Concurrent Scan Root Regions 0.802ms
[2024-04-29T12:13:58.795-0500][gc,marking   ] GC(2) Concurrent Mark (0.804s)
[2024-04-29T12:13:58.795-0500][gc,marking   ] GC(2) Concurrent Mark From Roots
[2024-04-29T12:13:58.795-0500][gc,task      ] GC(2) Using 4 workers of 4 for marking
[2024-04-29T12:13:58.799-0500][gc,marking   ] GC(2) Concurrent Mark From Roots 3.972ms
[2024-04-29T12:13:58.799-0500][gc,marking   ] GC(2) Concurrent Preclean
[2024-04-29T12:13:58.799-0500][gc,marking   ] GC(2) Concurrent Preclean 0.231ms
[2024-04-29T12:13:58.799-0500][gc,marking   ] GC(2) Concurrent Mark (0.804s, 0.809s) 4.265ms
[2024-04-29T12:13:58.799-0500][gc,start     ] GC(2) Pause Remark
[2024-04-29T12:13:58.800-0500][gc,stringtable] GC(2) Cleaned string and symbol table, strings: 5681 processed, 0 removed, symbols: 53789 processed, 44 removed
[2024-04-29T12:13:58.800-0500][gc            ] GC(2) Pause Remark 9M->9M(1024M) 1.067ms
[2024-04-29T12:13:58.800-0500][gc,cpu        ] GC(2) User=0.01s Sys=0.00s Real=0.00s
[2024-04-29T12:13:58.800-0500][gc,marking    ] GC(2) Concurrent Rebuild Remembered Sets
[2024-04-29T12:13:58.801-0500][gc,marking    ] GC(2) Concurrent Rebuild Remembered Sets 1.410ms
[2024-04-29T12:13:58.801-0500][gc,start      ] GC(2) Pause Cleanup
[2024-04-29T12:13:58.802-0500][gc            ] GC(2) Pause Cleanup 10M->10M(1024M) 0.089ms
[2024-04-29T12:13:58.802-0500][gc,cpu        ] GC(2) User=0.00s Sys=0.00s Real=0.00s
[2024-04-29T12:13:58.802-0500][gc,marking    ] GC(2) Concurrent Cleanup for Next Mark
[2024-04-29T12:13:58.803-0500][gc,marking    ] GC(2) Concurrent Cleanup for Next Mark 1.573ms
[2024-04-29T12:13:58.803-0500][gc            ] GC(2) Concurrent Cycle 9.561ms
[2024-04-29T12:13:59.170-0500][gc,start      ] GC(3) Pause Young (Normal) (G1 Evacuation Pause)
[2024-04-29T12:13:59.170-0500][gc,task       ] GC(3) Using 15 workers of 15 for evacuation
[2024-04-29T12:13:59.173-0500][gc,phases     ] GC(3)   Pre Evacuate Collection Set: 0.0ms
[2024-04-29T12:13:59.173-0500][gc,phases     ] GC(3)   Evacuate Collection Set: 2.8ms
[2024-04-29T12:13:59.173-0500][gc,phases     ] GC(3)   Post Evacuate Collection Set: 0.3ms
[2024-04-29T12:13:59.173-0500][gc,phases     ] GC(3)   Other: 0.1ms
[2024-04-29T12:13:59.173-0500][gc,heap       ] GC(3) Eden regions: 49->0(47)
[2024-04-29T12:13:59.173-0500][gc,heap       ] GC(3) Survivor regions: 2->4(7)
[2024-04-29T12:13:59.173-0500][gc,heap       ] GC(3) Old regions: 10->10
[2024-04-29T12:13:59.173-0500][gc,heap       ] GC(3) Humongous regions: 129->129
[2024-04-29T12:13:59.173-0500][gc,metaspace  ] GC(3) Metaspace: 28842K(29820K)->28842K(29820K) NonClass: 25494K(26032K)->25494K(26032K) Class: 3348K(3788K)->3348K(3788K)
[2024-04-29T12:13:59.173-0500][gc            ] GC(3) Pause Young (Normal) (G1 Evacuation Pause) 187M->140M(1024M) 3.252ms
[2024-04-29T12:13:59.173-0500][gc,cpu        ] GC(3) User=0.04s Sys=0.00s Real=0.01s
[2024-04-29T12:13:59.369-0500][gc,start      ] GC(4) Pause Young (Concurrent Start) (Metadata GC Threshold)
[2024-04-29T12:13:59.369-0500][gc,task       ] GC(4) Using 15 workers of 15 for evacuation
[2024-04-29T12:13:59.372-0500][gc,phases     ] GC(4)   Pre Evacuate Collection Set: 0.1ms
[2024-04-29T12:13:59.372-0500][gc,phases     ] GC(4)   Evacuate Collection Set: 2.9ms
[2024-04-29T12:13:59.372-0500][gc,phases     ] GC(4)   Post Evacuate Collection Set: 0.3ms
[2024-04-29T12:13:59.372-0500][gc,phases     ] GC(4)   Other: 0.2ms
[2024-04-29T12:13:59.372-0500][gc,heap       ] GC(4) Eden regions: 34->0(44)
[2024-04-29T12:13:59.372-0500][gc,heap       ] GC(4) Survivor regions: 4->7(7)
[2024-04-29T12:13:59.372-0500][gc,heap       ] GC(4) Old regions: 10->10
[2024-04-29T12:13:59.372-0500][gc,heap       ] GC(4) Humongous regions: 129->129
[2024-04-29T12:13:59.372-0500][gc,metaspace  ] GC(4) Metaspace: 34699K(35964K)->34699K(35964K) NonClass: 30732K(31408K)->30732K(31408K) Class: 3967K(4556K)->3967K(4556K)
[2024-04-29T12:13:59.372-0500][gc            ] GC(4) Pause Young (Concurrent Start) (Metadata GC Threshold) 174M->143M(1024M) 3.540ms
[2024-04-29T12:13:59.372-0500][gc,cpu        ] GC(4) User=0.04s Sys=0.00s Real=0.01s
[2024-04-29T12:13:59.372-0500][gc            ] GC(5) Concurrent Cycle
[2024-04-29T12:13:59.373-0500][gc,marking    ] GC(5) Concurrent Clear Claimed Marks
[2024-04-29T12:13:59.373-0500][gc,marking    ] GC(5) Concurrent Clear Claimed Marks 0.028ms
[2024-04-29T12:13:59.373-0500][gc,marking    ] GC(5) Concurrent Scan Root Regions
[2024-04-29T12:13:59.374-0500][gc,marking    ] GC(5) Concurrent Scan Root Regions 1.100ms
[2024-04-29T12:13:59.374-0500][gc,marking    ] GC(5) Concurrent Mark (1.383s)
[2024-04-29T12:13:59.374-0500][gc,marking    ] GC(5) Concurrent Mark From Roots
[2024-04-29T12:13:59.374-0500][gc,task       ] GC(5) Using 4 workers of 4 for marking
[2024-04-29T12:13:59.377-0500][gc,marking    ] GC(5) Concurrent Mark From Roots 3.320ms
[2024-04-29T12:13:59.377-0500][gc,marking    ] GC(5) Concurrent Preclean
[2024-04-29T12:13:59.377-0500][gc,marking    ] GC(5) Concurrent Preclean 0.101ms
[2024-04-29T12:13:59.377-0500][gc,marking    ] GC(5) Concurrent Mark (1.383s, 1.387s) 3.443ms
[2024-04-29T12:13:59.377-0500][gc,start      ] GC(5) Pause Remark
[2024-04-29T12:13:59.378-0500][gc,stringtable] GC(5) Cleaned string and symbol table, strings: 10438 processed, 10 removed, symbols: 87730 processed, 19 removed
[2024-04-29T12:13:59.378-0500][gc            ] GC(5) Pause Remark 144M->144M(1024M) 1.103ms
[2024-04-29T12:13:59.378-0500][gc,cpu        ] GC(5) User=0.01s Sys=0.00s Real=0.00s
[2024-04-29T12:13:59.378-0500][gc,marking    ] GC(5) Concurrent Rebuild Remembered Sets
[2024-04-29T12:13:59.380-0500][gc,marking    ] GC(5) Concurrent Rebuild Remembered Sets 1.633ms
[2024-04-29T12:13:59.380-0500][gc,start      ] GC(5) Pause Cleanup
[2024-04-29T12:13:59.380-0500][gc            ] GC(5) Pause Cleanup 145M->145M(1024M) 0.069ms
[2024-04-29T12:13:59.380-0500][gc,cpu        ] GC(5) User=0.00s Sys=0.00s Real=0.00s
[2024-04-29T12:13:59.380-0500][gc,marking    ] GC(5) Concurrent Cleanup for Next Mark
[2024-04-29T12:13:59.382-0500][gc,marking    ] GC(5) Concurrent Cleanup for Next Mark 1.612ms
[2024-04-29T12:13:59.382-0500][gc            ] GC(5) Concurrent Cycle 9.303ms
[2024-04-29T12:14:11.243-0500][gc,start      ] GC(6) Pause Young (Normal) (G1 Evacuation Pause)
[2024-04-29T12:14:11.243-0500][gc,task       ] GC(6) Using 15 workers of 15 for evacuation
[2024-04-29T12:14:11.247-0500][gc,phases     ] GC(6)   Pre Evacuate Collection Set: 0.0ms
[2024-04-29T12:14:11.247-0500][gc,phases     ] GC(6)   Evacuate Collection Set: 2.9ms
[2024-04-29T12:14:11.247-0500][gc,phases     ] GC(6)   Post Evacuate Collection Set: 0.5ms
[2024-04-29T12:14:11.247-0500][gc,phases     ] GC(6)   Other: 0.1ms
[2024-04-29T12:14:11.247-0500][gc,heap       ] GC(6) Eden regions: 44->0(45)
[2024-04-29T12:14:11.247-0500][gc,heap       ] GC(6) Survivor regions: 7->6(7)
[2024-04-29T12:14:11.247-0500][gc,heap       ] GC(6) Old regions: 10->13
[2024-04-29T12:14:11.247-0500][gc,heap       ] GC(6) Humongous regions: 129->129
[2024-04-29T12:14:11.247-0500][gc,metaspace  ] GC(6) Metaspace: 40695K(42876K)->40695K(42876K) NonClass: 35629K(36784K)->35629K(36784K) Class: 5066K(6092K)->5066K(6092K)
[2024-04-29T12:14:11.247-0500][gc            ] GC(6) Pause Young (Normal) (G1 Evacuation Pause) 187M->146M(1024M) 3.684ms
[2024-04-29T12:14:11.247-0500][gc,cpu        ] GC(6) User=0.05s Sys=0.01s Real=0.00s
[2024-04-29T12:23:59.333-0500][gc,start      ] GC(7) Pause Young (Normal) (G1 Evacuation Pause)
[2024-04-29T12:23:59.333-0500][gc,task       ] GC(7) Using 15 workers of 15 for evacuation
[2024-04-29T12:23:59.340-0500][gc,phases     ] GC(7)   Pre Evacuate Collection Set: 0.0ms
[2024-04-29T12:23:59.340-0500][gc,phases     ] GC(7)   Evacuate Collection Set: 4.9ms
[2024-04-29T12:23:59.340-0500][gc,phases     ] GC(7)   Post Evacuate Collection Set: 1.1ms
[2024-04-29T12:23:59.340-0500][gc,phases     ] GC(7)   Other: 0.3ms
[2024-04-29T12:23:59.340-0500][gc,heap       ] GC(7) Eden regions: 45->0(46)
[2024-04-29T12:23:59.340-0500][gc,heap       ] GC(7) Survivor regions: 6->5(7)
[2024-04-29T12:23:59.340-0500][gc,heap       ] GC(7) Old regions: 13->16
[2024-04-29T12:23:59.340-0500][gc,heap       ] GC(7) Humongous regions: 129->129
[2024-04-29T12:23:59.340-0500][gc,metaspace  ] GC(7) Metaspace: 44834K(47740K)->44834K(47740K) NonClass: 39132K(40624K)->39132K(40624K) Class: 5701K(7116K)->5701K(7116K)
[2024-04-29T12:23:59.340-0500][gc            ] GC(7) Pause Young (Normal) (G1 Evacuation Pause) 191M->148M(1024M) 6.534ms
[2024-04-29T12:23:59.340-0500][gc,cpu        ] GC(7) User=0.07s Sys=0.00s Real=0.00s
[2024-04-29T12:56:05.950-0500][gc,start      ] GC(8) Pause Young (Normal) (G1 Evacuation Pause)
[2024-04-29T12:56:05.950-0500][gc,task       ] GC(8) Using 15 workers of 15 for evacuation
[2024-04-29T12:56:05.955-0500][gc,phases     ] GC(8)   Pre Evacuate Collection Set: 0.1ms
[2024-04-29T12:56:05.955-0500][gc,phases     ] GC(8)   Evacuate Collection Set: 3.7ms
[2024-04-29T12:56:05.955-0500][gc,phases     ] GC(8)   Post Evacuate Collection Set: 0.7ms
[2024-04-29T12:56:05.955-0500][gc,phases     ] GC(8)   Other: 0.3ms
[2024-04-29T12:56:05.955-0500][gc,heap       ] GC(8) Eden regions: 46->0(48)
[2024-04-29T12:56:05.955-0500][gc,heap       ] GC(8) Survivor regions: 5->3(7)
[2024-04-29T12:56:05.955-0500][gc,heap       ] GC(8) Old regions: 16->19
[2024-04-29T12:56:05.955-0500][gc,heap       ] GC(8) Humongous regions: 129->129
[2024-04-29T12:56:05.955-0500][gc,metaspace  ] GC(8) Metaspace: 45101K(47996K)->45101K(47996K) NonClass: 39377K(40880K)->39377K(40880K) Class: 5724K(7116K)->5724K(7116K)
[2024-04-29T12:56:05.955-0500][gc            ] GC(8) Pause Young (Normal) (G1 Evacuation Pause) 194M->148M(1024M) 4.862ms
[2024-04-29T12:56:05.955-0500][gc,cpu        ] GC(8) User=0.06s Sys=0.00s Real=0.01s
[2024-04-29T13:31:00.223-0500][gc,start      ] GC(9) Pause Young (Normal) (G1 Evacuation Pause)
[2024-04-29T13:31:00.223-0500][gc,task       ] GC(9) Using 15 workers of 15 for evacuation
[2024-04-29T13:31:00.228-0500][gc,phases     ] GC(9)   Pre Evacuate Collection Set: 0.1ms
[2024-04-29T13:31:00.228-0500][gc,phases     ] GC(9)   Evacuate Collection Set: 3.9ms
[2024-04-29T13:31:00.228-0500][gc,phases     ] GC(9)   Post Evacuate Collection Set: 0.9ms
[2024-04-29T13:31:00.228-0500][gc,phases     ] GC(9)   Other: 0.4ms
[2024-04-29T13:31:00.228-0500][gc,heap       ] GC(9) Eden regions: 48->0(50)
[2024-04-29T13:31:00.228-0500][gc,heap       ] GC(9) Survivor regions: 3->3(7)
[2024-04-29T13:31:00.228-0500][gc,heap       ] GC(9) Old regions: 19->19
[2024-04-29T13:31:00.228-0500][gc,heap       ] GC(9) Humongous regions: 129->129
[2024-04-29T13:31:00.229-0500][gc,metaspace  ] GC(9) Metaspace: 45274K(48252K)->45274K(48252K) NonClass: 39544K(41136K)->39544K(41136K) Class: 5730K(7116K)->5730K(7116K)
[2024-04-29T13:31:00.229-0500][gc            ] GC(9) Pause Young (Normal) (G1 Evacuation Pause) 196M->148M(1024M) 5.379ms
[2024-04-29T13:31:00.229-0500][gc,cpu        ] GC(9) User=0.06s Sys=0.01s Real=0.01s
[2024-04-29T14:07:28.884-0500][gc,start      ] GC(10) Pause Young (Normal) (G1 Evacuation Pause)
[2024-04-29T14:07:28.884-0500][gc,task       ] GC(10) Using 15 workers of 15 for evacuation
[2024-04-29T14:07:28.888-0500][gc,phases     ] GC(10)   Pre Evacuate Collection Set: 0.1ms
[2024-04-29T14:07:28.889-0500][gc,phases     ] GC(10)   Evacuate Collection Set: 3.4ms
[2024-04-29T14:07:28.889-0500][gc,phases     ] GC(10)   Post Evacuate Collection Set: 1.0ms
[2024-04-29T14:07:28.889-0500][gc,phases     ] GC(10)   Other: 0.3ms
[2024-04-29T14:07:28.889-0500][gc,heap       ] GC(10) Eden regions: 50->0(59)
[2024-04-29T14:07:28.889-0500][gc,heap       ] GC(10) Survivor regions: 3->3(7)
[2024-04-29T14:07:28.889-0500][gc,heap       ] GC(10) Old regions: 19->19
[2024-04-29T14:07:28.889-0500][gc,heap       ] GC(10) Humongous regions: 129->129
[2024-04-29T14:07:28.889-0500][gc,metaspace  ] GC(10) Metaspace: 45293K(48252K)->45293K(48252K) NonClass: 39563K(41136K)->39563K(41136K) Class: 5730K(7116K)->5730K(7116K)
[2024-04-29T14:07:28.889-0500][gc            ] GC(10) Pause Young (Normal) (G1 Evacuation Pause) 198M->148M(1024M) 4.874ms
[2024-04-29T14:07:28.889-0500][gc,cpu        ] GC(10) User=0.05s Sys=0.00s Real=0.00s
[2024-04-29T14:50:10.950-0500][gc,start      ] GC(11) Pause Young (Normal) (G1 Evacuation Pause)
[2024-04-29T14:50:10.950-0500][gc,task       ] GC(11) Using 15 workers of 15 for evacuation
[2024-04-29T14:50:10.956-0500][gc,phases     ] GC(11)   Pre Evacuate Collection Set: 0.1ms
[2024-04-29T14:50:10.956-0500][gc,phases     ] GC(11)   Evacuate Collection Set: 4.1ms
[2024-04-29T14:50:10.956-0500][gc,phases     ] GC(11)   Post Evacuate Collection Set: 1.0ms
[2024-04-29T14:50:10.956-0500][gc,phases     ] GC(11)   Other: 0.4ms
[2024-04-29T14:50:10.956-0500][gc,heap       ] GC(11) Eden regions: 59->0(124)
[2024-04-29T14:50:10.956-0500][gc,heap       ] GC(11) Survivor regions: 3->3(8)
[2024-04-29T14:50:10.956-0500][gc,heap       ] GC(11) Old regions: 19->19
[2024-04-29T14:50:10.956-0500][gc,heap       ] GC(11) Humongous regions: 129->129
[2024-04-29T14:50:10.956-0500][gc,metaspace  ] GC(11) Metaspace: 45321K(48252K)->45321K(48252K) NonClass: 39591K(41136K)->39591K(41136K) Class: 5730K(7116K)->5730K(7116K)
[2024-04-29T14:50:10.956-0500][gc            ] GC(11) Pause Young (Normal) (G1 Evacuation Pause) 207M->148M(1024M) 5.634ms
[2024-04-29T14:50:10.956-0500][gc,cpu        ] GC(11) User=0.04s Sys=0.03s Real=0.01s
