[2024-04-29T12:02:20.457-0500][gc,heap] Heap region size: 1M
[2024-04-29T12:02:20.462-0500][gc     ] Using G1
[2024-04-29T12:02:20.462-0500][gc,heap,coops] Heap address: 0x00000000e0000000, size: 512 MB, Compressed Oops mode: 32-bit
[2024-04-29T12:02:20.462-0500][gc,cds       ] Mark closed archive regions in map: [0x00000000ffc00000, 0x00000000ffc6bff8]
[2024-04-29T12:02:20.462-0500][gc,cds       ] Mark open archive regions in map: [0x00000000ff800000, 0x00000000ff847ff8]
[2024-04-29T12:02:20.757-0500][gc,start     ] GC(0) Pause Young (Normal) (G1 Evacuation Pause)
[2024-04-29T12:02:20.758-0500][gc,task      ] GC(0) Using 12 workers of 15 for evacuation
[2024-04-29T12:02:20.762-0500][gc,phases    ] GC(0)   Pre Evacuate Collection Set: 0.0ms
[2024-04-29T12:02:20.762-0500][gc,phases    ] GC(0)   Evacuate Collection Set: 4.3ms
[2024-04-29T12:02:20.762-0500][gc,phases    ] GC(0)   Post Evacuate Collection Set: 0.2ms
[2024-04-29T12:02:20.762-0500][gc,phases    ] GC(0)   Other: 1.0ms
[2024-04-29T12:02:20.762-0500][gc,heap      ] GC(0) Eden regions: 25->0(21)
[2024-04-29T12:02:20.762-0500][gc,heap      ] GC(0) Survivor regions: 0->4(4)
[2024-04-29T12:02:20.762-0500][gc,heap      ] GC(0) Old regions: 2->6
[2024-04-29T12:02:20.762-0500][gc,heap      ] GC(0) Humongous regions: 0->0
[2024-04-29T12:02:20.762-0500][gc,metaspace ] GC(0) Metaspace: 7378K(7936K)->7378K(7936K) NonClass: 6564K(6912K)->6564K(6912K) Class: 814K(1024K)->814K(1024K)
[2024-04-29T12:02:20.762-0500][gc           ] GC(0) Pause Young (Normal) (G1 Evacuation Pause) 25M->8M(512M) 5.501ms
[2024-04-29T12:02:20.762-0500][gc,cpu       ] GC(0) User=0.05s Sys=0.00s Real=0.00s
[2024-04-29T12:04:27.128-0500][gc,heap,exit ] Heap
[2024-04-29T12:04:27.128-0500][gc,heap,exit ]  garbage-first heap   total 524288K, used 25040K [0x00000000e0000000, 0x0000000100000000)
[2024-04-29T12:04:27.128-0500][gc,heap,exit ]   region size 1024K, 21 young (21504K), 4 survivors (4096K)
[2024-04-29T12:04:27.128-0500][gc,heap,exit ]  Metaspace       used 9306K, capacity 9720K, committed 9984K, reserved 1058816K
[2024-04-29T12:04:27.128-0500][gc,heap,exit ]   class space    used 1001K, capacity 1163K, committed 1280K, reserved 1048576K
