[2024-04-22T14:27:49.710-0500][gc,heap] Heap region size: 1M
[2024-04-22T14:27:49.715-0500][gc     ] Using G1
[2024-04-22T14:27:49.715-0500][gc,heap,coops] Heap address: 0x00000000e0000000, size: 512 MB, Compressed Oops mode: 32-bit
[2024-04-22T14:27:49.716-0500][gc,cds       ] Mark closed archive regions in map: [0x00000000ffc00000, 0x00000000ffc6bff8]
[2024-04-22T14:27:49.716-0500][gc,cds       ] Mark open archive regions in map: [0x00000000ff800000, 0x00000000ff847ff8]
[2024-04-22T14:27:50.062-0500][gc,start     ] GC(0) Pause Young (Normal) (G1 Evacuation Pause)
[2024-04-22T14:27:50.063-0500][gc,task      ] GC(0) Using 12 workers of 15 for evacuation
[2024-04-22T14:27:50.068-0500][gc,phases    ] GC(0)   Pre Evacuate Collection Set: 0.0ms
[2024-04-22T14:27:50.068-0500][gc,phases    ] GC(0)   Evacuate Collection Set: 4.8ms
[2024-04-22T14:27:50.068-0500][gc,phases    ] GC(0)   Post Evacuate Collection Set: 0.3ms
[2024-04-22T14:27:50.068-0500][gc,phases    ] GC(0)   Other: 1.0ms
[2024-04-22T14:27:50.068-0500][gc,heap      ] GC(0) Eden regions: 25->0(21)
[2024-04-22T14:27:50.068-0500][gc,heap      ] GC(0) Survivor regions: 0->4(4)
[2024-04-22T14:27:50.068-0500][gc,heap      ] GC(0) Old regions: 2->6
[2024-04-22T14:27:50.068-0500][gc,heap      ] GC(0) Humongous regions: 0->0
[2024-04-22T14:27:50.068-0500][gc,metaspace ] GC(0) Metaspace: 7384K(7936K)->7384K(7936K) NonClass: 6566K(6912K)->6566K(6912K) Class: 817K(1024K)->817K(1024K)
[2024-04-22T14:27:50.068-0500][gc           ] GC(0) Pause Young (Normal) (G1 Evacuation Pause) 25M->8M(512M) 6.230ms
[2024-04-22T14:27:50.068-0500][gc,cpu       ] GC(0) User=0.03s Sys=0.03s Real=0.01s
[2024-04-22T14:54:59.492-0500][gc,start     ] GC(1) Pause Young (Normal) (G1 Evacuation Pause)
[2024-04-22T14:54:59.492-0500][gc,task      ] GC(1) Using 12 workers of 15 for evacuation
[2024-04-22T14:54:59.495-0500][gc,phases    ] GC(1)   Pre Evacuate Collection Set: 0.0ms
[2024-04-22T14:54:59.495-0500][gc,phases    ] GC(1)   Evacuate Collection Set: 3.0ms
[2024-04-22T14:54:59.495-0500][gc,phases    ] GC(1)   Post Evacuate Collection Set: 0.3ms
[2024-04-22T14:54:59.495-0500][gc,phases    ] GC(1)   Other: 0.1ms
[2024-04-22T14:54:59.495-0500][gc,heap      ] GC(1) Eden regions: 21->0(24)
[2024-04-22T14:54:59.495-0500][gc,heap      ] GC(1) Survivor regions: 4->1(4)
[2024-04-22T14:54:59.495-0500][gc,heap      ] GC(1) Old regions: 6->10
[2024-04-22T14:54:59.495-0500][gc,heap      ] GC(1) Humongous regions: 0->0
[2024-04-22T14:54:59.495-0500][gc,metaspace ] GC(1) Metaspace: 9652K(10240K)->9652K(10240K) NonClass: 8652K(8960K)->8652K(8960K) Class: 999K(1280K)->999K(1280K)
[2024-04-22T14:54:59.495-0500][gc           ] GC(1) Pause Young (Normal) (G1 Evacuation Pause) 29M->9M(512M) 3.470ms
[2024-04-22T14:54:59.495-0500][gc,cpu       ] GC(1) User=0.03s Sys=0.01s Real=0.00s
[2024-04-22T15:50:26.502-0500][gc,heap,exit ] Heap
[2024-04-22T15:50:26.502-0500][gc,heap,exit ]  garbage-first heap   total 524288K, used 15911K [0x00000000e0000000, 0x0000000100000000)
[2024-04-22T15:50:26.502-0500][gc,heap,exit ]   region size 1024K, 8 young (8192K), 1 survivors (1024K)
[2024-04-22T15:50:26.502-0500][gc,heap,exit ]  Metaspace       used 9661K, capacity 10046K, committed 10240K, reserved 1058816K
[2024-04-22T15:50:26.502-0500][gc,heap,exit ]   class space    used 1000K, capacity 1163K, committed 1280K, reserved 1048576K
