[2024-04-26T14:37:28.429-0500][gc,heap] Heap region size: 1M
[2024-04-26T14:37:28.434-0500][gc     ] Using G1
[2024-04-26T14:37:28.434-0500][gc,heap,coops] Heap address: 0x00000000e0000000, size: 512 MB, Compressed Oops mode: 32-bit
[2024-04-26T14:37:28.434-0500][gc,cds       ] Mark closed archive regions in map: [0x00000000ffc00000, 0x00000000ffc6bff8]
[2024-04-26T14:37:28.434-0500][gc,cds       ] Mark open archive regions in map: [0x00000000ff800000, 0x00000000ff847ff8]
[2024-04-26T14:37:28.727-0500][gc,start     ] GC(0) Pause Young (Normal) (G1 Evacuation Pause)
[2024-04-26T14:37:28.728-0500][gc,task      ] GC(0) Using 12 workers of 15 for evacuation
[2024-04-26T14:37:28.734-0500][gc,phases    ] GC(0)   Pre Evacuate Collection Set: 0.0ms
[2024-04-26T14:37:28.734-0500][gc,phases    ] GC(0)   Evacuate Collection Set: 5.5ms
[2024-04-26T14:37:28.734-0500][gc,phases    ] GC(0)   Post Evacuate Collection Set: 0.2ms
[2024-04-26T14:37:28.734-0500][gc,phases    ] GC(0)   Other: 1.1ms
[2024-04-26T14:37:28.734-0500][gc,heap      ] GC(0) Eden regions: 25->0(21)
[2024-04-26T14:37:28.734-0500][gc,heap      ] GC(0) Survivor regions: 0->4(4)
[2024-04-26T14:37:28.734-0500][gc,heap      ] GC(0) Old regions: 2->6
[2024-04-26T14:37:28.734-0500][gc,heap      ] GC(0) Humongous regions: 0->0
[2024-04-26T14:37:28.734-0500][gc,metaspace ] GC(0) Metaspace: 7378K(7936K)->7378K(7936K) NonClass: 6561K(6912K)->6561K(6912K) Class: 816K(1024K)->816K(1024K)
[2024-04-26T14:37:28.734-0500][gc           ] GC(0) Pause Young (Normal) (G1 Evacuation Pause) 25M->8M(512M) 6.859ms
[2024-04-26T14:37:28.734-0500][gc,cpu       ] GC(0) User=0.07s Sys=0.01s Real=0.01s
[2024-04-26T16:11:00.665-0500][gc,start     ] GC(1) Pause Young (Normal) (G1 Evacuation Pause)
[2024-04-26T16:11:00.665-0500][gc,task      ] GC(1) Using 12 workers of 15 for evacuation
[2024-04-26T16:11:00.668-0500][gc,phases    ] GC(1)   Pre Evacuate Collection Set: 0.0ms
[2024-04-26T16:11:00.668-0500][gc,phases    ] GC(1)   Evacuate Collection Set: 2.5ms
[2024-04-26T16:11:00.668-0500][gc,phases    ] GC(1)   Post Evacuate Collection Set: 0.2ms
[2024-04-26T16:11:00.668-0500][gc,phases    ] GC(1)   Other: 0.1ms
[2024-04-26T16:11:00.668-0500][gc,heap      ] GC(1) Eden regions: 21->0(24)
[2024-04-26T16:11:00.668-0500][gc,heap      ] GC(1) Survivor regions: 4->1(4)
[2024-04-26T16:11:00.668-0500][gc,heap      ] GC(1) Old regions: 6->10
[2024-04-26T16:11:00.668-0500][gc,heap      ] GC(1) Humongous regions: 0->0
[2024-04-26T16:11:00.668-0500][gc,metaspace ] GC(1) Metaspace: 9530K(10240K)->9530K(10240K) NonClass: 8528K(8960K)->8528K(8960K) Class: 1001K(1280K)->1001K(1280K)
[2024-04-26T16:11:00.668-0500][gc           ] GC(1) Pause Young (Normal) (G1 Evacuation Pause) 29M->8M(512M) 2.933ms
[2024-04-26T16:11:00.668-0500][gc,cpu       ] GC(1) User=0.03s Sys=0.00s Real=0.00s
[2024-04-26T16:11:00.669-0500][gc,heap,exit ] Heap
[2024-04-26T16:11:00.669-0500][gc,heap,exit ]  garbage-first heap   total 524288K, used 9188K [0x00000000e0000000, 0x0000000100000000)
[2024-04-26T16:11:00.669-0500][gc,heap,exit ]   region size 1024K, 2 young (2048K), 1 survivors (1024K)
[2024-04-26T16:11:00.669-0500][gc,heap,exit ]  Metaspace       used 9533K, capacity 9912K, committed 10240K, reserved 1058816K
[2024-04-26T16:11:00.669-0500][gc,heap,exit ]   class space    used 1001K, capacity 1163K, committed 1280K, reserved 1048576K
