[2024-04-29T10:56:53.142-0500][gc,heap] Heap region size: 1M
[2024-04-29T10:56:53.148-0500][gc     ] Using G1
[2024-04-29T10:56:53.148-0500][gc,heap,coops] Heap address: 0x00000000e0000000, size: 512 MB, Compressed Oops mode: 32-bit
[2024-04-29T10:56:53.148-0500][gc,cds       ] Mark closed archive regions in map: [0x00000000ffc00000, 0x00000000ffc6bff8]
[2024-04-29T10:56:53.148-0500][gc,cds       ] Mark open archive regions in map: [0x00000000ff800000, 0x00000000ff847ff8]
[2024-04-29T10:56:53.444-0500][gc,start     ] GC(0) Pause Young (Normal) (G1 Evacuation Pause)
[2024-04-29T10:56:53.445-0500][gc,task      ] GC(0) Using 12 workers of 15 for evacuation
[2024-04-29T10:56:53.450-0500][gc,phases    ] GC(0)   Pre Evacuate Collection Set: 0.0ms
[2024-04-29T10:56:53.450-0500][gc,phases    ] GC(0)   Evacuate Collection Set: 4.3ms
[2024-04-29T10:56:53.450-0500][gc,phases    ] GC(0)   Post Evacuate Collection Set: 0.2ms
[2024-04-29T10:56:53.450-0500][gc,phases    ] GC(0)   Other: 1.1ms
[2024-04-29T10:56:53.450-0500][gc,heap      ] GC(0) Eden regions: 25->0(21)
[2024-04-29T10:56:53.450-0500][gc,heap      ] GC(0) Survivor regions: 0->4(4)
[2024-04-29T10:56:53.450-0500][gc,heap      ] GC(0) Old regions: 2->6
[2024-04-29T10:56:53.450-0500][gc,heap      ] GC(0) Humongous regions: 0->0
[2024-04-29T10:56:53.450-0500][gc,metaspace ] GC(0) Metaspace: 7377K(7936K)->7377K(7936K) NonClass: 6555K(6912K)->6555K(6912K) Class: 822K(1024K)->822K(1024K)
[2024-04-29T10:56:53.450-0500][gc           ] GC(0) Pause Young (Normal) (G1 Evacuation Pause) 25M->8M(512M) 5.670ms
[2024-04-29T10:56:53.450-0500][gc,cpu       ] GC(0) User=0.04s Sys=0.01s Real=0.00s
[2024-04-29T11:04:56.516-0500][gc,heap,exit ] Heap
[2024-04-29T11:04:56.516-0500][gc,heap,exit ]  garbage-first heap   total 524288K, used 24767K [0x00000000e0000000, 0x0000000100000000)
[2024-04-29T11:04:56.516-0500][gc,heap,exit ]   region size 1024K, 22 young (22528K), 4 survivors (4096K)
[2024-04-29T11:04:56.516-0500][gc,heap,exit ]  Metaspace       used 9332K, capacity 9720K, committed 9984K, reserved 1058816K
[2024-04-29T11:04:56.516-0500][gc,heap,exit ]   class space    used 1003K, capacity 1163K, committed 1280K, reserved 1048576K
