[2024-04-29T12:13:52.941-0500][gc,heap] Heap region size: 1M
[2024-04-29T12:13:52.946-0500][gc     ] Using G1
[2024-04-29T12:13:52.946-0500][gc,heap,coops] Heap address: 0x00000000e0000000, size: 512 MB, Compressed Oops mode: 32-bit
[2024-04-29T12:13:52.946-0500][gc,cds       ] Mark closed archive regions in map: [0x00000000ffc00000, 0x00000000ffc6bff8]
[2024-04-29T12:13:52.946-0500][gc,cds       ] Mark open archive regions in map: [0x00000000ff800000, 0x00000000ff847ff8]
[2024-04-29T12:13:53.235-0500][gc,start     ] GC(0) Pause Young (Normal) (G1 Evacuation Pause)
[2024-04-29T12:13:53.236-0500][gc,task      ] GC(0) Using 12 workers of 15 for evacuation
[2024-04-29T12:13:53.241-0500][gc,phases    ] GC(0)   Pre Evacuate Collection Set: 0.0ms
[2024-04-29T12:13:53.241-0500][gc,phases    ] GC(0)   Evacuate Collection Set: 4.8ms
[2024-04-29T12:13:53.241-0500][gc,phases    ] GC(0)   Post Evacuate Collection Set: 0.2ms
[2024-04-29T12:13:53.241-0500][gc,phases    ] GC(0)   Other: 0.9ms
[2024-04-29T12:13:53.241-0500][gc,heap      ] GC(0) Eden regions: 25->0(21)
[2024-04-29T12:13:53.241-0500][gc,heap      ] GC(0) Survivor regions: 0->4(4)
[2024-04-29T12:13:53.241-0500][gc,heap      ] GC(0) Old regions: 2->6
[2024-04-29T12:13:53.241-0500][gc,heap      ] GC(0) Humongous regions: 0->0
[2024-04-29T12:13:53.241-0500][gc,metaspace ] GC(0) Metaspace: 7391K(7936K)->7391K(7936K) NonClass: 6574K(6912K)->6574K(6912K) Class: 816K(1024K)->816K(1024K)
[2024-04-29T12:13:53.241-0500][gc           ] GC(0) Pause Young (Normal) (G1 Evacuation Pause) 25M->8M(512M) 5.957ms
[2024-04-29T12:13:53.241-0500][gc,cpu       ] GC(0) User=0.06s Sys=0.00s Real=0.00s
[2024-04-29T13:37:57.837-0500][gc,start     ] GC(1) Pause Young (Normal) (G1 Evacuation Pause)
[2024-04-29T13:37:57.837-0500][gc,task      ] GC(1) Using 12 workers of 15 for evacuation
[2024-04-29T13:37:57.844-0500][gc,phases    ] GC(1)   Pre Evacuate Collection Set: 0.0ms
[2024-04-29T13:37:57.844-0500][gc,phases    ] GC(1)   Evacuate Collection Set: 5.5ms
[2024-04-29T13:37:57.844-0500][gc,phases    ] GC(1)   Post Evacuate Collection Set: 0.6ms
[2024-04-29T13:37:57.844-0500][gc,phases    ] GC(1)   Other: 0.3ms
[2024-04-29T13:37:57.844-0500][gc,heap      ] GC(1) Eden regions: 21->0(24)
[2024-04-29T13:37:57.844-0500][gc,heap      ] GC(1) Survivor regions: 4->1(4)
[2024-04-29T13:37:57.844-0500][gc,heap      ] GC(1) Old regions: 6->10
[2024-04-29T13:37:57.844-0500][gc,heap      ] GC(1) Humongous regions: 0->0
[2024-04-29T13:37:57.844-0500][gc,metaspace ] GC(1) Metaspace: 9601K(10240K)->9601K(10240K) NonClass: 8601K(8960K)->8601K(8960K) Class: 999K(1280K)->999K(1280K)
[2024-04-29T13:37:57.844-0500][gc           ] GC(1) Pause Young (Normal) (G1 Evacuation Pause) 29M->9M(512M) 6.513ms
[2024-04-29T13:37:57.844-0500][gc,cpu       ] GC(1) User=0.06s Sys=0.00s Real=0.01s
