[2024-04-12T17:18:08.732-0500][gc,heap] Heap region size: 1M
[2024-04-12T17:18:08.737-0500][gc     ] Using G1
[2024-04-12T17:18:08.737-0500][gc,heap,coops] Heap address: 0x00000000e0000000, size: 512 MB, Compressed Oops mode: 32-bit
[2024-04-12T17:18:08.737-0500][gc,cds       ] Mark closed archive regions in map: [0x00000000ffc00000, 0x00000000ffc6bff8]
[2024-04-12T17:18:08.737-0500][gc,cds       ] Mark open archive regions in map: [0x00000000ff800000, 0x00000000ff847ff8]
[2024-04-12T17:18:09.044-0500][gc,start     ] GC(0) Pause Young (Normal) (G1 Evacuation Pause)
[2024-04-12T17:18:09.044-0500][gc,task      ] GC(0) Using 12 workers of 15 for evacuation
[2024-04-12T17:18:09.049-0500][gc,phases    ] GC(0)   Pre Evacuate Collection Set: 0.0ms
[2024-04-12T17:18:09.049-0500][gc,phases    ] GC(0)   Evacuate Collection Set: 3.9ms
[2024-04-12T17:18:09.049-0500][gc,phases    ] GC(0)   Post Evacuate Collection Set: 0.2ms
[2024-04-12T17:18:09.049-0500][gc,phases    ] GC(0)   Other: 0.8ms
[2024-04-12T17:18:09.049-0500][gc,heap      ] GC(0) Eden regions: 25->0(21)
[2024-04-12T17:18:09.049-0500][gc,heap      ] GC(0) Survivor regions: 0->4(4)
[2024-04-12T17:18:09.049-0500][gc,heap      ] GC(0) Old regions: 2->6
[2024-04-12T17:18:09.049-0500][gc,heap      ] GC(0) Humongous regions: 0->0
[2024-04-12T17:18:09.049-0500][gc,metaspace ] GC(0) Metaspace: 7386K(7936K)->7386K(7936K) NonClass: 6569K(6912K)->6569K(6912K) Class: 816K(1024K)->816K(1024K)
[2024-04-12T17:18:09.049-0500][gc           ] GC(0) Pause Young (Normal) (G1 Evacuation Pause) 25M->8M(512M) 4.990ms
[2024-04-12T17:18:09.049-0500][gc,cpu       ] GC(0) User=0.05s Sys=0.00s Real=0.00s
[2024-04-12T19:42:49.607-0500][gc,start     ] GC(1) Pause Young (Normal) (G1 Evacuation Pause)
[2024-04-12T19:42:49.607-0500][gc,task      ] GC(1) Using 12 workers of 15 for evacuation
[2024-04-12T19:42:49.613-0500][gc,phases    ] GC(1)   Pre Evacuate Collection Set: 0.0ms
[2024-04-12T19:42:49.613-0500][gc,phases    ] GC(1)   Evacuate Collection Set: 5.4ms
[2024-04-12T19:42:49.613-0500][gc,phases    ] GC(1)   Post Evacuate Collection Set: 0.4ms
[2024-04-12T19:42:49.613-0500][gc,phases    ] GC(1)   Other: 0.3ms
[2024-04-12T19:42:49.613-0500][gc,heap      ] GC(1) Eden regions: 21->0(24)
[2024-04-12T19:42:49.613-0500][gc,heap      ] GC(1) Survivor regions: 4->1(4)
[2024-04-12T19:42:49.613-0500][gc,heap      ] GC(1) Old regions: 6->10
[2024-04-12T19:42:49.613-0500][gc,heap      ] GC(1) Humongous regions: 0->0
[2024-04-12T19:42:49.613-0500][gc,metaspace ] GC(1) Metaspace: 9504K(10240K)->9504K(10240K) NonClass: 8504K(8960K)->8504K(8960K) Class: 999K(1280K)->999K(1280K)
[2024-04-12T19:42:49.613-0500][gc           ] GC(1) Pause Young (Normal) (G1 Evacuation Pause) 29M->9M(512M) 6.161ms
[2024-04-12T19:42:49.613-0500][gc,cpu       ] GC(1) User=0.06s Sys=0.00s Real=0.01s
[2024-04-13T02:45:56.644-0500][gc,start     ] GC(2) Pause Young (Normal) (G1 Evacuation Pause)
[2024-04-13T02:45:56.644-0500][gc,task      ] GC(2) Using 12 workers of 15 for evacuation
[2024-04-13T02:45:56.646-0500][gc,phases    ] GC(2)   Pre Evacuate Collection Set: 0.0ms
[2024-04-13T02:45:56.646-0500][gc,phases    ] GC(2)   Evacuate Collection Set: 1.4ms
[2024-04-13T02:45:56.646-0500][gc,phases    ] GC(2)   Post Evacuate Collection Set: 0.4ms
[2024-04-13T02:45:56.646-0500][gc,phases    ] GC(2)   Other: 0.2ms
[2024-04-13T02:45:56.646-0500][gc,heap      ] GC(2) Eden regions: 24->0(24)
[2024-04-13T02:45:56.646-0500][gc,heap      ] GC(2) Survivor regions: 1->1(4)
[2024-04-13T02:45:56.646-0500][gc,heap      ] GC(2) Old regions: 10->10
[2024-04-13T02:45:56.646-0500][gc,heap      ] GC(2) Humongous regions: 0->0
[2024-04-13T02:45:56.646-0500][gc,metaspace ] GC(2) Metaspace: 9515K(10240K)->9515K(10240K) NonClass: 8516K(8960K)->8516K(8960K) Class: 999K(1280K)->999K(1280K)
[2024-04-13T02:45:56.646-0500][gc           ] GC(2) Pause Young (Normal) (G1 Evacuation Pause) 33M->9M(512M) 2.000ms
[2024-04-13T02:45:56.646-0500][gc,cpu       ] GC(2) User=0.01s Sys=0.01s Real=0.00s
[2024-04-13T10:25:30.129-0500][gc,start     ] GC(3) Pause Young (Normal) (G1 Evacuation Pause)
[2024-04-13T10:25:30.129-0500][gc,task      ] GC(3) Using 12 workers of 15 for evacuation
[2024-04-13T10:25:30.132-0500][gc,phases    ] GC(3)   Pre Evacuate Collection Set: 0.0ms
[2024-04-13T10:25:30.132-0500][gc,phases    ] GC(3)   Evacuate Collection Set: 1.9ms
[2024-04-13T10:25:30.132-0500][gc,phases    ] GC(3)   Post Evacuate Collection Set: 0.4ms
[2024-04-13T10:25:30.132-0500][gc,phases    ] GC(3)   Other: 0.3ms
[2024-04-13T10:25:30.132-0500][gc,heap      ] GC(3) Eden regions: 24->0(24)
[2024-04-13T10:25:30.132-0500][gc,heap      ] GC(3) Survivor regions: 1->1(4)
[2024-04-13T10:25:30.132-0500][gc,heap      ] GC(3) Old regions: 10->10
[2024-04-13T10:25:30.132-0500][gc,heap      ] GC(3) Humongous regions: 0->0
[2024-04-13T10:25:30.132-0500][gc,metaspace ] GC(3) Metaspace: 9515K(10240K)->9515K(10240K) NonClass: 8516K(8960K)->8516K(8960K) Class: 999K(1280K)->999K(1280K)
[2024-04-13T10:25:30.132-0500][gc           ] GC(3) Pause Young (Normal) (G1 Evacuation Pause) 33M->9M(512M) 2.816ms
[2024-04-13T10:25:30.132-0500][gc,cpu       ] GC(3) User=0.02s Sys=0.00s Real=0.01s
[2024-04-13T18:08:45.754-0500][gc,start     ] GC(4) Pause Young (Normal) (G1 Evacuation Pause)
[2024-04-13T18:08:45.754-0500][gc,task      ] GC(4) Using 12 workers of 15 for evacuation
[2024-04-13T18:08:45.756-0500][gc,phases    ] GC(4)   Pre Evacuate Collection Set: 0.0ms
[2024-04-13T18:08:45.756-0500][gc,phases    ] GC(4)   Evacuate Collection Set: 1.5ms
[2024-04-13T18:08:45.756-0500][gc,phases    ] GC(4)   Post Evacuate Collection Set: 0.5ms
[2024-04-13T18:08:45.756-0500][gc,phases    ] GC(4)   Other: 0.3ms
[2024-04-13T18:08:45.756-0500][gc,heap      ] GC(4) Eden regions: 24->0(24)
[2024-04-13T18:08:45.756-0500][gc,heap      ] GC(4) Survivor regions: 1->1(4)
[2024-04-13T18:08:45.756-0500][gc,heap      ] GC(4) Old regions: 10->10
[2024-04-13T18:08:45.756-0500][gc,heap      ] GC(4) Humongous regions: 0->0
[2024-04-13T18:08:45.756-0500][gc,metaspace ] GC(4) Metaspace: 9519K(10240K)->9519K(10240K) NonClass: 8520K(8960K)->8520K(8960K) Class: 999K(1280K)->999K(1280K)
[2024-04-13T18:08:45.756-0500][gc           ] GC(4) Pause Young (Normal) (G1 Evacuation Pause) 33M->9M(512M) 2.383ms
[2024-04-13T18:08:45.756-0500][gc,cpu       ] GC(4) User=0.02s Sys=0.00s Real=0.00s
[2024-04-14T01:50:13.165-0500][gc,start     ] GC(5) Pause Young (Normal) (G1 Evacuation Pause)
[2024-04-14T01:50:13.165-0500][gc,task      ] GC(5) Using 12 workers of 15 for evacuation
[2024-04-14T01:50:13.168-0500][gc,phases    ] GC(5)   Pre Evacuate Collection Set: 0.0ms
[2024-04-14T01:50:13.168-0500][gc,phases    ] GC(5)   Evacuate Collection Set: 2.0ms
[2024-04-14T01:50:13.168-0500][gc,phases    ] GC(5)   Post Evacuate Collection Set: 0.4ms
[2024-04-14T01:50:13.168-0500][gc,phases    ] GC(5)   Other: 0.3ms
[2024-04-14T01:50:13.168-0500][gc,heap      ] GC(5) Eden regions: 24->0(27)
[2024-04-14T01:50:13.168-0500][gc,heap      ] GC(5) Survivor regions: 1->1(4)
[2024-04-14T01:50:13.168-0500][gc,heap      ] GC(5) Old regions: 10->10
[2024-04-14T01:50:13.168-0500][gc,heap      ] GC(5) Humongous regions: 0->0
[2024-04-14T01:50:13.168-0500][gc,metaspace ] GC(5) Metaspace: 9522K(10240K)->9522K(10240K) NonClass: 8523K(8960K)->8523K(8960K) Class: 999K(1280K)->999K(1280K)
[2024-04-14T01:50:13.168-0500][gc           ] GC(5) Pause Young (Normal) (G1 Evacuation Pause) 33M->9M(512M) 2.878ms
[2024-04-14T01:50:13.168-0500][gc,cpu       ] GC(5) User=0.02s Sys=0.00s Real=0.00s
[2024-04-14T10:24:43.571-0500][gc,start     ] GC(6) Pause Young (Normal) (G1 Evacuation Pause)
[2024-04-14T10:24:43.571-0500][gc,task      ] GC(6) Using 12 workers of 15 for evacuation
[2024-04-14T10:24:43.573-0500][gc,phases    ] GC(6)   Pre Evacuate Collection Set: 0.0ms
[2024-04-14T10:24:43.573-0500][gc,phases    ] GC(6)   Evacuate Collection Set: 1.8ms
[2024-04-14T10:24:43.573-0500][gc,phases    ] GC(6)   Post Evacuate Collection Set: 0.5ms
[2024-04-14T10:24:43.573-0500][gc,phases    ] GC(6)   Other: 0.3ms
[2024-04-14T10:24:43.573-0500][gc,heap      ] GC(6) Eden regions: 27->0(30)
[2024-04-14T10:24:43.573-0500][gc,heap      ] GC(6) Survivor regions: 1->1(4)
[2024-04-14T10:24:43.573-0500][gc,heap      ] GC(6) Old regions: 10->10
[2024-04-14T10:24:43.573-0500][gc,heap      ] GC(6) Humongous regions: 0->0
[2024-04-14T10:24:43.573-0500][gc,metaspace ] GC(6) Metaspace: 9522K(10240K)->9522K(10240K) NonClass: 8523K(8960K)->8523K(8960K) Class: 999K(1280K)->999K(1280K)
[2024-04-14T10:24:43.573-0500][gc           ] GC(6) Pause Young (Normal) (G1 Evacuation Pause) 36M->9M(512M) 2.647ms
[2024-04-14T10:24:43.574-0500][gc,cpu       ] GC(6) User=0.01s Sys=0.01s Real=0.00s
[2024-04-14T20:00:29.895-0500][gc,start     ] GC(7) Pause Young (Normal) (G1 Evacuation Pause)
[2024-04-14T20:00:29.895-0500][gc,task      ] GC(7) Using 12 workers of 15 for evacuation
[2024-04-14T20:00:29.897-0500][gc,phases    ] GC(7)   Pre Evacuate Collection Set: 0.0ms
[2024-04-14T20:00:29.897-0500][gc,phases    ] GC(7)   Evacuate Collection Set: 1.6ms
[2024-04-14T20:00:29.897-0500][gc,phases    ] GC(7)   Post Evacuate Collection Set: 0.5ms
[2024-04-14T20:00:29.897-0500][gc,phases    ] GC(7)   Other: 0.3ms
[2024-04-14T20:00:29.897-0500][gc,heap      ] GC(7) Eden regions: 30->0(34)
[2024-04-14T20:00:29.897-0500][gc,heap      ] GC(7) Survivor regions: 1->1(4)
[2024-04-14T20:00:29.897-0500][gc,heap      ] GC(7) Old regions: 10->10
[2024-04-14T20:00:29.897-0500][gc,heap      ] GC(7) Humongous regions: 0->0
[2024-04-14T20:00:29.897-0500][gc,metaspace ] GC(7) Metaspace: 9525K(10240K)->9525K(10240K) NonClass: 8525K(8960K)->8525K(8960K) Class: 999K(1280K)->999K(1280K)
[2024-04-14T20:00:29.897-0500][gc           ] GC(7) Pause Young (Normal) (G1 Evacuation Pause) 39M->9M(512M) 2.464ms
[2024-04-14T20:00:29.897-0500][gc,cpu       ] GC(7) User=0.01s Sys=0.01s Real=0.00s
[2024-04-15T07:00:03.182-0500][gc,start     ] GC(8) Pause Young (Normal) (G1 Evacuation Pause)
[2024-04-15T07:00:03.182-0500][gc,task      ] GC(8) Using 12 workers of 15 for evacuation
[2024-04-15T07:00:03.184-0500][gc,phases    ] GC(8)   Pre Evacuate Collection Set: 0.0ms
[2024-04-15T07:00:03.184-0500][gc,phases    ] GC(8)   Evacuate Collection Set: 1.7ms
[2024-04-15T07:00:03.184-0500][gc,phases    ] GC(8)   Post Evacuate Collection Set: 0.5ms
[2024-04-15T07:00:03.184-0500][gc,phases    ] GC(8)   Other: 0.3ms
[2024-04-15T07:00:03.184-0500][gc,heap      ] GC(8) Eden regions: 34->0(40)
[2024-04-15T07:00:03.184-0500][gc,heap      ] GC(8) Survivor regions: 1->1(5)
[2024-04-15T07:00:03.184-0500][gc,heap      ] GC(8) Old regions: 10->10
[2024-04-15T07:00:03.184-0500][gc,heap      ] GC(8) Humongous regions: 0->0
[2024-04-15T07:00:03.184-0500][gc,metaspace ] GC(8) Metaspace: 9525K(10240K)->9525K(10240K) NonClass: 8525K(8960K)->8525K(8960K) Class: 999K(1280K)->999K(1280K)
[2024-04-15T07:00:03.184-0500][gc           ] GC(8) Pause Young (Normal) (G1 Evacuation Pause) 43M->9M(512M) 2.690ms
[2024-04-15T07:00:03.184-0500][gc,cpu       ] GC(8) User=0.02s Sys=0.00s Real=0.01s
[2024-04-15T16:02:36.163-0500][gc,heap,exit ] Heap
[2024-04-15T16:02:36.163-0500][gc,heap,exit ]  garbage-first heap   total 524288K, used 38090K [0x00000000e0000000, 0x0000000100000000)
[2024-04-15T16:02:36.163-0500][gc,heap,exit ]   region size 1024K, 30 young (30720K), 1 survivors (1024K)
[2024-04-15T16:02:36.163-0500][gc,heap,exit ]  Metaspace       used 9529K, capacity 9912K, committed 10240K, reserved 1058816K
[2024-04-15T16:02:36.163-0500][gc,heap,exit ]   class space    used 999K, capacity 1163K, committed 1280K, reserved 1048576K
